../uC-LIB/lib_mem.c:2336:15:Mem_SegCreateCritical	0	static
../uC-LIB/lib_mem.c:2386:19:Mem_SegOverlapChkCritical	4	static
../uC-LIB/lib_mem.c:2564:16:Mem_SegAllocExtCritical	8	static
../uC-LIB/lib_mem.c:2471:16:Mem_SegAllocInternal	32	static
../uC-LIB/lib_mem.c:2720:15:Mem_DynPoolCreateInternal	56	static
../uC-LIB/lib_mem.c:291:7:Mem_Set	0	static
../uC-LIB/lib_mem.c:250:7:Mem_Clr	8	static
../uC-LIB/lib_mem.c:510:7:Mem_Move	8	static
../uC-LIB/lib_mem.c:634:14:Mem_Cmp	12	static
../uC-LIB/lib_mem.c:763:8:Mem_HeapAlloc	24	static
../uC-LIB/lib_mem.c:873:7:Mem_SegCreate	32	static
../uC-LIB/lib_mem.c:195:7:Mem_Init	24	static
../uC-LIB/lib_mem.c:958:7:Mem_SegClr	16	static
../uC-LIB/lib_mem.c:1014:13:Mem_SegRemSizeGet	24	static
../uC-LIB/lib_mem.c:815:13:Mem_HeapGetSizeRem	8	static
../uC-LIB/lib_mem.c:1109:8:Mem_SegAlloc	24	static
../uC-LIB/lib_mem.c:1176:8:Mem_SegAllocExt	24	static
../uC-LIB/lib_mem.c:1246:8:Mem_SegAllocHW	24	static
../uC-LIB/lib_mem.c:1546:7:Mem_PoolClr	0	static
../uC-LIB/lib_mem.c:1347:7:Mem_PoolCreate	56	static
../uC-LIB/lib_mem.c:1602:8:Mem_PoolBlkGet	16	static
../uC-LIB/lib_mem.c:1685:7:Mem_PoolBlkFree	16	static
../uC-LIB/lib_mem.c:1769:19:Mem_PoolBlkGetNbrAvail	16	static
../uC-LIB/lib_mem.c:1845:7:Mem_DynPoolCreate	32	static
../uC-LIB/lib_mem.c:1918:7:Mem_DynPoolCreateHW	32	static
../uC-LIB/lib_mem.c:1978:8:Mem_DynPoolBlkGet	32	static
../uC-LIB/lib_mem.c:2072:7:Mem_DynPoolBlkFree	16	static
../uC-LIB/lib_mem.c:2142:13:Mem_DynPoolBlkNbrAvailGet	16	static
