../Drivers/STM32F4xx_HAL_Driver/Src/stm32f4xx_ll_tim.c:740:20:OC1Config	8	static
../Drivers/STM32F4xx_HAL_Driver/Src/stm32f4xx_ll_tim.c:819:20:OC2Config	8	static
../Drivers/STM32F4xx_HAL_Driver/Src/stm32f4xx_ll_tim.c:898:20:OC3Config	8	static
../Drivers/STM32F4xx_HAL_Driver/Src/stm32f4xx_ll_tim.c:977:20:OC4Config	8	static
../Drivers/STM32F4xx_HAL_Driver/Src/stm32f4xx_ll_tim.c:1044:20:IC1Config	4	static
../Drivers/STM32F4xx_HAL_Driver/Src/stm32f4xx_ll_tim.c:1077:20:IC2Config	4	static
../Drivers/STM32F4xx_HAL_Driver/Src/stm32f4xx_ll_tim.c:1110:20:IC3Config	4	static
../Drivers/STM32F4xx_HAL_Driver/Src/stm32f4xx_ll_tim.c:1143:20:IC4Config	4	static
../Drivers/STM32F4xx_HAL_Driver/Src/stm32f4xx_ll_tim.c:168:13:LL_TIM_DeInit	0	static
../Drivers/STM32F4xx_HAL_Driver/Src/stm32f4xx_ll_tim.c:285:6:LL_TIM_StructInit	0	static
../Drivers/STM32F4xx_HAL_Driver/Src/stm32f4xx_ll_tim.c:304:13:LL_TIM_Init	0	static
../Drivers/STM32F4xx_HAL_Driver/Src/stm32f4xx_ll_tim.c:356:6:LL_TIM_OC_StructInit	0	static
../Drivers/STM32F4xx_HAL_Driver/Src/stm32f4xx_ll_tim.c:383:13:LL_TIM_OC_Init	8	static
../Drivers/STM32F4xx_HAL_Driver/Src/stm32f4xx_ll_tim.c:415:6:LL_TIM_IC_StructInit	0	static
../Drivers/STM32F4xx_HAL_Driver/Src/stm32f4xx_ll_tim.c:438:13:LL_TIM_IC_Init	8	static
../Drivers/STM32F4xx_HAL_Driver/Src/stm32f4xx_ll_tim.c:469:6:LL_TIM_ENCODER_StructInit	0	static
../Drivers/STM32F4xx_HAL_Driver/Src/stm32f4xx_ll_tim.c:492:13:LL_TIM_ENCODER_Init	4	static
../Drivers/STM32F4xx_HAL_Driver/Src/stm32f4xx_ll_tim.c:555:6:LL_TIM_HALLSENSOR_StructInit	0	static
../Drivers/STM32F4xx_HAL_Driver/Src/stm32f4xx_ll_tim.c:585:13:LL_TIM_HALLSENSOR_Init	8	static
../Drivers/STM32F4xx_HAL_Driver/Src/stm32f4xx_ll_tim.c:664:6:LL_TIM_BDTR_StructInit	0	static
../Drivers/STM32F4xx_HAL_Driver/Src/stm32f4xx_ll_tim.c:690:13:LL_TIM_BDTR_Init	0	static
