C:/Controle_CABO/CC_Cabo/C_Cabo/Controle_Cabo/Drivers/STM32F4xx_HAL_Driver/Inc/stm32f4xx_ll_gpio.h:273:22:LL_GPIO_SetPinMode	4	static,ignoring_inline_asm
C:/Controle_CABO/CC_Cabo/C_Cabo/Controle_Cabo/Drivers/STM32F4xx_HAL_Driver/Inc/stm32f4xx_ll_gpio.h:413:22:LL_GPIO_SetPinSpeed	4	static,ignoring_inline_asm
C:/Controle_CABO/CC_Cabo/C_Cabo/Controle_Cabo/Drivers/STM32F4xx_HAL_Driver/Inc/stm32f4xx_ll_gpio.h:484:22:LL_GPIO_SetPinPull	4	static,ignoring_inline_asm
C:/Controle_CABO/CC_Cabo/C_Cabo/Controle_Cabo/Drivers/STM32F4xx_HAL_Driver/Inc/stm32f4xx_ll_gpio.h:556:22:LL_GPIO_SetAFPin_0_7	4	static,ignoring_inline_asm
C:/Controle_CABO/CC_Cabo/C_Cabo/Controle_Cabo/Drivers/STM32F4xx_HAL_Driver/Inc/stm32f4xx_ll_gpio.h:633:22:LL_GPIO_SetAFPin_8_15	4	static,ignoring_inline_asm
../Drivers/STM32F4xx_HAL_Driver/Src/stm32f4xx_ll_gpio.c:103:13:LL_GPIO_DeInit	0	static
../Drivers/STM32F4xx_HAL_Driver/Src/stm32f4xx_ll_gpio.c:199:13:LL_GPIO_Init	24	static,ignoring_inline_asm
../Drivers/STM32F4xx_HAL_Driver/Src/stm32f4xx_ll_gpio.c:273:6:LL_GPIO_StructInit	0	static
