Archive member included to satisfy reference by file (symbol)

C:/ST/STM32CubeIDE_1.11.0/STM32CubeIDE/plugins/com.st.stm32cube.ide.mcu.externaltools.gnu-tools-for-stm32.12.3.rel1.win32_1.0.200.202406191623/tools/bin/../lib/gcc/arm-none-eabi/12.3.1/../../../../arm-none-eabi/lib/thumb/v7e-m+fp/hard\libc_nano.a(libc_a-exit.o)
                              C:/ST/STM32CubeIDE_1.11.0/STM32CubeIDE/plugins/com.st.stm32cube.ide.mcu.externaltools.gnu-tools-for-stm32.12.3.rel1.win32_1.0.200.202406191623/tools/bin/../lib/gcc/arm-none-eabi/12.3.1/../../../../arm-none-eabi/lib/thumb/v7e-m+fp/hard/crt0.o (exit)
C:/ST/STM32CubeIDE_1.11.0/STM32CubeIDE/plugins/com.st.stm32cube.ide.mcu.externaltools.gnu-tools-for-stm32.12.3.rel1.win32_1.0.200.202406191623/tools/bin/../lib/gcc/arm-none-eabi/12.3.1/../../../../arm-none-eabi/lib/thumb/v7e-m+fp/hard\libc_nano.a(libc_a-findfp.o)
                              C:/ST/STM32CubeIDE_1.11.0/STM32CubeIDE/plugins/com.st.stm32cube.ide.mcu.externaltools.gnu-tools-for-stm32.12.3.rel1.win32_1.0.200.202406191623/tools/bin/../lib/gcc/arm-none-eabi/12.3.1/../../../../arm-none-eabi/lib/thumb/v7e-m+fp/hard\libc_nano.a(libc_a-exit.o) (__stdio_exit_handler)
C:/ST/STM32CubeIDE_1.11.0/STM32CubeIDE/plugins/com.st.stm32cube.ide.mcu.externaltools.gnu-tools-for-stm32.12.3.rel1.win32_1.0.200.202406191623/tools/bin/../lib/gcc/arm-none-eabi/12.3.1/../../../../arm-none-eabi/lib/thumb/v7e-m+fp/hard\libc_nano.a(libc_a-fwalk.o)
                              C:/ST/STM32CubeIDE_1.11.0/STM32CubeIDE/plugins/com.st.stm32cube.ide.mcu.externaltools.gnu-tools-for-stm32.12.3.rel1.win32_1.0.200.202406191623/tools/bin/../lib/gcc/arm-none-eabi/12.3.1/../../../../arm-none-eabi/lib/thumb/v7e-m+fp/hard\libc_nano.a(libc_a-findfp.o) (_fwalk_sglue)
C:/ST/STM32CubeIDE_1.11.0/STM32CubeIDE/plugins/com.st.stm32cube.ide.mcu.externaltools.gnu-tools-for-stm32.12.3.rel1.win32_1.0.200.202406191623/tools/bin/../lib/gcc/arm-none-eabi/12.3.1/../../../../arm-none-eabi/lib/thumb/v7e-m+fp/hard\libc_nano.a(libc_a-stdio.o)
                              C:/ST/STM32CubeIDE_1.11.0/STM32CubeIDE/plugins/com.st.stm32cube.ide.mcu.externaltools.gnu-tools-for-stm32.12.3.rel1.win32_1.0.200.202406191623/tools/bin/../lib/gcc/arm-none-eabi/12.3.1/../../../../arm-none-eabi/lib/thumb/v7e-m+fp/hard\libc_nano.a(libc_a-findfp.o) (__sread)
C:/ST/STM32CubeIDE_1.11.0/STM32CubeIDE/plugins/com.st.stm32cube.ide.mcu.externaltools.gnu-tools-for-stm32.12.3.rel1.win32_1.0.200.202406191623/tools/bin/../lib/gcc/arm-none-eabi/12.3.1/../../../../arm-none-eabi/lib/thumb/v7e-m+fp/hard\libc_nano.a(libc_a-memset.o)
                              C:/ST/STM32CubeIDE_1.11.0/STM32CubeIDE/plugins/com.st.stm32cube.ide.mcu.externaltools.gnu-tools-for-stm32.12.3.rel1.win32_1.0.200.202406191623/tools/bin/../lib/gcc/arm-none-eabi/12.3.1/../../../../arm-none-eabi/lib/thumb/v7e-m+fp/hard/crt0.o (memset)
C:/ST/STM32CubeIDE_1.11.0/STM32CubeIDE/plugins/com.st.stm32cube.ide.mcu.externaltools.gnu-tools-for-stm32.12.3.rel1.win32_1.0.200.202406191623/tools/bin/../lib/gcc/arm-none-eabi/12.3.1/../../../../arm-none-eabi/lib/thumb/v7e-m+fp/hard\libc_nano.a(libc_a-closer.o)
                              C:/ST/STM32CubeIDE_1.11.0/STM32CubeIDE/plugins/com.st.stm32cube.ide.mcu.externaltools.gnu-tools-for-stm32.12.3.rel1.win32_1.0.200.202406191623/tools/bin/../lib/gcc/arm-none-eabi/12.3.1/../../../../arm-none-eabi/lib/thumb/v7e-m+fp/hard\libc_nano.a(libc_a-stdio.o) (_close_r)
C:/ST/STM32CubeIDE_1.11.0/STM32CubeIDE/plugins/com.st.stm32cube.ide.mcu.externaltools.gnu-tools-for-stm32.12.3.rel1.win32_1.0.200.202406191623/tools/bin/../lib/gcc/arm-none-eabi/12.3.1/../../../../arm-none-eabi/lib/thumb/v7e-m+fp/hard\libc_nano.a(libc_a-reent.o)
                              C:/ST/STM32CubeIDE_1.11.0/STM32CubeIDE/plugins/com.st.stm32cube.ide.mcu.externaltools.gnu-tools-for-stm32.12.3.rel1.win32_1.0.200.202406191623/tools/bin/../lib/gcc/arm-none-eabi/12.3.1/../../../../arm-none-eabi/lib/thumb/v7e-m+fp/hard\libc_nano.a(libc_a-closer.o) (errno)
C:/ST/STM32CubeIDE_1.11.0/STM32CubeIDE/plugins/com.st.stm32cube.ide.mcu.externaltools.gnu-tools-for-stm32.12.3.rel1.win32_1.0.200.202406191623/tools/bin/../lib/gcc/arm-none-eabi/12.3.1/../../../../arm-none-eabi/lib/thumb/v7e-m+fp/hard\libc_nano.a(libc_a-impure.o)
                              C:/ST/STM32CubeIDE_1.11.0/STM32CubeIDE/plugins/com.st.stm32cube.ide.mcu.externaltools.gnu-tools-for-stm32.12.3.rel1.win32_1.0.200.202406191623/tools/bin/../lib/gcc/arm-none-eabi/12.3.1/../../../../arm-none-eabi/lib/thumb/v7e-m+fp/hard\libc_nano.a(libc_a-reent.o) (_impure_ptr)
C:/ST/STM32CubeIDE_1.11.0/STM32CubeIDE/plugins/com.st.stm32cube.ide.mcu.externaltools.gnu-tools-for-stm32.12.3.rel1.win32_1.0.200.202406191623/tools/bin/../lib/gcc/arm-none-eabi/12.3.1/../../../../arm-none-eabi/lib/thumb/v7e-m+fp/hard\libc_nano.a(libc_a-lseekr.o)
[...]
Memory Configuration

Name             Origin             Length             Attributes
CCMRAM           0x10000000         0x00010000         xrw
RAM              0x20000000         0x00020000         xrw
FLASH            0x08000000         0x00100000         xr
*default*        0x00000000         0xffffffff

Linker script and memory map

LOAD C:/ST/STM32CubeIDE_1.11.0/STM32CubeIDE/plugins/com.st.stm32cube.ide.mcu.externaltools.gnu-tools-for-stm32.12.3.rel1.win32_1.0.200.202406191623/tools/bin/../lib/gcc/arm-none-eabi/12.3.1/thumb/v7e-m+fp/hard/crti.o
LOAD C:/ST/STM32CubeIDE_1.11.0/STM32CubeIDE/plugins/com.st.stm32cube.ide.mcu.externaltools.gnu-tools-for-stm32.12.3.rel1.win32_1.0.200.202406191623/tools/bin/../lib/gcc/arm-none-eabi/12.3.1/thumb/v7e-m+fp/hard/crtbegin.o
LOAD C:/ST/STM32CubeIDE_1.11.0/STM32CubeIDE/plugins/com.st.stm32cube.ide.mcu.externaltools.gnu-tools-for-stm32.12.3.rel1.win32_1.0.200.202406191623/tools/bin/../lib/gcc/arm-none-eabi/12.3.1/../../../../arm-none-eabi/lib/thumb/v7e-m+fp/hard/crt0.o
LOAD ./App/Config/os_app_hooks.o
LOAD ./App/Src/bobina.o
LOAD ./App/Src/carroTransversal.o
LOAD ./App/Src/main.o
LOAD ./App/Src/perifericos.o
LOAD ./App/Src/stm32f4xx_hal_msp.o
LOAD ./App/Src/stm32f4xx_it.o
LOAD ./Drivers/STM32F4xx_HAL_Driver/Src/stm32f4xx_hal.o
LOAD ./Drivers/STM32F4xx_HAL_Driver/Src/stm32f4xx_hal_adc.o
LOAD ./Drivers/STM32F4xx_HAL_Driver/Src/stm32f4xx_hal_adc_ex.o
LOAD ./Drivers/STM32F4xx_HAL_Driver/Src/stm32f4xx_hal_cortex.o
LOAD ./Drivers/STM32F4xx_HAL_Driver/Src/stm32f4xx_hal_dac.o
LOAD ./Drivers/STM32F4xx_HAL_Driver/Src/stm32f4xx_hal_dac_ex.o
LOAD ./Drivers/STM32F4xx_HAL_Driver/Src/stm32f4xx_hal_dma.o
LOAD ./Drivers/STM32F4xx_HAL_Driver/Src/stm32f4xx_hal_dma_ex.o
LOAD ./Drivers/STM32F4xx_HAL_Driver/Src/stm32f4xx_hal_exti.o
LOAD ./Drivers/STM32F4xx_HAL_Driver/Src/stm32f4xx_hal_flash.o
LOAD ./Drivers/STM32F4xx_HAL_Driver/Src/stm32f4xx_hal_flash_ex.o
LOAD ./Drivers/STM32F4xx_HAL_Driver/Src/stm32f4xx_hal_flash_ramfunc.o
LOAD ./Drivers/STM32F4xx_HAL_Driver/Src/stm32f4xx_hal_gpio.o
LOAD ./Drivers/STM32F4xx_HAL_Driver/Src/stm32f4xx_hal_pwr.o
LOAD ./Drivers/STM32F4xx_HAL_Driver/Src/stm32f4xx_hal_pwr_ex.o
LOAD ./Drivers/STM32F4xx_HAL_Driver/Src/stm32f4xx_hal_rcc.o
LOAD ./Drivers/STM32F4xx_HAL_Driver/Src/stm32f4xx_hal_rcc_ex.o
LOAD ./Drivers/STM32F4xx_HAL_Driver/Src/stm32f4xx_hal_tim.o
LOAD ./Drivers/STM32F4xx_HAL_Driver/Src/stm32f4xx_hal_tim_ex.o
LOAD ./Drivers/STM32F4xx_HAL_Driver/Src/stm32f4xx_ll_adc.o
LOAD ./System/Startup/startup_stm32f407zgtx.o
LOAD ./System/syscalls.o
LOAD ./System/sysmem.o
LOAD ./System/system_stm32f4xx.o
LOAD ./uC-CPU/ARM-Cortex-M/ARMv7-M/GNU/cpu_a.o
LOAD ./uC-CPU/ARM-Cortex-M/ARMv7-M/cpu_c.o
LOAD ./uC-CPU/Cache/ARM/armv7m_generic_l1/cpu_cache_armv7m_generic_l1.o
LOAD ./uC-CPU/bsp_cpu.o
LOAD ./uC-CPU/cpu_core.o
LOAD ./uC-LIB/Ports/ARM-Cortex-M4/GNU/lib_mem_a.o
LOAD ./uC-LIB/lib_ascii.o
LOAD ./uC-LIB/lib_math.o
LOAD ./uC-LIB/lib_mem.o
LOAD ./uC-LIB/lib_str.o
LOAD ./uC-OS3/Ports/ARM-Cortex-M/ARMv7-M/GNU/os_cpu_a.o
LOAD ./uC-OS3/Ports/ARM-Cortex-M/ARMv7-M/os_cpu_c.o
LOAD ./uC-OS3/Source/os_cfg_app.o
LOAD ./uC-OS3/Source/os_core.o
LOAD ./uC-OS3/Source/os_dbg.o
LOAD ./uC-OS3/Source/os_flag.o
LOAD ./uC-OS3/Source/os_mem.o
LOAD ./uC-OS3/Source/os_msg.o
LOAD ./uC-OS3/Source/os_mutex.o
LOAD ./uC-OS3/Source/os_prio.o
LOAD ./uC-OS3/Source/os_q.o
LOAD ./uC-OS3/Source/os_sem.o
LOAD ./uC-OS3/Source/os_stat.o
LOAD ./uC-OS3/Source/os_task.o
LOAD ./uC-OS3/Source/os_tick.o
LOAD ./uC-OS3/Source/os_time.o
LOAD ./uC-OS3/Source/os_tmr.o
LOAD ./uC-OS3/Source/os_var.o
LOAD ./uC-OS3/TLS/NewLib/os_tls.o
LOAD ./uC-OS3/Template/bsp_os_dt.o
START GROUP
LOAD C:/ST/STM32CubeIDE_1.11.0/STM32CubeIDE/plugins/com.st.stm32cube.ide.mcu.externaltools.gnu-tools-for-stm32.12.3.rel1.win32_1.0.200.202406191623/tools/bin/../lib/gcc/arm-none-eabi/12.3.1/../../../../arm-none-eabi/lib/thumb/v7e-m+fp/hard\libc_nano.a
LOAD C:/ST/STM32CubeIDE_1.11.0/STM32CubeIDE/plugins/com.st.stm32cube.ide.mcu.externaltools.gnu-tools-for-stm32.12.3.rel1.win32_1.0.200.202406191623/tools/bin/../lib/gcc/arm-none-eabi/12.3.1/../../../../arm-none-eabi/lib/thumb/v7e-m+fp/hard\libm.a
END GROUP
START GROUP
LOAD C:/ST/STM32CubeIDE_1.11.0/STM32CubeIDE/plugins/com.st.stm32cube.ide.mcu.externaltools.gnu-tools-for-stm32.12.3.rel1.win32_1.0.200.202406191623/tools/bin/../lib/gcc/arm-none-eabi/12.3.1/thumb/v7e-m+fp/hard\libgcc.a
LOAD C:/ST/STM32CubeIDE_1.11.0/STM32CubeIDE/plugins/com.st.stm32cube.ide.mcu.externaltools.gnu-tools-for-stm32.12.3.rel1.win32_1.0.200.202406191623/tools/bin/../lib/gcc/arm-none-eabi/12.3.1/../../../../arm-none-eabi/lib/thumb/v7e-m+fp/hard\libc_nano.a
END GROUP
START GROUP
LOAD C:/ST/STM32CubeIDE_1.11.0/STM32CubeIDE/plugins/com.st.stm32cube.ide.mcu.externaltools.gnu-tools-for-stm32.12.3.rel1.win32_1.0.200.202406191623/tools/bin/../lib/gcc/arm-none-eabi/12.3.1/thumb/v7e-m+fp/hard\libgcc.a
LOAD C:/ST/STM32CubeIDE_1.11.0/STM32CubeIDE/plugins/com.st.stm32cube.ide.mcu.externaltools.gnu-tools-for-stm32.12.3.rel1.win32_1.0.200.202406191623/tools/bin/../lib/gcc/arm-none-eabi/12.3.1/../../../../arm-none-eabi/lib/thumb/v7e-m+fp/hard\libc_nano.a
LOAD C:/ST/STM32CubeIDE_1.11.0/STM32CubeIDE/plugins/com.st.stm32cube.ide.mcu.externaltools.gnu-tools-for-stm32.12.3.rel1.win32_1.0.200.202406191623/tools/bin/../lib/gcc/arm-none-eabi/12.3.1/../../../../arm-none-eabi/lib/thumb/v7e-m+fp/hard\libnosys.a
END GROUP
START GROUP
LOAD C:/ST/STM32CubeIDE_1.11.0/STM32CubeIDE/plugins/com.st.stm32cube.ide.mcu.externaltools.gnu-tools-for-stm32.12.3.rel1.win32_1.0.200.202406191623/tools/bin/../lib/gcc/arm-none-eabi/12.3.1/thumb/v7e-m+fp/hard\libgcc.a
LOAD C:/ST/STM32CubeIDE_1.11.0/STM32CubeIDE/plugins/com.st.stm32cube.ide.mcu.externaltools.gnu-tools-for-stm32.12.3.rel1.win32_1.0.200.202406191623/tools/bin/../lib/gcc/arm-none-eabi/12.3.1/../../../../arm-none-eabi/lib/thumb/v7e-m+fp/hard\libc_nano.a
LOAD C:/ST/STM32CubeIDE_1.11.0/STM32CubeIDE/plugins/com.st.stm32cube.ide.mcu.externaltools.gnu-tools-for-stm32.12.3.rel1.win32_1.0.200.202406191623/tools/bin/../lib/gcc/arm-none-eabi/12.3.1/../../../../arm-none-eabi/lib/thumb/v7e-m+fp/hard\libnosys.a
END GROUP
LOAD C:/ST/STM32CubeIDE_1.11.0/STM32CubeIDE/plugins/com.st.stm32cube.ide.mcu.externaltools.gnu-tools-for-stm32.12.3.rel1.win32_1.0.200.202406191623/tools/bin/../lib/gcc/arm-none-eabi/12.3.1/thumb/v7e-m+fp/hard/crtend.o
LOAD C:/ST/STM32CubeIDE_1.11.0/STM32CubeIDE/plugins/com.st.stm32cube.ide.mcu.externaltools.gnu-tools-for-stm32.12.3.rel1.win32_1.0.200.202406191623/tools/bin/../lib/gcc/arm-none-eabi/12.3.1/thumb/v7e-m+fp/hard/crtn.o
                0x20020000                        _estack = (ORIGIN (RAM) + LENGTH (RAM))
                0x00000200                        _Min_Heap_Size = 0x200
                0x00000400                        _Min_Stack_Size = 0x400

.isr_vector     0x08000000      0x188
                0x08000000                        . = ALIGN (0x4)
 *(.isr_vector)
 .isr_vector    0x08000000      0x188 ./System/Startup/startup_stm32f407zgtx.o
                0x08000000                g_pfnVectors
                0x08000188                        . = ALIGN (0x4)

.text           0x08000188     0x57a0
                0x08000188                        . = ALIGN (0x4)
 *(.text)
 .text          0x08000188       0x40 C:/ST/STM32CubeIDE_1.11.0/STM32CubeIDE/plugins/com.st.stm32cube.ide.mcu.externaltools.gnu-tools-for-stm32.12.3.rel1.win32_1.0.200.202406191623/tools/bin/../lib/gcc/arm-none-eabi/12.3.1/thumb/v7e-m+fp/hard/crtbegin.o
 .text          0x080001c8       0x54 ./uC-CPU/ARM-Cortex-M/ARMv7-M/GNU/cpu_a.o
                0x080001c8                CPU_IntDis
                0x080001cc                CPU_IntEn
                0x080001d0                CPU_SR_Save
                0x080001ec                CPU_SR_Restore
                0x080001fe                CPU_WaitForInt
                0x08000202                CPU_WaitForExcept
                0x08000206                CPU_CntLeadZeros
                0x0800020c                CPU_CntTrailZeros
                0x08000216                CPU_RevBits
 .text          0x0800021c      0x118 ./uC-OS3/Ports/ARM-Cortex-M/ARMv7-M/GNU/os_cpu_a.o
                0x0800021c                OSStartHighRdy
                0x0800029a                OSIntCtxSw
                0x0800029a                OSCtxSw
                0x080002a4                OS_CPU_PendSVHandler
 .text          0x08000334      0x254 C:/ST/STM32CubeIDE_1.11.0/STM32CubeIDE/plugins/com.st.stm32cube.ide.mcu.externaltools.gnu-tools-for-stm32.12.3.rel1.win32_1.0.200.202406191623/tools/bin/../lib/gcc/arm-none-eabi/12.3.1/thumb/v7e-m+fp/hard\libgcc.a(_arm_muldf3.o)
                0x08000334                __muldf3
                0x08000334                __aeabi_dmul
 .text          0x08000588      0x378 C:/ST/STM32CubeIDE_1.11.0/STM32CubeIDE/plugins/com.st.stm32cube.ide.mcu.externaltools.gnu-tools-for-stm32.12.3.rel1.win32_1.0.200.202406191623/tools/bin/../lib/gcc/arm-none-eabi/12.3.1/thumb/v7e-m+fp/hard\libgcc.a(_arm_addsubdf3.o)
                0x08000588                __aeabi_drsub
                0x08000590                __aeabi_dsub
                0x08000590                __subdf3
                0x08000594                __aeabi_dadd
                0x08000594                __adddf3
                0x0800080c                __floatunsidf
                0x0800080c                __aeabi_ui2d
                0x0800082c                __floatsidf
                0x0800082c                __aeabi_i2d
                0x08000850                __aeabi_f2d
                0x08000850                __extendsfdf2
                0x08000894                __floatundidf
                0x08000894                __aeabi_ul2d
                0x080008a4                __floatdidf
                0x080008a4                __aeabi_l2d
 .text          0x08000900       0xa0 C:/ST/STM32CubeIDE_1.11.0/STM32CubeIDE/plugins/com.st.stm32cube.ide.mcu.externaltools.gnu-tools-for-stm32.12.3.rel1.win32_1.0.200.202406191623/tools/bin/../lib/gcc/arm-none-eabi/12.3.1/thumb/v7e-m+fp/hard\libgcc.a(_arm_truncdfsf2.o)
                0x08000900                __truncdfsf2
                0x08000900                __aeabi_d2f
 .text          0x080009a0       0x30 C:/ST/STM32CubeIDE_1.11.0/STM32CubeIDE/plugins/com.st.stm32cube.ide.mcu.externaltools.gnu-tools-for-stm32.12.3.rel1.win32_1.0.200.202406191623/tools/bin/../lib/gcc/arm-none-eabi/12.3.1/thumb/v7e-m+fp/hard\libgcc.a(_aeabi_uldivmod.o)
                0x080009a0                __aeabi_uldivmod
 .text          0x080009d0      0x2bc C:/ST/STM32CubeIDE_1.11.0/STM32CubeIDE/plugins/com.st.stm32cube.ide.mcu.externaltools.gnu-tools-for-stm32.12.3.rel1.win32_1.0.200.202406191623/tools/bin/../lib/gcc/arm-none-eabi/12.3.1/thumb/v7e-m+fp/hard\libgcc.a(_udivmoddi4.o)
                0x080009d0                __udivmoddi4
 .text          0x08000c8c        0x4 C:/ST/STM32CubeIDE_1.11.0/STM32CubeIDE/plugins/com.st.stm32cube.ide.mcu.externaltools.gnu-tools-for-stm32.12.3.rel1.win32_1.0.200.202406191623/tools/bin/../lib/gcc/arm-none-eabi/12.3.1/thumb/v7e-m+fp/hard\libgcc.a(_dvmd_tls.o)
                0x08000c8c                __aeabi_idiv0
                0x08000c8c                __aeabi_ldiv0
 *(.text*)
 .text.motorBobinaTask
                0x08000c90       0xe8 ./App/Src/bobina.o
 .text.HAL_ADC_ConvCpltCallback
                0x08000d78       0x2c ./App/Src/bobina.o
                0x08000d78                HAL_ADC_ConvCpltCallback
 .text.motorBobinaCreateTask
                0x08000da4       0x50 ./App/Src/bobina.o
                0x08000da4                motorBobinaCreateTask
 *fill*         0x08000df4        0x4 
 .text.carroTransversalTask
                0x08000df8      0x21c ./App/Src/carroTransversal.o
 .text.HAL_GPIO_EXTI_Callback
                0x08001014       0xc0 ./App/Src/carroTransversal.o
                0x08001014                HAL_GPIO_EXTI_Callback
 .text.carroTransversalCreateTask
                0x080010d4       0x54 ./App/Src/carroTransversal.o
                0x080010d4                carroTransversalCreateTask
 .text.programStartTask
                0x08001128       0x60 ./App/Src/main.o
 .text.Error_Handler
                0x08001188       0x18 ./App/Src/main.o
                0x08001188                Error_Handler
 .text.startup.main
                0x080011a0       0x90 ./App/Src/main.o
                0x080011a0                main
 .text.SystemClock_Config
                0x08001230       0xb4 ./App/Src/perifericos.o
                0x08001230                SystemClock_Config
 *fill*         0x080012e4        0x4 
 .text.MX_ADC2_Init
                0x080012e8       0x80 ./App/Src/perifericos.o
                0x080012e8                MX_ADC2_Init
 .text.MX_ADC3_Init
                0x08001368       0x90 ./App/Src/perifericos.o
                0x08001368                MX_ADC3_Init
 .text.MX_DAC_Init
                0x080013f8       0x68 ./App/Src/perifericos.o
                0x080013f8                MX_DAC_Init
 .text.MX_TIM1_Init
                0x08001460      0x110 ./App/Src/perifericos.o
                0x08001460                MX_TIM1_Init
 .text.MX_TIM2_Init
                0x08001570       0x74 ./App/Src/perifericos.o
                0x08001570                MX_TIM2_Init
 .text.MX_DMA_Init
                0x080015e4       0x5c ./App/Src/perifericos.o
                0x080015e4                MX_DMA_Init
 .text.MX_GPIO_Init
                0x08001640      0x1b4 ./App/Src/perifericos.o
                0x08001640                MX_GPIO_Init
 .text.HAL_MspInit
                0x080017f4       0x38 ./App/Src/stm32f4xx_hal_msp.o
                0x080017f4                HAL_MspInit
 .text.HAL_ADC_MspInit
                0x0800182c      0x108 ./App/Src/stm32f4xx_hal_msp.o
                0x0800182c                HAL_ADC_MspInit
 .text.HAL_DAC_MspInit
                0x08001934       0xf8 ./App/Src/stm32f4xx_hal_msp.o
                0x08001934                HAL_DAC_MspInit
 .text.HAL_TIM_Base_MspInit
                0x08001a2c       0x58 ./App/Src/stm32f4xx_hal_msp.o
                0x08001a2c                HAL_TIM_Base_MspInit
 *fill*         0x08001a84        0x4 
 .text.HAL_TIM_MspPostInit
                0x08001a88       0x60 ./App/Src/stm32f4xx_hal_msp.o
                0x08001a88                HAL_TIM_MspPostInit
 .text.NMI_Handler
                0x08001ae8        0x4 ./App/Src/stm32f4xx_it.o
                0x08001ae8                NMI_Handler
 .text.HardFault_Handler
                0x08001aec        0x4 ./App/Src/stm32f4xx_it.o
                0x08001aec                HardFault_Handler
 .text.MemManage_Handler
                0x08001af0        0x4 ./App/Src/stm32f4xx_it.o
                0x08001af0                MemManage_Handler
 .text.BusFault_Handler
                0x08001af4        0x4 ./App/Src/stm32f4xx_it.o
                0x08001af4                BusFault_Handler
 .text.UsageFault_Handler
                0x08001af8        0x4 ./App/Src/stm32f4xx_it.o
                0x08001af8                UsageFault_Handler
 .text.SVC_Handler
                0x08001afc        0x4 ./App/Src/stm32f4xx_it.o
                0x08001afc                SVC_Handler
 .text.DebugMon_Handler
                0x08001b00        0x4 ./App/Src/stm32f4xx_it.o
                0x08001b00                DebugMon_Handler
 .text.EXTI3_IRQHandler
                0x08001b04        0x8 ./App/Src/stm32f4xx_it.o
                0x08001b04                EXTI3_IRQHandler
 .text.EXTI15_10_IRQHandler
                0x08001b0c       0x18 ./App/Src/stm32f4xx_it.o
                0x08001b0c                EXTI15_10_IRQHandler
 .text.DMA2_Stream0_IRQHandler
                0x08001b24        0xc ./App/Src/stm32f4xx_it.o
                0x08001b24                DMA2_Stream0_IRQHandler
 .text.DMA2_Stream2_IRQHandler
                0x08001b30        0xc ./App/Src/stm32f4xx_it.o
                0x08001b30                DMA2_Stream2_IRQHandler
 .text.HAL_InitTick
                0x08001b3c       0x48 ./Drivers/STM32F4xx_HAL_Driver/Src/stm32f4xx_hal.o
                0x08001b3c                HAL_InitTick
 .text.HAL_Init
                0x08001b84       0x34 ./Drivers/STM32F4xx_HAL_Driver/Src/stm32f4xx_hal.o
                0x08001b84                HAL_Init
 .text.HAL_GetTick
                0x08001bb8        0xc ./Drivers/STM32F4xx_HAL_Driver/Src/stm32f4xx_hal.o
                0x08001bb8                HAL_GetTick
 .text.HAL_ADC_Init
                0x08001bc4      0x158 ./Drivers/STM32F4xx_HAL_Driver/Src/stm32f4xx_hal_adc.o
                0x08001bc4                HAL_ADC_Init
 .text.HAL_ADC_Start_DMA
                0x08001d1c      0x15c ./Drivers/STM32F4xx_HAL_Driver/Src/stm32f4xx_hal_adc.o
                0x08001d1c                HAL_ADC_Start_DMA
 .text.HAL_ADC_ConvHalfCpltCallback
                0x08001e78        0x4 ./Drivers/STM32F4xx_HAL_Driver/Src/stm32f4xx_hal_adc.o
                0x08001e78                HAL_ADC_ConvHalfCpltCallback
 .text.ADC_DMAHalfConvCplt
                0x08001e7c        0xc ./Drivers/STM32F4xx_HAL_Driver/Src/stm32f4xx_hal_adc.o
 .text.HAL_ADC_ErrorCallback
                0x08001e88        0x4 ./Drivers/STM32F4xx_HAL_Driver/Src/stm32f4xx_hal_adc.o
                0x08001e88                HAL_ADC_ErrorCallback
 .text.ADC_DMAError
                0x08001e8c       0x18 ./Drivers/STM32F4xx_HAL_Driver/Src/stm32f4xx_hal_adc.o
 .text.ADC_DMAConvCplt
                0x08001ea4       0x6c ./Drivers/STM32F4xx_HAL_Driver/Src/stm32f4xx_hal_adc.o
 .text.HAL_ADC_ConfigChannel
                0x08001f10      0x150 ./Drivers/STM32F4xx_HAL_Driver/Src/stm32f4xx_hal_adc.o
                0x08001f10                HAL_ADC_ConfigChannel
 .text.HAL_NVIC_SetPriorityGrouping
                0x08002060       0x24 ./Drivers/STM32F4xx_HAL_Driver/Src/stm32f4xx_hal_cortex.o
                0x08002060                HAL_NVIC_SetPriorityGrouping
 .text.HAL_NVIC_SetPriority
                0x08002084       0x78 ./Drivers/STM32F4xx_HAL_Driver/Src/stm32f4xx_hal_cortex.o
                0x08002084                HAL_NVIC_SetPriority
 .text.HAL_NVIC_EnableIRQ
                0x080020fc       0x1c ./Drivers/STM32F4xx_HAL_Driver/Src/stm32f4xx_hal_cortex.o
                0x080020fc                HAL_NVIC_EnableIRQ
 .text.HAL_SYSTICK_Config
                0x08002118       0x34 ./Drivers/STM32F4xx_HAL_Driver/Src/stm32f4xx_hal_cortex.o
                0x08002118                HAL_SYSTICK_Config
 .text.HAL_DAC_Init
                0x0800214c       0x2c ./Drivers/STM32F4xx_HAL_Driver/Src/stm32f4xx_hal_dac.o
                0x0800214c                HAL_DAC_Init
 .text.HAL_DAC_Start_DMA
                0x08002178       0xf4 ./Drivers/STM32F4xx_HAL_Driver/Src/stm32f4xx_hal_dac.o
                0x08002178                HAL_DAC_Start_DMA
 .text.HAL_DAC_ConvCpltCallbackCh1
                0x0800226c        0x4 ./Drivers/STM32F4xx_HAL_Driver/Src/stm32f4xx_hal_dac.o
                0x0800226c                HAL_DAC_ConvCpltCallbackCh1
 .text.DAC_DMAConvCpltCh1
                0x08002270       0x10 ./Drivers/STM32F4xx_HAL_Driver/Src/stm32f4xx_hal_dac.o
                0x08002270                DAC_DMAConvCpltCh1
 .text.HAL_DAC_ConvHalfCpltCallbackCh1
                0x08002280        0x4 ./Drivers/STM32F4xx_HAL_Driver/Src/stm32f4xx_hal_dac.o
                0x08002280                HAL_DAC_ConvHalfCpltCallbackCh1
 .text.DAC_DMAHalfConvCpltCh1
                0x08002284        0xc ./Drivers/STM32F4xx_HAL_Driver/Src/stm32f4xx_hal_dac.o
                0x08002284                DAC_DMAHalfConvCpltCh1
 .text.HAL_DAC_ErrorCallbackCh1
                0x08002290        0x4 ./Drivers/STM32F4xx_HAL_Driver/Src/stm32f4xx_hal_dac.o
                0x08002290                HAL_DAC_ErrorCallbackCh1
 .text.DAC_DMAErrorCh1
                0x08002294       0x18 ./Drivers/STM32F4xx_HAL_Driver/Src/stm32f4xx_hal_dac.o
                0x08002294                DAC_DMAErrorCh1
 .text.HAL_DAC_ConfigChannel
                0x080022ac       0x54 ./Drivers/STM32F4xx_HAL_Driver/Src/stm32f4xx_hal_dac.o
                0x080022ac                HAL_DAC_ConfigChannel
 .text.HAL_DACEx_ConvCpltCallbackCh2
                0x08002300        0x4 ./Drivers/STM32F4xx_HAL_Driver/Src/stm32f4xx_hal_dac_ex.o
                0x08002300                HAL_DACEx_ConvCpltCallbackCh2
 .text.HAL_DACEx_ConvHalfCpltCallbackCh2
                0x08002304        0x4 ./Drivers/STM32F4xx_HAL_Driver/Src/stm32f4xx_hal_dac_ex.o
                0x08002304                HAL_DACEx_ConvHalfCpltCallbackCh2
 .text.HAL_DACEx_ErrorCallbackCh2
                0x08002308        0x4 ./Drivers/STM32F4xx_HAL_Driver/Src/stm32f4xx_hal_dac_ex.o
                0x08002308                HAL_DACEx_ErrorCallbackCh2
 .text.DAC_DMAConvCpltCh2
                0x0800230c       0x10 ./Drivers/STM32F4xx_HAL_Driver/Src/stm32f4xx_hal_dac_ex.o
                0x0800230c                DAC_DMAConvCpltCh2
 .text.DAC_DMAHalfConvCpltCh2
                0x0800231c        0xc ./Drivers/STM32F4xx_HAL_Driver/Src/stm32f4xx_hal_dac_ex.o
                0x0800231c                DAC_DMAHalfConvCpltCh2
 .text.DAC_DMAErrorCh2
                0x08002328       0x18 ./Drivers/STM32F4xx_HAL_Driver/Src/stm32f4xx_hal_dac_ex.o
                0x08002328                DAC_DMAErrorCh2
 .text.HAL_DMA_Init
                0x08002340      0x12c ./Drivers/STM32F4xx_HAL_Driver/Src/stm32f4xx_hal_dma.o
                0x08002340                HAL_DMA_Init
 .text.HAL_DMA_Start_IT
                0x0800246c       0x78 ./Drivers/STM32F4xx_HAL_Driver/Src/stm32f4xx_hal_dma.o
                0x0800246c                HAL_DMA_Start_IT
 .text.HAL_DMA_IRQHandler
                0x080024e4      0x1ac ./Drivers/STM32F4xx_HAL_Driver/Src/stm32f4xx_hal_dma.o
                0x080024e4                HAL_DMA_IRQHandler
 .text.HAL_GPIO_Init
                0x08002690      0x23c ./Drivers/STM32F4xx_HAL_Driver/Src/stm32f4xx_hal_gpio.o
                0x08002690                HAL_GPIO_Init
 .text.HAL_GPIO_ReadPin
                0x080028cc        0xc ./Drivers/STM32F4xx_HAL_Driver/Src/stm32f4xx_hal_gpio.o
                0x080028cc                HAL_GPIO_ReadPin
 .text.HAL_GPIO_WritePin
                0x080028d8        0x8 ./Drivers/STM32F4xx_HAL_Driver/Src/stm32f4xx_hal_gpio.o
                0x080028d8                HAL_GPIO_WritePin
 .text.HAL_GPIO_TogglePin
                0x080028e0       0x14 ./Drivers/STM32F4xx_HAL_Driver/Src/stm32f4xx_hal_gpio.o
                0x080028e0                HAL_GPIO_TogglePin
 .text.HAL_GPIO_EXTI_IRQHandler
                0x080028f4       0x18 ./Drivers/STM32F4xx_HAL_Driver/Src/stm32f4xx_hal_gpio.o
                0x080028f4                HAL_GPIO_EXTI_IRQHandler
 .text.HAL_RCC_OscConfig
                0x0800290c      0x3c4 ./Drivers/STM32F4xx_HAL_Driver/Src/stm32f4xx_hal_rcc.o
                0x0800290c                HAL_RCC_OscConfig
 .text.HAL_RCC_EnableCSS
                0x08002cd0        0xc ./Drivers/STM32F4xx_HAL_Driver/Src/stm32f4xx_hal_rcc.o
                0x08002cd0                HAL_RCC_EnableCSS
 .text.HAL_RCC_GetSysClockFreq
                0x08002cdc       0x68 ./Drivers/STM32F4xx_HAL_Driver/Src/stm32f4xx_hal_rcc.o
                0x08002cdc                HAL_RCC_GetSysClockFreq
 .text.HAL_RCC_ClockConfig
                0x08002d44      0x13c ./Drivers/STM32F4xx_HAL_Driver/Src/stm32f4xx_hal_rcc.o
                0x08002d44                HAL_RCC_ClockConfig
 .text.HAL_TIM_Base_Init
                0x08002e80      0x130 ./Drivers/STM32F4xx_HAL_Driver/Src/stm32f4xx_hal_tim.o
                0x08002e80                HAL_TIM_Base_Init
 .text.HAL_TIM_Base_Start
                0x08002fb0       0x6c ./Drivers/STM32F4xx_HAL_Driver/Src/stm32f4xx_hal_tim.o
                0x08002fb0                HAL_TIM_Base_Start
 .text.HAL_TIM_PWM_MspInit
                0x0800301c        0x4 ./Drivers/STM32F4xx_HAL_Driver/Src/stm32f4xx_hal_tim.o
                0x0800301c                HAL_TIM_PWM_MspInit
 .text.HAL_TIM_PWM_Init
                0x08003020      0x130 ./Drivers/STM32F4xx_HAL_Driver/Src/stm32f4xx_hal_tim.o
                0x08003020                HAL_TIM_PWM_Init
 .text.HAL_TIM_PWM_Start
                0x08003150       0xcc ./Drivers/STM32F4xx_HAL_Driver/Src/stm32f4xx_hal_tim.o
                0x08003150                HAL_TIM_PWM_Start
 .text.HAL_TIM_PWM_ConfigChannel
                0x0800321c      0x208 ./Drivers/STM32F4xx_HAL_Driver/Src/stm32f4xx_hal_tim.o
                0x0800321c                HAL_TIM_PWM_ConfigChannel
 .text.HAL_TIM_ConfigClockSource
                0x08003424      0x154 ./Drivers/STM32F4xx_HAL_Driver/Src/stm32f4xx_hal_tim.o
                0x08003424                HAL_TIM_ConfigClockSource
 .text.HAL_TIMEx_MasterConfigSynchronization
                0x08003578       0x80 ./Drivers/STM32F4xx_HAL_Driver/Src/stm32f4xx_hal_tim_ex.o
                0x08003578                HAL_TIMEx_MasterConfigSynchronization
 .text.HAL_TIMEx_ConfigBreakDeadTime
                0x080035f8       0x54 ./Drivers/STM32F4xx_HAL_Driver/Src/stm32f4xx_hal_tim_ex.o
                0x080035f8                HAL_TIMEx_ConfigBreakDeadTime
 .text.Reset_Handler
                0x0800364c       0x50 ./System/Startup/startup_stm32f407zgtx.o
                0x0800364c                Reset_Handler
 .text.Default_Handler
                0x0800369c        0x2 ./System/Startup/startup_stm32f407zgtx.o
                0x0800369c                RTC_Alarm_IRQHandler
                0x0800369c                HASH_RNG_IRQHandler
                0x0800369c                EXTI2_IRQHandler
                0x0800369c                TIM8_CC_IRQHandler
                0x0800369c                TIM1_CC_IRQHandler
                0x0800369c                DMA2_Stream5_IRQHandler
                0x0800369c                DMA1_Stream5_IRQHandler
                0x0800369c                PVD_IRQHandler
                0x0800369c                SDIO_IRQHandler
                0x0800369c                TAMP_STAMP_IRQHandler
                0x0800369c                CAN2_RX1_IRQHandler
                0x0800369c                TIM8_TRG_COM_TIM14_IRQHandler
                0x0800369c                TIM1_UP_TIM10_IRQHandler
                0x0800369c                TIM8_UP_TIM13_IRQHandler
                0x0800369c                I2C3_ER_IRQHandler
                0x0800369c                EXTI0_IRQHandler
                0x0800369c                I2C2_EV_IRQHandler
                0x0800369c                DMA1_Stream2_IRQHandler
                0x0800369c                CAN1_RX0_IRQHandler
                0x0800369c                FPU_IRQHandler
                0x0800369c                OTG_HS_WKUP_IRQHandler
                0x0800369c                CAN2_SCE_IRQHandler
                0x0800369c                SPI1_IRQHandler
                0x0800369c                TIM6_DAC_IRQHandler
                0x0800369c                TIM1_BRK_TIM9_IRQHandler
                0x0800369c                DCMI_IRQHandler
                0x0800369c                CAN2_RX0_IRQHandler
                0x0800369c                DMA2_Stream3_IRQHandler
                0x0800369c                USART6_IRQHandler
                0x0800369c                USART3_IRQHandler
                0x0800369c                CAN1_RX1_IRQHandler
                0x0800369c                UART5_IRQHandler
                0x0800369c                TIM4_IRQHandler
                0x0800369c                I2C1_EV_IRQHandler
                0x0800369c                DMA1_Stream6_IRQHandler
                0x0800369c                DMA1_Stream1_IRQHandler
                0x0800369c                UART4_IRQHandler
                0x0800369c                TIM3_IRQHandler
                0x0800369c                RCC_IRQHandler
                0x0800369c                TIM8_BRK_TIM12_IRQHandler
                0x0800369c                Default_Handler
                0x0800369c                ADC_IRQHandler
                0x0800369c                DMA1_Stream7_IRQHandler
                0x0800369c                TIM7_IRQHandler
                0x0800369c                CAN2_TX_IRQHandler
                0x0800369c                TIM5_IRQHandler
                0x0800369c                DMA2_Stream7_IRQHandler
                0x0800369c                I2C3_EV_IRQHandler
                0x0800369c                EXTI9_5_IRQHandler
                0x0800369c                RTC_WKUP_IRQHandler
                0x0800369c                ETH_WKUP_IRQHandler
                0x0800369c                SPI2_IRQHandler
                0x0800369c                OTG_HS_EP1_IN_IRQHandler
                0x0800369c                DMA1_Stream0_IRQHandler
                0x0800369c                CAN1_TX_IRQHandler
                0x0800369c                EXTI4_IRQHandler
                0x0800369c                FSMC_IRQHandler
                0x0800369c                ETH_IRQHandler
                0x0800369c                OTG_HS_EP1_OUT_IRQHandler
                0x0800369c                WWDG_IRQHandler
                0x0800369c                TIM2_IRQHandler
                0x0800369c                OTG_FS_WKUP_IRQHandler
                0x0800369c                TIM1_TRG_COM_TIM11_IRQHandler
                0x0800369c                OTG_HS_IRQHandler
                0x0800369c                EXTI1_IRQHandler
                0x0800369c                USART2_IRQHandler
                0x0800369c                I2C2_ER_IRQHandler
                0x0800369c                DMA2_Stream1_IRQHandler
                0x0800369c                CAN1_SCE_IRQHandler
                0x0800369c                FLASH_IRQHandler
                0x0800369c                DMA2_Stream4_IRQHandler
                0x0800369c                USART1_IRQHandler
                0x0800369c                OTG_FS_IRQHandler
                0x0800369c                SPI3_IRQHandler
                0x0800369c                DMA1_Stream4_IRQHandler
                0x0800369c                I2C1_ER_IRQHandler
                0x0800369c                DMA2_Stream6_IRQHandler
                0x0800369c                DMA1_Stream3_IRQHandler
 *fill*         0x0800369e        0x2 
 .text.SystemInit
                0x080036a0       0x14 ./System/system_stm32f4xx.o
                0x080036a0                SystemInit
 .text.CPU_Cache_Init
                0x080036b4       0x20 ./uC-CPU/Cache/ARM/armv7m_generic_l1/cpu_cache_armv7m_generic_l1.o
                0x080036b4                CPU_Cache_Init
 .text.CPU_Init
                0x080036d4       0x24 ./uC-CPU/cpu_core.o
                0x080036d4                CPU_Init
 .text.Mem_Clr  0x080036f8       0x7c ./uC-LIB/lib_mem.o
                0x080036f8                Mem_Clr
 .text.OSIdleTaskHook
                0x08003774       0x10 ./uC-OS3/Ports/ARM-Cortex-M/ARMv7-M/os_cpu_c.o
                0x08003774                OSIdleTaskHook
 .text.OSInitHook
                0x08003784       0x40 ./uC-OS3/Ports/ARM-Cortex-M/ARMv7-M/os_cpu_c.o
                0x08003784                OSInitHook
 .text.OSStatTaskHook
                0x080037c4       0x10 ./uC-OS3/Ports/ARM-Cortex-M/ARMv7-M/os_cpu_c.o
                0x080037c4                OSStatTaskHook
 .text.OSTaskCreateHook
                0x080037d4       0x10 ./uC-OS3/Ports/ARM-Cortex-M/ARMv7-M/os_cpu_c.o
                0x080037d4                OSTaskCreateHook
 .text.OSTaskDelHook
                0x080037e4       0x10 ./uC-OS3/Ports/ARM-Cortex-M/ARMv7-M/os_cpu_c.o
                0x080037e4                OSTaskDelHook
 .text.OSTaskReturnHook
                0x080037f4       0x10 ./uC-OS3/Ports/ARM-Cortex-M/ARMv7-M/os_cpu_c.o
                0x080037f4                OSTaskReturnHook
 *fill*         0x08003804        0x4 
 .text.OSTaskStkInit
                0x08003808       0x84 ./uC-OS3/Ports/ARM-Cortex-M/ARMv7-M/os_cpu_c.o
                0x08003808                OSTaskStkInit
 .text.OSTaskSwHook
                0x0800388c       0x3c ./uC-OS3/Ports/ARM-Cortex-M/ARMv7-M/os_cpu_c.o
                0x0800388c                OSTaskSwHook
 .text.OSTimeTickHook
                0x080038c8       0x10 ./uC-OS3/Ports/ARM-Cortex-M/ARMv7-M/os_cpu_c.o
                0x080038c8                OSTimeTickHook
 .text.OS_CPU_SysTickHandler
                0x080038d8       0x20 ./uC-OS3/Ports/ARM-Cortex-M/ARMv7-M/os_cpu_c.o
                0x080038d8                OS_CPU_SysTickHandler
 .text.OSCfg_Init
                0x080038f8        0x4 ./uC-OS3/Source/os_cfg_app.o
                0x080038f8                OSCfg_Init
 .text.OS_IdleTask
                0x080038fc       0x20 ./uC-OS3/Source/os_core.o
                0x080038fc                OS_IdleTask
 .text.OSInit   0x0800391c      0x190 ./uC-OS3/Source/os_core.o
                0x0800391c                OSInit
 .text.OSIntEnter
                0x08003aac       0x20 ./uC-OS3/Source/os_core.o
                0x08003aac                OSIntEnter
 .text.OSIntExit
                0x08003acc       0x84 ./uC-OS3/Source/os_core.o
                0x08003acc                OSIntExit
 .text.OSSched  0x08003b50       0x88 ./uC-OS3/Source/os_core.o
                0x08003b50                OSSched
 .text.OSStart  0x08003bd8       0x7c ./uC-OS3/Source/os_core.o
                0x08003bd8                OSStart
 .text.OS_Pend  0x08003c54       0xc0 ./uC-OS3/Source/os_core.o
                0x08003c54                OS_Pend
 .text.OS_PendListChangePrio
                0x08003d14       0x6c ./uC-OS3/Source/os_core.o
                0x08003d14                OS_PendListChangePrio
 .text.OS_PendListInit
                0x08003d80        0x8 ./uC-OS3/Source/os_core.o
                0x08003d80                OS_PendListInit
 .text.OS_PendListRemove
                0x08003d88       0x30 ./uC-OS3/Source/os_core.o
                0x08003d88                OS_PendListRemove
 .text.OS_Post  0x08003db8      0x12c ./uC-OS3/Source/os_core.o
                0x08003db8                OS_Post
 .text.OS_RdyListInsert
                0x08003ee4       0x70 ./uC-OS3/Source/os_core.o
                0x08003ee4                OS_RdyListInsert
 .text.OS_RdyListInsertHead
                0x08003f54       0x38 ./uC-OS3/Source/os_core.o
                0x08003f54                OS_RdyListInsertHead
 .text.OS_RdyListInsertTail
                0x08003f8c       0x40 ./uC-OS3/Source/os_core.o
                0x08003f8c                OS_RdyListInsertTail
 .text.OS_RdyListRemove
                0x08003fcc       0x54 ./uC-OS3/Source/os_core.o
                0x08003fcc                OS_RdyListRemove
 .text.OS_SchedRoundRobin
                0x08004020       0x74 ./uC-OS3/Source/os_core.o
                0x08004020                OS_SchedRoundRobin
 .text.OSFlagCreate
                0x08004094       0x60 ./uC-OS3/Source/os_flag.o
                0x08004094                OSFlagCreate
 .text.OSFlagPend
                0x080040f4      0x260 ./uC-OS3/Source/os_flag.o
                0x080040f4                OSFlagPend
 .text.OSFlagPost
                0x08004354      0x18c ./uC-OS3/Source/os_flag.o
                0x08004354                OSFlagPost
 .text.OS_MemInit
                0x080044e0        0x8 ./uC-OS3/Source/os_mem.o
                0x080044e0                OS_MemInit
 .text.OS_MsgPoolInit
                0x080044e8       0x7c ./uC-OS3/Source/os_msg.o
                0x080044e8                OS_MsgPoolInit
 .text.OS_MsgQFreeAll
                0x08004564       0x3c ./uC-OS3/Source/os_msg.o
                0x08004564                OS_MsgQFreeAll
 .text.OS_MsgQInit
                0x080045a0        0xc ./uC-OS3/Source/os_msg.o
                0x080045a0                OS_MsgQInit
 .text.OSMutexCreate
                0x080045ac       0x58 ./uC-OS3/Source/os_mutex.o
                0x080045ac                OSMutexCreate
 .text.OSMutexPend
                0x08004604      0x164 ./uC-OS3/Source/os_mutex.o
                0x08004604                OSMutexPend
 .text.OS_MutexGrpAdd
                0x08004768        0x8 ./uC-OS3/Source/os_mutex.o
                0x08004768                OS_MutexGrpAdd
 .text.OS_MutexGrpRemove
                0x08004770       0x20 ./uC-OS3/Source/os_mutex.o
                0x08004770                OS_MutexGrpRemove
 .text.OS_MutexGrpPrioFindHighest
                0x08004790       0x20 ./uC-OS3/Source/os_mutex.o
                0x08004790                OS_MutexGrpPrioFindHighest
 .text.OS_MutexGrpPostAll
                0x080047b0       0x6c ./uC-OS3/Source/os_mutex.o
                0x080047b0                OS_MutexGrpPostAll
 .text.OS_PrioInit
                0x0800481c        0xc ./uC-OS3/Source/os_prio.o
                0x0800481c                OS_PrioInit
 .text.OS_PrioGetHighest
                0x08004828       0x14 ./uC-OS3/Source/os_prio.o
                0x08004828                OS_PrioGetHighest
 .text.OS_PrioInsert
                0x0800483c       0x14 ./uC-OS3/Source/os_prio.o
                0x0800483c                OS_PrioInsert
 .text.OS_PrioRemove
                0x08004850       0x18 ./uC-OS3/Source/os_prio.o
                0x08004850                OS_PrioRemove
 .text.OSStatReset
                0x08004868       0x1c ./uC-OS3/Source/os_stat.o
                0x08004868                OSStatReset
 .text.OS_StatTask
                0x08004884      0x1c4 ./uC-OS3/Source/os_stat.o
                0x08004884                OS_StatTask
 .text.OS_StatTaskInit
                0x08004a48       0xb8 ./uC-OS3/Source/os_stat.o
                0x08004a48                OS_StatTaskInit
 .text.OSTaskCreate
                0x08004b00      0x1e8 ./uC-OS3/Source/os_task.o
                0x08004b00                OSTaskCreate
 .text.OS_TaskInit
                0x08004ce8       0x18 ./uC-OS3/Source/os_task.o
                0x08004ce8                OS_TaskInit
 .text.OS_TaskChangePrio
                0x08004d00       0xb0 ./uC-OS3/Source/os_task.o
                0x08004d00                OS_TaskChangePrio
 .text.OSTaskDel.part.0
                0x08004db0      0x180 ./uC-OS3/Source/os_task.o
 .text.OS_TaskReturn
                0x08004f30       0x3c ./uC-OS3/Source/os_task.o
                0x08004f30                OS_TaskReturn
 .text.OS_TickInit
                0x08004f6c       0x18 ./uC-OS3/Source/os_tick.o
                0x08004f6c                OS_TickInit
 .text.OS_TickUpdate
                0x08004f84      0x13c ./uC-OS3/Source/os_tick.o
                0x08004f84                OS_TickUpdate
 .text.OS_TickListInsert
                0x080050c0       0x94 ./uC-OS3/Source/os_tick.o
                0x080050c0                OS_TickListInsert
 .text.OS_TickListInsertDly
                0x08005154       0xcc ./uC-OS3/Source/os_tick.o
                0x08005154                OS_TickListInsertDly
 .text.OS_TickListRemove
                0x08005220       0x4c ./uC-OS3/Source/os_tick.o
                0x08005220                OS_TickListRemove
 .text.OSTimeDly
                0x0800526c       0xa4 ./uC-OS3/Source/os_time.o
                0x0800526c                OSTimeDly
 .text.OSTimeDlyHMSM
                0x08005310      0x118 ./uC-OS3/Source/os_time.o
                0x08005310                OSTimeDlyHMSM
 .text.OSTimeTick
                0x08005428       0x34 ./uC-OS3/Source/os_time.o
                0x08005428                OSTimeTick
 .text.OS_TmrInit
                0x0800545c       0xe0 ./uC-OS3/Source/os_tmr.o
                0x0800545c                OS_TmrInit
 .text.OS_TmrLink
                0x0800553c       0xe4 ./uC-OS3/Source/os_tmr.o
                0x0800553c                OS_TmrLink
 .text.OS_TmrUnlink
                0x08005620       0xd4 ./uC-OS3/Source/os_tmr.o
                0x08005620                OS_TmrUnlink
 .text.OS_TmrTask
                0x080056f4      0x1c4 ./uC-OS3/Source/os_tmr.o
                0x080056f4                OS_TmrTask
 .text.memset   0x080058b8       0x10 C:/ST/STM32CubeIDE_1.11.0/STM32CubeIDE/plugins/com.st.stm32cube.ide.mcu.externaltools.gnu-tools-for-stm32.12.3.rel1.win32_1.0.200.202406191623/tools/bin/../lib/gcc/arm-none-eabi/12.3.1/../../../../arm-none-eabi/lib/thumb/v7e-m+fp/hard\libc_nano.a(libc_a-memset.o)
                0x080058b8                memset
 .text.__libc_init_array
                0x080058c8       0x48 C:/ST/STM32CubeIDE_1.11.0/STM32CubeIDE/plugins/com.st.stm32cube.ide.mcu.externaltools.gnu-tools-for-stm32.12.3.rel1.win32_1.0.200.202406191623/tools/bin/../lib/gcc/arm-none-eabi/12.3.1/../../../../arm-none-eabi/lib/thumb/v7e-m+fp/hard\libc_nano.a(libc_a-init.o)
                0x080058c8                __libc_init_array
 *(.glue_7)
 .glue_7        0x08005910        0x0 linker stubs
 *(.glue_7t)
 .glue_7t       0x08005910        0x0 linker stubs
 *(.eh_frame)
 .eh_frame      0x08005910        0x0 C:/ST/STM32CubeIDE_1.11.0/STM32CubeIDE/plugins/com.st.stm32cube.ide.mcu.externaltools.gnu-tools-for-stm32.12.3.rel1.win32_1.0.200.202406191623/tools/bin/../lib/gcc/arm-none-eabi/12.3.1/thumb/v7e-m+fp/hard/crtbegin.o
 *(.init)
 .init          0x08005910        0x4 C:/ST/STM32CubeIDE_1.11.0/STM32CubeIDE/plugins/com.st.stm32cube.ide.mcu.externaltools.gnu-tools-for-stm32.12.3.rel1.win32_1.0.200.202406191623/tools/bin/../lib/gcc/arm-none-eabi/12.3.1/thumb/v7e-m+fp/hard/crti.o
                0x08005910                _init
 .init          0x08005914        0x8 C:/ST/STM32CubeIDE_1.11.0/STM32CubeIDE/plugins/com.st.stm32cube.ide.mcu.externaltools.gnu-tools-for-stm32.12.3.rel1.win32_1.0.200.202406191623/tools/bin/../lib/gcc/arm-none-eabi/12.3.1/thumb/v7e-m+fp/hard/crtn.o
 *(.fini)
 .fini          0x0800591c        0x4 C:/ST/STM32CubeIDE_1.11.0/STM32CubeIDE/plugins/com.st.stm32cube.ide.mcu.externaltools.gnu-tools-for-stm32.12.3.rel1.win32_1.0.200.202406191623/tools/bin/../lib/gcc/arm-none-eabi/12.3.1/thumb/v7e-m+fp/hard/crti.o
                0x0800591c                _fini
 .fini          0x08005920        0x8 C:/ST/STM32CubeIDE_1.11.0/STM32CubeIDE/plugins/com.st.stm32cube.ide.mcu.externaltools.gnu-tools-for-stm32.12.3.rel1.win32_1.0.200.202406191623/tools/bin/../lib/gcc/arm-none-eabi/12.3.1/thumb/v7e-m+fp/hard/crtn.o
                0x08005928                        . = ALIGN (0x4)
                0x08005928                        _etext = .

.vfp11_veneer   0x08005928        0x0
 .vfp11_veneer  0x08005928        0x0 linker stubs

.v4_bx          0x08005928        0x0
 .v4_bx         0x08005928        0x0 linker stubs

.iplt           0x08005928        0x0
 .iplt          0x08005928        0x0 C:/ST/STM32CubeIDE_1.11.0/STM32CubeIDE/plugins/com.st.stm32cube.ide.mcu.externaltools.gnu-tools-for-stm32.12.3.rel1.win32_1.0.200.202406191623/tools/bin/../lib/gcc/arm-none-eabi/12.3.1/thumb/v7e-m+fp/hard/crtbegin.o

.rodata         0x08005928       0xf4
                0x08005928                        . = ALIGN (0x4)
 *(.rodata)
 *(.rodata*)
 .rodata.motorBobinaCreateTask.str1.4
                0x08005928       0x26 ./App/Src/bobina.o
 *fill*         0x0800594e        0x2 
 .rodata.carroTransversalCreateTask.str1.4
                0x08005950       0x31 ./App/Src/carroTransversal.o
 *fill*         0x08005981        0x3 
 .rodata.main.str1.4
                0x08005984       0x31 ./App/Src/main.o
 *fill*         0x080059b5        0x3 
 .rodata.flagBitshiftOffset.0
                0x080059b8        0x8 ./Drivers/STM32F4xx_HAL_Driver/Src/stm32f4xx_hal_dma.o
 .rodata.AHBPrescTable
                0x080059c0       0x10 ./System/system_stm32f4xx.o
                0x080059c0                AHBPrescTable
 .rodata.OSCfg_TmrTaskStkSize
                0x080059d0        0x4 ./uC-OS3/Source/os_cfg_app.o
                0x080059d0                OSCfg_TmrTaskStkSize
 .rodata.OSCfg_TmrTaskStkLimit
                0x080059d4        0x4 ./uC-OS3/Source/os_cfg_app.o
                0x080059d4                OSCfg_TmrTaskStkLimit
 .rodata.OSCfg_TmrTaskStkBasePtr
                0x080059d8        0x4 ./uC-OS3/Source/os_cfg_app.o
                0x080059d8                OSCfg_TmrTaskStkBasePtr
 .rodata.OSCfg_TmrTaskRate_Hz
                0x080059dc        0x4 ./uC-OS3/Source/os_cfg_app.o
                0x080059dc                OSCfg_TmrTaskRate_Hz
 .rodata.OSCfg_TmrTaskPrio
                0x080059e0        0x1 ./uC-OS3/Source/os_cfg_app.o
                0x080059e0                OSCfg_TmrTaskPrio
 *fill*         0x080059e1        0x3 
 .rodata.OSCfg_TickRate_Hz
                0x080059e4        0x4 ./uC-OS3/Source/os_cfg_app.o
                0x080059e4                OSCfg_TickRate_Hz
 .rodata.OSCfg_StkSizeMin
                0x080059e8        0x4 ./uC-OS3/Source/os_cfg_app.o
                0x080059e8                OSCfg_StkSizeMin
 .rodata.OSCfg_StatTaskStkSize
                0x080059ec        0x4 ./uC-OS3/Source/os_cfg_app.o
                0x080059ec                OSCfg_StatTaskStkSize
 .rodata.OSCfg_StatTaskStkLimit
                0x080059f0        0x4 ./uC-OS3/Source/os_cfg_app.o
                0x080059f0                OSCfg_StatTaskStkLimit
 .rodata.OSCfg_StatTaskStkBasePtr
                0x080059f4        0x4 ./uC-OS3/Source/os_cfg_app.o
                0x080059f4                OSCfg_StatTaskStkBasePtr
 .rodata.OSCfg_StatTaskRate_Hz
                0x080059f8        0x4 ./uC-OS3/Source/os_cfg_app.o
                0x080059f8                OSCfg_StatTaskRate_Hz
 .rodata.OSCfg_StatTaskPrio
                0x080059fc        0x1 ./uC-OS3/Source/os_cfg_app.o
                0x080059fc                OSCfg_StatTaskPrio
 *fill*         0x080059fd        0x3 
 .rodata.OSCfg_MsgPoolBasePtr
                0x08005a00        0x4 ./uC-OS3/Source/os_cfg_app.o
                0x08005a00                OSCfg_MsgPoolBasePtr
 .rodata.OSCfg_MsgPoolSize
                0x08005a04        0x2 ./uC-OS3/Source/os_cfg_app.o
                0x08005a04                OSCfg_MsgPoolSize
 *fill*         0x08005a06        0x2 
 .rodata.OSCfg_ISRStkSize
                0x08005a08        0x4 ./uC-OS3/Source/os_cfg_app.o
                0x08005a08                OSCfg_ISRStkSize
 .rodata.OSCfg_ISRStkBasePtr
                0x08005a0c        0x4 ./uC-OS3/Source/os_cfg_app.o
                0x08005a0c                OSCfg_ISRStkBasePtr
 .rodata.OSCfg_IdleTaskStkSize
                0x08005a10        0x4 ./uC-OS3/Source/os_cfg_app.o
                0x08005a10                OSCfg_IdleTaskStkSize
 .rodata.OSCfg_IdleTaskStkLimit
                0x08005a14        0x4 ./uC-OS3/Source/os_cfg_app.o
                0x08005a14                OSCfg_IdleTaskStkLimit
 .rodata.OSCfg_IdleTaskStkBasePtr
                0x08005a18        0x4 ./uC-OS3/Source/os_cfg_app.o
                0x08005a18                OSCfg_IdleTaskStkBasePtr
                0x08005a1c                        . = ALIGN (0x4)

.ARM.extab      0x08005a1c        0x0
                0x08005a1c                        . = ALIGN (0x4)
 *(.ARM.extab* .gnu.linkonce.armextab.*)
                0x08005a1c                        . = ALIGN (0x4)

.ARM            0x08005a1c        0x8
                0x08005a1c                        . = ALIGN (0x4)
                0x08005a1c                        __exidx_start = .
 *(.ARM.exidx*)
 .ARM.exidx     0x08005a1c        0x8 C:/ST/STM32CubeIDE_1.11.0/STM32CubeIDE/plugins/com.st.stm32cube.ide.mcu.externaltools.gnu-tools-for-stm32.12.3.rel1.win32_1.0.200.202406191623/tools/bin/../lib/gcc/arm-none-eabi/12.3.1/thumb/v7e-m+fp/hard\libgcc.a(_udivmoddi4.o)
                0x08005a24                        __exidx_end = .
                0x08005a24                        . = ALIGN (0x4)

.preinit_array  0x08005a24        0x0
                0x08005a24                        . = ALIGN (0x4)
                0x08005a24                        PROVIDE (__preinit_array_start = .)
 *(.preinit_array*)
                0x08005a24                        PROVIDE (__preinit_array_end = .)
                0x08005a24                        . = ALIGN (0x4)

.init_array     0x08005a24        0x4
                0x08005a24                        . = ALIGN (0x4)
                0x08005a24                        PROVIDE (__init_array_start = .)
 *(SORT_BY_NAME(.init_array.*))
 *(.init_array*)
 .init_array    0x08005a24        0x4 C:/ST/STM32CubeIDE_1.11.0/STM32CubeIDE/plugins/com.st.stm32cube.ide.mcu.externaltools.gnu-tools-for-stm32.12.3.rel1.win32_1.0.200.202406191623/tools/bin/../lib/gcc/arm-none-eabi/12.3.1/thumb/v7e-m+fp/hard/crtbegin.o
                0x08005a28                        PROVIDE (__init_array_end = .)
                0x08005a28                        . = ALIGN (0x4)

.fini_array     0x08005a28        0x4
                0x08005a28                        . = ALIGN (0x4)
                [!provide]                        PROVIDE (__fini_array_start = .)
 *(SORT_BY_NAME(.fini_array.*))
 *(.fini_array*)
 .fini_array    0x08005a28        0x4 C:/ST/STM32CubeIDE_1.11.0/STM32CubeIDE/plugins/com.st.stm32cube.ide.mcu.externaltools.gnu-tools-for-stm32.12.3.rel1.win32_1.0.200.202406191623/tools/bin/../lib/gcc/arm-none-eabi/12.3.1/thumb/v7e-m+fp/hard/crtbegin.o
                [!provide]                        PROVIDE (__fini_array_end = .)
                0x08005a2c                        . = ALIGN (0x4)
                0x08005a2c                        _sidata = LOADADDR (.data)

.rel.dyn        0x08005a2c        0x0
 .rel.iplt      0x08005a2c        0x0 C:/ST/STM32CubeIDE_1.11.0/STM32CubeIDE/plugins/com.st.stm32cube.ide.mcu.externaltools.gnu-tools-for-stm32.12.3.rel1.win32_1.0.200.202406191623/tools/bin/../lib/gcc/arm-none-eabi/12.3.1/thumb/v7e-m+fp/hard/crtbegin.o

.data           0x20000000        0xc load address 0x08005a2c
                0x20000000                        . = ALIGN (0x4)
                0x20000000                        _sdata = .
 *(.data)
 *(.data*)
 .data.uwTickFreq
                0x20000000        0x1 ./Drivers/STM32F4xx_HAL_Driver/Src/stm32f4xx_hal.o
                0x20000000                uwTickFreq
 *fill*         0x20000001        0x3 
 .data.uwTickPrio
                0x20000004        0x4 ./Drivers/STM32F4xx_HAL_Driver/Src/stm32f4xx_hal.o
                0x20000004                uwTickPrio
 .data.SystemCoreClock
                0x20000008        0x4 ./System/system_stm32f4xx.o
                0x20000008                SystemCoreClock
 *(.RamFunc)
 *(.RamFunc*)
                0x2000000c                        . = ALIGN (0x4)
                0x2000000c                        _edata = .
                0x08005a38                        _siccmram = LOADADDR (.ccmram)

.igot.plt       0x2000000c        0x0 load address 0x08005a38
 .igot.plt      0x2000000c        0x0 C:/ST/STM32CubeIDE_1.11.0/STM32CubeIDE/plugins/com.st.stm32cube.ide.mcu.externaltools.gnu-tools-for-stm32.12.3.rel1.win32_1.0.200.202406191623/tools/bin/../lib/gcc/arm-none-eabi/12.3.1/thumb/v7e-m+fp/hard/crtbegin.o

.ccmram         0x10000000        0x0 load address 0x08005a38
                0x10000000                        . = ALIGN (0x4)
                0x10000000                        _sccmram = .
 *(.ccmram)
 *(.ccmram*)
                0x10000000                        . = ALIGN (0x4)
                0x10000000                        _eccmram = .
                0x10000000                        . = ALIGN (0x4)

.bss            0x20000010     0x1cb4
                0x20000010                        _sbss = .
                0x20000010                        __bss_start__ = _sbss
 *(.bss)
 .bss           0x20000010       0x1c C:/ST/STM32CubeIDE_1.11.0/STM32CubeIDE/plugins/com.st.stm32cube.ide.mcu.externaltools.gnu-tools-for-stm32.12.3.rel1.win32_1.0.200.202406191623/tools/bin/../lib/gcc/arm-none-eabi/12.3.1/thumb/v7e-m+fp/hard/crtbegin.o
 *(.bss*)
 .bss.motorBobinaVel
                0x2000002c        0x2 ./App/Src/bobina.o
 .bss.motorBobinaTensaoRead
                0x2000002e        0x2 ./App/Src/bobina.o
 .bss.motorBobinaTaskStk
                0x20000030      0x400 ./App/Src/bobina.o
 .bss.motorBobinaTaskTCB
                0x20000430       0xa8 ./App/Src/bobina.o
 .bss.carroTransversalAndar
                0x200004d8        0x1 ./App/Src/carroTransversal.o
 .bss.carroTransversalTick
                0x200004d9        0x1 ./App/Src/carroTransversal.o
 .bss.bobinaTick
                0x200004da        0x1 ./App/Src/carroTransversal.o
 *fill*         0x200004db        0x1 
 .bss.carroTransversalStk
                0x200004dc      0x400 ./App/Src/carroTransversal.o
 .bss.carroTransversalTaskTCB
                0x200008dc       0xa8 ./App/Src/carroTransversal.o
 .bss.programStartTaskStk
                0x20000984      0x400 ./App/Src/main.o
 .bss.programStartTaskTCB
                0x20000d84       0xa8 ./App/Src/main.o
 .bss.flagsGrp  0x20000e2c       0x10 ./App/Src/main.o
                0x20000e2c                flagsGrp
 .bss.htim2     0x20000e3c       0x48 ./App/Src/perifericos.o
                0x20000e3c                htim2
 *fill*         0x20000e84        0x4 
 .bss.htim1     0x20000e88       0x48 ./App/Src/perifericos.o
                0x20000e88                htim1
 .bss.hdma_dac2
                0x20000ed0       0x60 ./App/Src/perifericos.o
                0x20000ed0                hdma_dac2
 .bss.hdma_dac1
                0x20000f30       0x60 ./App/Src/perifericos.o
                0x20000f30                hdma_dac1
 .bss.hdac      0x20000f90       0x14 ./App/Src/perifericos.o
                0x20000f90                hdac
 .bss.hdma_adc3
                0x20000fa4       0x60 ./App/Src/perifericos.o
                0x20000fa4                hdma_adc3
 .bss.hdma_adc2
                0x20001004       0x60 ./App/Src/perifericos.o
                0x20001004                hdma_adc2
 *fill*         0x20001064        0x4 
 .bss.hadc3     0x20001068       0x48 ./App/Src/perifericos.o
                0x20001068                hadc3
 .bss.hadc2     0x200010b0       0x48 ./App/Src/perifericos.o
                0x200010b0                hadc2
 .bss.uwTick    0x200010f8        0x4 ./Drivers/STM32F4xx_HAL_Driver/Src/stm32f4xx_hal.o
                0x200010f8                uwTick
 .bss.CPU_Cache_Linesize
                0x200010fc        0x4 ./uC-CPU/Cache/ARM/armv7m_generic_l1/cpu_cache_armv7m_generic_l1.o
 .bss.CPU_Name  0x20001100       0x10 ./uC-CPU/cpu_core.o
                0x20001100                CPU_Name
 .bss.OS_KA_BASEPRI_Boundary
                0x20001110        0x4 ./uC-OS3/Ports/ARM-Cortex-M/ARMv7-M/os_cpu_c.o
                0x20001110                OS_KA_BASEPRI_Boundary
 .bss.OS_CPU_ExceptStkBase
                0x20001114        0x4 ./uC-OS3/Ports/ARM-Cortex-M/ARMv7-M/os_cpu_c.o
                0x20001114                OS_CPU_ExceptStkBase
 .bss.OSCfg_TmrTaskStk
                0x20001118      0x200 ./uC-OS3/Source/os_cfg_app.o
                0x20001118                OSCfg_TmrTaskStk
 .bss.OSCfg_StatTaskStk
                0x20001318      0x190 ./uC-OS3/Source/os_cfg_app.o
                0x20001318                OSCfg_StatTaskStk
 .bss.OSCfg_MsgPool
                0x200014a8      0x180 ./uC-OS3/Source/os_cfg_app.o
                0x200014a8                OSCfg_MsgPool
 .bss.OSCfg_ISRStk
                0x20001628      0x200 ./uC-OS3/Source/os_cfg_app.o
                0x20001628                OSCfg_ISRStk
 .bss.OSCfg_IdleTaskStk
                0x20001828      0x100 ./uC-OS3/Source/os_cfg_app.o
                0x20001828                OSCfg_IdleTaskStk
 .bss.OSTCBHighRdyPtr
                0x20001928        0x4 ./uC-OS3/Source/os_var.o
                0x20001928                OSTCBHighRdyPtr
 .bss.OSTCBCurPtr
                0x2000192c        0x4 ./uC-OS3/Source/os_var.o
                0x2000192c                OSTCBCurPtr
 .bss.OSTmrToTicksMult
                0x20001930        0x4 ./uC-OS3/Source/os_var.o
                0x20001930                OSTmrToTicksMult
 .bss.OSTmrTaskTickBase
                0x20001934        0x4 ./uC-OS3/Source/os_var.o
                0x20001934                OSTmrTaskTickBase
 .bss.OSTmrTaskTCB
                0x20001938       0xa8 ./uC-OS3/Source/os_var.o
                0x20001938                OSTmrTaskTCB
 .bss.OSTmrMutex
                0x200019e0       0x18 ./uC-OS3/Source/os_var.o
                0x200019e0                OSTmrMutex
 .bss.OSTmrCond
                0x200019f8       0x10 ./uC-OS3/Source/os_var.o
                0x200019f8                OSTmrCond
 .bss.OSTmrListPtr
                0x20001a08        0x4 ./uC-OS3/Source/os_var.o
                0x20001a08                OSTmrListPtr
 .bss.OSTickList
                0x20001a0c        0x4 ./uC-OS3/Source/os_var.o
                0x20001a0c                OSTickList
 .bss.OSTickCtr
                0x20001a10        0x4 ./uC-OS3/Source/os_var.o
                0x20001a10                OSTickCtr
 .bss.OSTaskRegNextAvailID
                0x20001a14        0x1 ./uC-OS3/Source/os_var.o
                0x20001a14                OSTaskRegNextAvailID
 *fill*         0x20001a15        0x1 
 .bss.OSTaskQty
                0x20001a16        0x2 ./uC-OS3/Source/os_var.o
                0x20001a16                OSTaskQty
 .bss.OSTaskCtxSwCtr
                0x20001a18        0x4 ./uC-OS3/Source/os_var.o
                0x20001a18                OSTaskCtxSwCtr
 .bss.OSStatTaskTCB
                0x20001a1c       0xa8 ./uC-OS3/Source/os_var.o
                0x20001a1c                OSStatTaskTCB
 .bss.OSStatTaskRdy
                0x20001ac4        0x1 ./uC-OS3/Source/os_var.o
                0x20001ac4                OSStatTaskRdy
 *fill*         0x20001ac5        0x3 
 .bss.OSStatTaskCtrRun
                0x20001ac8        0x4 ./uC-OS3/Source/os_var.o
                0x20001ac8                OSStatTaskCtrRun
 .bss.OSStatTaskCtrMax
                0x20001acc        0x4 ./uC-OS3/Source/os_var.o
                0x20001acc                OSStatTaskCtrMax
 .bss.OSStatTaskCtr
                0x20001ad0        0x4 ./uC-OS3/Source/os_var.o
                0x20001ad0                OSStatTaskCtr
 .bss.OSStatTaskCPUUsageMax
                0x20001ad4        0x2 ./uC-OS3/Source/os_var.o
                0x20001ad4                OSStatTaskCPUUsageMax
 .bss.OSStatTaskCPUUsage
                0x20001ad6        0x2 ./uC-OS3/Source/os_var.o
                0x20001ad6                OSStatTaskCPUUsage
 .bss.OSStatResetFlag
                0x20001ad8        0x1 ./uC-OS3/Source/os_var.o
                0x20001ad8                OSStatResetFlag
 .bss.OSSchedRoundRobinEn
                0x20001ad9        0x1 ./uC-OS3/Source/os_var.o
                0x20001ad9                OSSchedRoundRobinEn
 *fill*         0x20001ada        0x2 
 .bss.OSSchedRoundRobinDfltTimeQuanta
                0x20001adc        0x4 ./uC-OS3/Source/os_var.o
                0x20001adc                OSSchedRoundRobinDfltTimeQuanta
 .bss.OSSchedLockNestingCtr
                0x20001ae0        0x1 ./uC-OS3/Source/os_var.o
                0x20001ae0                OSSchedLockNestingCtr
 *fill*         0x20001ae1        0x3 
 .bss.OSRdyList
                0x20001ae4      0x100 ./uC-OS3/Source/os_var.o
                0x20001ae4                OSRdyList
 .bss.OSPrioTbl
                0x20001be4        0x4 ./uC-OS3/Source/os_var.o
                0x20001be4                OSPrioTbl
 .bss.OSPrioHighRdy
                0x20001be8        0x1 ./uC-OS3/Source/os_var.o
                0x20001be8                OSPrioHighRdy
 .bss.OSPrioCur
                0x20001be9        0x1 ./uC-OS3/Source/os_var.o
                0x20001be9                OSPrioCur
 *fill*         0x20001bea        0x2 
 .bss.OSMsgPool
                0x20001bec        0x8 ./uC-OS3/Source/os_var.o
                0x20001bec                OSMsgPool
 .bss.OSISRStkUsed
                0x20001bf4        0x4 ./uC-OS3/Source/os_var.o
                0x20001bf4                OSISRStkUsed
 .bss.OSISRStkFree
                0x20001bf8        0x4 ./uC-OS3/Source/os_var.o
                0x20001bf8                OSISRStkFree
 .bss.OSInitialized
                0x20001bfc        0x1 ./uC-OS3/Source/os_var.o
                0x20001bfc                OSInitialized
 .bss.OSRunning
                0x20001bfd        0x1 ./uC-OS3/Source/os_var.o
                0x20001bfd                OSRunning
 .bss.OSIntNestingCtr
                0x20001bfe        0x1 ./uC-OS3/Source/os_var.o
                0x20001bfe                OSIntNestingCtr
 *fill*         0x20001bff        0x1 
 .bss.OSIdleTaskTCB
                0x20001c00       0xa8 ./uC-OS3/Source/os_var.o
                0x20001c00                OSIdleTaskTCB
 .bss.OS_AppTimeTickHookPtr
                0x20001ca8        0x4 ./uC-OS3/Source/os_var.o
                0x20001ca8                OS_AppTimeTickHookPtr
 .bss.OS_AppTaskSwHookPtr
                0x20001cac        0x4 ./uC-OS3/Source/os_var.o
                0x20001cac                OS_AppTaskSwHookPtr
 .bss.OS_AppStatTaskHookPtr
                0x20001cb0        0x4 ./uC-OS3/Source/os_var.o
                0x20001cb0                OS_AppStatTaskHookPtr
 .bss.OS_AppIdleTaskHookPtr
                0x20001cb4        0x4 ./uC-OS3/Source/os_var.o
                0x20001cb4                OS_AppIdleTaskHookPtr
 .bss.OS_AppTaskReturnHookPtr
                0x20001cb8        0x4 ./uC-OS3/Source/os_var.o
                0x20001cb8                OS_AppTaskReturnHookPtr
 .bss.OS_AppTaskDelHookPtr
                0x20001cbc        0x4 ./uC-OS3/Source/os_var.o
                0x20001cbc                OS_AppTaskDelHookPtr
 .bss.OS_AppTaskCreateHookPtr
                0x20001cc0        0x4 ./uC-OS3/Source/os_var.o
                0x20001cc0                OS_AppTaskCreateHookPtr
 *(COMMON)
                0x20001cc4                        . = ALIGN (0x4)
                0x20001cc4                        _ebss = .
                0x20001cc4                        __bss_end__ = _ebss

._user_heap_stack
                0x20001cc4      0x604
                0x20001cc8                        . = ALIGN (0x8)
 *fill*         0x20001cc4        0x4 
                [!provide]                        PROVIDE (end = .)
                0x20001cc8                        PROVIDE (_end = .)
                0x20001ec8                        . = (. + _Min_Heap_Size)
 *fill*         0x20001cc8      0x200 
                0x200022c8                        . = (. + _Min_Stack_Size)
 *fill*         0x20001ec8      0x400 
                0x200022c8                        . = ALIGN (0x8)

/DISCARD/
 libc.a(*)
 libm.a(*)
 libgcc.a(*)

.ARM.attributes
                0x00000000       0x30
 *(.ARM.attributes)
 .ARM.attributes
                0x00000000       0x22 C:/ST/STM32CubeIDE_1.11.0/STM32CubeIDE/plugins/com.st.stm32cube.ide.mcu.externaltools.gnu-tools-for-stm32.12.3.rel1.win32_1.0.200.202406191623/tools/bin/../lib/gcc/arm-none-eabi/12.3.1/thumb/v7e-m+fp/hard/crti.o
 .ARM.attributes
                0x00000022       0x34 C:/ST/STM32CubeIDE_1.11.0/STM32CubeIDE/plugins/com.st.stm32cube.ide.mcu.externaltools.gnu-tools-for-stm32.12.3.rel1.win32_1.0.200.202406191623/tools/bin/../lib/gcc/arm-none-eabi/12.3.1/thumb/v7e-m+fp/hard/crtbegin.o
 .ARM.attributes
                0x00000056       0x34 ./App/Src/bobina.o
 .ARM.attributes
                0x0000008a       0x34 ./App/Src/carroTransversal.o
 .ARM.attributes
                0x000000be       0x34 ./App/Src/main.o
 .ARM.attributes
                0x000000f2       0x34 ./App/Src/perifericos.o
 .ARM.attributes
                0x00000126       0x34 ./App/Src/stm32f4xx_hal_msp.o
 .ARM.attributes
                0x0000015a       0x34 ./App/Src/stm32f4xx_it.o
 .ARM.attributes
                0x0000018e       0x34 ./Drivers/STM32F4xx_HAL_Driver/Src/stm32f4xx_hal.o
 .ARM.attributes
                0x000001c2       0x34 ./Drivers/STM32F4xx_HAL_Driver/Src/stm32f4xx_hal_adc.o
 .ARM.attributes
                0x000001f6       0x34 ./Drivers/STM32F4xx_HAL_Driver/Src/stm32f4xx_hal_cortex.o
 .ARM.attributes
                0x0000022a       0x34 ./Drivers/STM32F4xx_HAL_Driver/Src/stm32f4xx_hal_dac.o
 .ARM.attributes
                0x0000025e       0x34 ./Drivers/STM32F4xx_HAL_Driver/Src/stm32f4xx_hal_dac_ex.o
 .ARM.attributes
                0x00000292       0x34 ./Drivers/STM32F4xx_HAL_Driver/Src/stm32f4xx_hal_dma.o
 .ARM.attributes
                0x000002c6       0x34 ./Drivers/STM32F4xx_HAL_Driver/Src/stm32f4xx_hal_gpio.o
 .ARM.attributes
                0x000002fa       0x34 ./Drivers/STM32F4xx_HAL_Driver/Src/stm32f4xx_hal_rcc.o
 .ARM.attributes
                0x0000032e       0x34 ./Drivers/STM32F4xx_HAL_Driver/Src/stm32f4xx_hal_tim.o
 .ARM.attributes
                0x00000362       0x34 ./Drivers/STM32F4xx_HAL_Driver/Src/stm32f4xx_hal_tim_ex.o
 .ARM.attributes
                0x00000396       0x21 ./System/Startup/startup_stm32f407zgtx.o
 .ARM.attributes
                0x000003b7       0x34 ./System/system_stm32f4xx.o
 .ARM.attributes
                0x000003eb       0x20 ./uC-CPU/ARM-Cortex-M/ARMv7-M/GNU/cpu_a.o
 .ARM.attributes
                0x0000040b       0x34 ./uC-CPU/Cache/ARM/armv7m_generic_l1/cpu_cache_armv7m_generic_l1.o
 .ARM.attributes
                0x0000043f       0x34 ./uC-CPU/cpu_core.o
 .ARM.attributes
                0x00000473       0x34 ./uC-LIB/lib_mem.o
 .ARM.attributes
                0x000004a7       0x20 ./uC-OS3/Ports/ARM-Cortex-M/ARMv7-M/GNU/os_cpu_a.o
 .ARM.attributes
                0x000004c7       0x34 ./uC-OS3/Ports/ARM-Cortex-M/ARMv7-M/os_cpu_c.o
 .ARM.attributes
                0x000004fb       0x34 ./uC-OS3/Source/os_cfg_app.o
 .ARM.attributes
                0x0000052f       0x34 ./uC-OS3/Source/os_core.o
 .ARM.attributes
                0x00000563       0x34 ./uC-OS3/Source/os_flag.o
 .ARM.attributes
                0x00000597       0x34 ./uC-OS3/Source/os_mem.o
 .ARM.attributes
                0x000005cb       0x34 ./uC-OS3/Source/os_msg.o
 .ARM.attributes
                0x000005ff       0x34 ./uC-OS3/Source/os_mutex.o
 .ARM.attributes
                0x00000633       0x34 ./uC-OS3/Source/os_prio.o
 .ARM.attributes
                0x00000667       0x34 ./uC-OS3/Source/os_stat.o
 .ARM.attributes
                0x0000069b       0x34 ./uC-OS3/Source/os_task.o
 .ARM.attributes
                0x000006cf       0x34 ./uC-OS3/Source/os_tick.o
 .ARM.attributes
                0x00000703       0x34 ./uC-OS3/Source/os_time.o
 .ARM.attributes
                0x00000737       0x34 ./uC-OS3/Source/os_tmr.o
 .ARM.attributes
                0x0000076b       0x34 ./uC-OS3/Source/os_var.o
 .ARM.attributes
                0x0000079f       0x34 C:/ST/STM32CubeIDE_1.11.0/STM32CubeIDE/plugins/com.st.stm32cube.ide.mcu.externaltools.gnu-tools-for-stm32.12.3.rel1.win32_1.0.200.202406191623/tools/bin/../lib/gcc/arm-none-eabi/12.3.1/../../../../arm-none-eabi/lib/thumb/v7e-m+fp/hard\libc_nano.a(libc_a-memset.o)
 .ARM.attributes
                0x000007d3       0x34 C:/ST/STM32CubeIDE_1.11.0/STM32CubeIDE/plugins/com.st.stm32cube.ide.mcu.externaltools.gnu-tools-for-stm32.12.3.rel1.win32_1.0.200.202406191623/tools/bin/../lib/gcc/arm-none-eabi/12.3.1/../../../../arm-none-eabi/lib/thumb/v7e-m+fp/hard\libc_nano.a(libc_a-init.o)
 .ARM.attributes
                0x00000807       0x22 C:/ST/STM32CubeIDE_1.11.0/STM32CubeIDE/plugins/com.st.stm32cube.ide.mcu.externaltools.gnu-tools-for-stm32.12.3.rel1.win32_1.0.200.202406191623/tools/bin/../lib/gcc/arm-none-eabi/12.3.1/thumb/v7e-m+fp/hard\libgcc.a(_arm_muldf3.o)
 .ARM.attributes
                0x00000829       0x22 C:/ST/STM32CubeIDE_1.11.0/STM32CubeIDE/plugins/com.st.stm32cube.ide.mcu.externaltools.gnu-tools-for-stm32.12.3.rel1.win32_1.0.200.202406191623/tools/bin/../lib/gcc/arm-none-eabi/12.3.1/thumb/v7e-m+fp/hard\libgcc.a(_arm_addsubdf3.o)
 .ARM.attributes
                0x0000084b       0x22 C:/ST/STM32CubeIDE_1.11.0/STM32CubeIDE/plugins/com.st.stm32cube.ide.mcu.externaltools.gnu-tools-for-stm32.12.3.rel1.win32_1.0.200.202406191623/tools/bin/../lib/gcc/arm-none-eabi/12.3.1/thumb/v7e-m+fp/hard\libgcc.a(_arm_truncdfsf2.o)
 .ARM.attributes
                0x0000086d       0x22 C:/ST/STM32CubeIDE_1.11.0/STM32CubeIDE/plugins/com.st.stm32cube.ide.mcu.externaltools.gnu-tools-for-stm32.12.3.rel1.win32_1.0.200.202406191623/tools/bin/../lib/gcc/arm-none-eabi/12.3.1/thumb/v7e-m+fp/hard\libgcc.a(_aeabi_uldivmod.o)
 .ARM.attributes
                0x0000088f       0x34 C:/ST/STM32CubeIDE_1.11.0/STM32CubeIDE/plugins/com.st.stm32cube.ide.mcu.externaltools.gnu-tools-for-stm32.12.3.rel1.win32_1.0.200.202406191623/tools/bin/../lib/gcc/arm-none-eabi/12.3.1/thumb/v7e-m+fp/hard\libgcc.a(_udivmoddi4.o)
 .ARM.attributes
                0x000008c3       0x22 C:/ST/STM32CubeIDE_1.11.0/STM32CubeIDE/plugins/com.st.stm32cube.ide.mcu.externaltools.gnu-tools-for-stm32.12.3.rel1.win32_1.0.200.202406191623/tools/bin/../lib/gcc/arm-none-eabi/12.3.1/thumb/v7e-m+fp/hard\libgcc.a(_dvmd_tls.o)
 .ARM.attributes
                0x000008e5       0x22 C:/ST/STM32CubeIDE_1.11.0/STM32CubeIDE/plugins/com.st.stm32cube.ide.mcu.externaltools.gnu-tools-for-stm32.12.3.rel1.win32_1.0.200.202406191623/tools/bin/../lib/gcc/arm-none-eabi/12.3.1/thumb/v7e-m+fp/hard/crtn.o
OUTPUT(Controle-Cabo_STM32F407ZGT6.elf elf32-littlearm)
LOAD linker stubs
LOAD C:/ST/STM32CubeIDE_1.11.0/STM32CubeIDE/plugins/com.st.stm32cube.ide.mcu.externaltools.gnu-tools-for-stm32.12.3.rel1.win32_1.0.200.202406191623/tools/bin/../lib/gcc/arm-none-eabi/12.3.1/../../../../arm-none-eabi/lib/thumb/v7e-m+fp/hard\libc.a
LOAD C:/ST/STM32CubeIDE_1.11.0/STM32CubeIDE/plugins/com.st.stm32cube.ide.mcu.externaltools.gnu-tools-for-stm32.12.3.rel1.win32_1.0.200.202406191623/tools/bin/../lib/gcc/arm-none-eabi/12.3.1/../../../../arm-none-eabi/lib/thumb/v7e-m+fp/hard\libm.a
LOAD C:/ST/STM32CubeIDE_1.11.0/STM32CubeIDE/plugins/com.st.stm32cube.ide.mcu.externaltools.gnu-tools-for-stm32.12.3.rel1.win32_1.0.200.202406191623/tools/bin/../lib/gcc/arm-none-eabi/12.3.1/thumb/v7e-m+fp/hard\libgcc.a

.comment        0x00000000       0x43
 .comment       0x00000000       0x43 ./App/Src/bobina.o
                                 0x44 (size before relaxing)
 .comment       0x00000043       0x44 ./App/Src/carroTransversal.o
 .comment       0x00000043       0x44 ./App/Src/main.o
 .comment       0x00000043       0x44 ./App/Src/perifericos.o
 .comment       0x00000043       0x44 ./App/Src/stm32f4xx_hal_msp.o
 .comment       0x00000043       0x44 ./App/Src/stm32f4xx_it.o
 .comment       0x00000043       0x44 ./Drivers/STM32F4xx_HAL_Driver/Src/stm32f4xx_hal.o
 .comment       0x00000043       0x44 ./Drivers/STM32F4xx_HAL_Driver/Src/stm32f4xx_hal_adc.o
 .comment       0x00000043       0x44 ./Drivers/STM32F4xx_HAL_Driver/Src/stm32f4xx_hal_cortex.o
 .comment       0x00000043       0x44 ./Drivers/STM32F4xx_HAL_Driver/Src/stm32f4xx_hal_dac.o
 .comment       0x00000043       0x44 ./Drivers/STM32F4xx_HAL_Driver/Src/stm32f4xx_hal_dac_ex.o
 .comment       0x00000043       0x44 ./Drivers/STM32F4xx_HAL_Driver/Src/stm32f4xx_hal_dma.o
 .comment       0x00000043       0x44 ./Drivers/STM32F4xx_HAL_Driver/Src/stm32f4xx_hal_gpio.o
 .comment       0x00000043       0x44 ./Drivers/STM32F4xx_HAL_Driver/Src/stm32f4xx_hal_rcc.o
 .comment       0x00000043       0x44 ./Drivers/STM32F4xx_HAL_Driver/Src/stm32f4xx_hal_tim.o
 .comment       0x00000043       0x44 ./Drivers/STM32F4xx_HAL_Driver/Src/stm32f4xx_hal_tim_ex.o
 .comment       0x00000043       0x44 ./System/system_stm32f4xx.o
 .comment       0x00000043       0x44 ./uC-CPU/Cache/ARM/armv7m_generic_l1/cpu_cache_armv7m_generic_l1.o
 .comment       0x00000043       0x44 ./uC-CPU/cpu_core.o
 .comment       0x00000043       0x44 ./uC-LIB/lib_mem.o
 .comment       0x00000043       0x44 ./uC-OS3/Ports/ARM-Cortex-M/ARMv7-M/os_cpu_c.o
 .comment       0x00000043       0x44 ./uC-OS3/Source/os_cfg_app.o
 .comment       0x00000043       0x44 ./uC-OS3/Source/os_core.o
 .comment       0x00000043       0x44 ./uC-OS3/Source/os_flag.o
 .comment       0x00000043       0x44 ./uC-OS3/Source/os_mem.o
 .comment       0x00000043       0x44 ./uC-OS3/Source/os_msg.o
 .comment       0x00000043       0x44 ./uC-OS3/Source/os_mutex.o
 .comment       0x00000043       0x44 ./uC-OS3/Source/os_prio.o
 .comment       0x00000043       0x44 ./uC-OS3/Source/os_stat.o
 .comment       0x00000043       0x44 ./uC-OS3/Source/os_task.o
 .comment       0x00000043       0x44 ./uC-OS3/Source/os_tick.o
 .comment       0x00000043       0x44 ./uC-OS3/Source/os_time.o
 .comment       0x00000043       0x44 ./uC-OS3/Source/os_tmr.o
 .comment       0x00000043       0x44 ./uC-OS3/Source/os_var.o

.debug_frame    0x00000000      0x1ac
 .debug_frame   0x00000000       0x20 C:/ST/STM32CubeIDE_1.11.0/STM32CubeIDE/plugins/com.st.stm32cube.ide.mcu.externaltools.gnu-tools-for-stm32.12.3.rel1.win32_1.0.200.202406191623/tools/bin/../lib/gcc/arm-none-eabi/12.3.1/../../../../arm-none-eabi/lib/thumb/v7e-m+fp/hard\libc_nano.a(libc_a-memset.o)
 .debug_frame   0x00000020       0x2c C:/ST/STM32CubeIDE_1.11.0/STM32CubeIDE/plugins/com.st.stm32cube.ide.mcu.externaltools.gnu-tools-for-stm32.12.3.rel1.win32_1.0.200.202406191623/tools/bin/../lib/gcc/arm-none-eabi/12.3.1/../../../../arm-none-eabi/lib/thumb/v7e-m+fp/hard\libc_nano.a(libc_a-init.o)
 .debug_frame   0x0000004c       0x30 C:/ST/STM32CubeIDE_1.11.0/STM32CubeIDE/plugins/com.st.stm32cube.ide.mcu.externaltools.gnu-tools-for-stm32.12.3.rel1.win32_1.0.200.202406191623/tools/bin/../lib/gcc/arm-none-eabi/12.3.1/thumb/v7e-m+fp/hard\libgcc.a(_arm_muldf3.o)
 .debug_frame   0x0000007c       0xac C:/ST/STM32CubeIDE_1.11.0/STM32CubeIDE/plugins/com.st.stm32cube.ide.mcu.externaltools.gnu-tools-for-stm32.12.3.rel1.win32_1.0.200.202406191623/tools/bin/../lib/gcc/arm-none-eabi/12.3.1/thumb/v7e-m+fp/hard\libgcc.a(_arm_addsubdf3.o)
 .debug_frame   0x00000128       0x24 C:/ST/STM32CubeIDE_1.11.0/STM32CubeIDE/plugins/com.st.stm32cube.ide.mcu.externaltools.gnu-tools-for-stm32.12.3.rel1.win32_1.0.200.202406191623/tools/bin/../lib/gcc/arm-none-eabi/12.3.1/thumb/v7e-m+fp/hard\libgcc.a(_arm_truncdfsf2.o)
 .debug_frame   0x0000014c       0x2c C:/ST/STM32CubeIDE_1.11.0/STM32CubeIDE/plugins/com.st.stm32cube.ide.mcu.externaltools.gnu-tools-for-stm32.12.3.rel1.win32_1.0.200.202406191623/tools/bin/../lib/gcc/arm-none-eabi/12.3.1/thumb/v7e-m+fp/hard\libgcc.a(_aeabi_uldivmod.o)
 .debug_frame   0x00000178       0x34 C:/ST/STM32CubeIDE_1.11.0/STM32CubeIDE/plugins/com.st.stm32cube.ide.mcu.externaltools.gnu-tools-for-stm32.12.3.rel1.win32_1.0.200.202406191623/tools/bin/../lib/gcc/arm-none-eabi/12.3.1/thumb/v7e-m+fp/hard\libgcc.a(_udivmoddi4.o)
