../App/Src/stm32f4xx_hal_msp.c:73:6:HAL_MspInit	8	static
../App/Src/stm32f4xx_hal_msp.c:96:6:HAL_ADC_MspInit	56	static
../App/Src/stm32f4xx_hal_msp.c:189:6:HAL_ADC_MspDeInit	8	static
../App/Src/stm32f4xx_hal_msp.c:239:6:HAL_DAC_MspInit	48	static
../App/Src/stm32f4xx_hal_msp.c:311:6:HAL_DAC_MspDeInit	8	static
../App/Src/stm32f4xx_hal_msp.c:343:6:HAL_TIM_Base_MspInit	8	static
../App/Src/stm32f4xx_hal_msp.c:370:6:HAL_TIM_MspPostInit	40	static
../App/Src/stm32f4xx_hal_msp.c:402:6:HAL_TIM_Base_MspDeInit	0	static
