Archive member included to satisfy reference by file (symbol)

C:/ST/STM32CubeIDE_1.11.0/STM32CubeIDE/plugins/com.st.stm32cube.ide.mcu.externaltools.gnu-tools-for-stm32.12.3.rel1.win32_1.0.200.202406191623/tools/bin/../lib/gcc/arm-none-eabi/12.3.1/../../../../arm-none-eabi/lib/thumb/v7e-m+fp/hard\libc_nano.a(libc_a-exit.o)
                              C:/ST/STM32CubeIDE_1.11.0/STM32CubeIDE/plugins/com.st.stm32cube.ide.mcu.externaltools.gnu-tools-for-stm32.12.3.rel1.win32_1.0.200.202406191623/tools/bin/../lib/gcc/arm-none-eabi/12.3.1/../../../../arm-none-eabi/lib/thumb/v7e-m+fp/hard/crt0.o (exit)
C:/ST/STM32CubeIDE_1.11.0/STM32CubeIDE/plugins/com.st.stm32cube.ide.mcu.externaltools.gnu-tools-for-stm32.12.3.rel1.win32_1.0.200.202406191623/tools/bin/../lib/gcc/arm-none-eabi/12.3.1/../../../../arm-none-eabi/lib/thumb/v7e-m+fp/hard\libc_nano.a(libc_a-findfp.o)
                              C:/ST/STM32CubeIDE_1.11.0/STM32CubeIDE/plugins/com.st.stm32cube.ide.mcu.externaltools.gnu-tools-for-stm32.12.3.rel1.win32_1.0.200.202406191623/tools/bin/../lib/gcc/arm-none-eabi/12.3.1/../../../../arm-none-eabi/lib/thumb/v7e-m+fp/hard\libc_nano.a(libc_a-exit.o) (__stdio_exit_handler)
C:/ST/STM32CubeIDE_1.11.0/STM32CubeIDE/plugins/com.st.stm32cube.ide.mcu.externaltools.gnu-tools-for-stm32.12.3.rel1.win32_1.0.200.202406191623/tools/bin/../lib/gcc/arm-none-eabi/12.3.1/../../../../arm-none-eabi/lib/thumb/v7e-m+fp/hard\libc_nano.a(libc_a-fwalk.o)
                              C:/ST/STM32CubeIDE_1.11.0/STM32CubeIDE/plugins/com.st.stm32cube.ide.mcu.externaltools.gnu-tools-for-stm32.12.3.rel1.win32_1.0.200.202406191623/tools/bin/../lib/gcc/arm-none-eabi/12.3.1/../../../../arm-none-eabi/lib/thumb/v7e-m+fp/hard\libc_nano.a(libc_a-findfp.o) (_fwalk_sglue)
C:/ST/STM32CubeIDE_1.11.0/STM32CubeIDE/plugins/com.st.stm32cube.ide.mcu.externaltools.gnu-tools-for-stm32.12.3.rel1.win32_1.0.200.202406191623/tools/bin/../lib/gcc/arm-none-eabi/12.3.1/../../../../arm-none-eabi/lib/thumb/v7e-m+fp/hard\libc_nano.a(libc_a-stdio.o)
                              C:/ST/STM32CubeIDE_1.11.0/STM32CubeIDE/plugins/com.st.stm32cube.ide.mcu.externaltools.gnu-tools-for-stm32.12.3.rel1.win32_1.0.200.202406191623/tools/bin/../lib/gcc/arm-none-eabi/12.3.1/../../../../arm-none-eabi/lib/thumb/v7e-m+fp/hard\libc_nano.a(libc_a-findfp.o) (__sread)
C:/ST/STM32CubeIDE_1.11.0/STM32CubeIDE/plugins/com.st.stm32cube.ide.mcu.externaltools.gnu-tools-for-stm32.12.3.rel1.win32_1.0.200.202406191623/tools/bin/../lib/gcc/arm-none-eabi/12.3.1/../../../../arm-none-eabi/lib/thumb/v7e-m+fp/hard\libc_nano.a(libc_a-memset.o)
                              C:/ST/STM32CubeIDE_1.11.0/STM32CubeIDE/plugins/com.st.stm32cube.ide.mcu.externaltools.gnu-tools-for-stm32.12.3.rel1.win32_1.0.200.202406191623/tools/bin/../lib/gcc/arm-none-eabi/12.3.1/../../../../arm-none-eabi/lib/thumb/v7e-m+fp/hard/crt0.o (memset)
C:/ST/STM32CubeIDE_1.11.0/STM32CubeIDE/plugins/com.st.stm32cube.ide.mcu.externaltools.gnu-tools-for-stm32.12.3.rel1.win32_1.0.200.202406191623/tools/bin/../lib/gcc/arm-none-eabi/12.3.1/../../../../arm-none-eabi/lib/thumb/v7e-m+fp/hard\libc_nano.a(libc_a-closer.o)
                              C:/ST/STM32CubeIDE_1.11.0/STM32CubeIDE/plugins/com.st.stm32cube.ide.mcu.externaltools.gnu-tools-for-stm32.12.3.rel1.win32_1.0.200.202406191623/tools/bin/../lib/gcc/arm-none-eabi/12.3.1/../../../../arm-none-eabi/lib/thumb/v7e-m+fp/hard\libc_nano.a(libc_a-stdio.o) (_close_r)
C:/ST/STM32CubeIDE_1.11.0/STM32CubeIDE/plugins/com.st.stm32cube.ide.mcu.externaltools.gnu-tools-for-stm32.12.3.rel1.win32_1.0.200.202406191623/tools/bin/../lib/gcc/arm-none-eabi/12.3.1/../../../../arm-none-eabi/lib/thumb/v7e-m+fp/hard\libc_nano.a(libc_a-reent.o)
                              C:/ST/STM32CubeIDE_1.11.0/STM32CubeIDE/plugins/com.st.stm32cube.ide.mcu.externaltools.gnu-tools-for-stm32.12.3.rel1.win32_1.0.200.202406191623/tools/bin/../lib/gcc/arm-none-eabi/12.3.1/../../../../arm-none-eabi/lib/thumb/v7e-m+fp/hard\libc_nano.a(libc_a-closer.o) (errno)
C:/ST/STM32CubeIDE_1.11.0/STM32CubeIDE/plugins/com.st.stm32cube.ide.mcu.externaltools.gnu-tools-for-stm32.12.3.rel1.win32_1.0.200.202406191623/tools/bin/../lib/gcc/arm-none-eabi/12.3.1/../../../../arm-none-eabi/lib/thumb/v7e-m+fp/hard\libc_nano.a(libc_a-impure.o)
                              C:/ST/STM32CubeIDE_1.11.0/STM32CubeIDE/plugins/com.st.stm32cube.ide.mcu.externaltools.gnu-tools-for-stm32.12.3.rel1.win32_1.0.200.202406191623/tools/bin/../lib/gcc/arm-none-eabi/12.3.1/../../../../arm-none-eabi/lib/thumb/v7e-m+fp/hard\libc_nano.a(libc_a-reent.o) (_impure_ptr)
C:/ST/STM32CubeIDE_1.11.0/STM32CubeIDE/plugins/com.st.stm32cube.ide.mcu.externaltools.gnu-tools-for-stm32.12.3.rel1.win32_1.0.200.202406191623/tools/bin/../lib/gcc/arm-none-eabi/12.3.1/../../../../arm-none-eabi/lib/thumb/v7e-m+fp/hard\libc_nano.a(libc_a-lseekr.o)
[...]
Memory Configuration

Name             Origin             Length             Attributes
CCMRAM           0x10000000         0x00010000         xrw
RAM              0x20000000         0x00020000         xrw
FLASH            0x08000000         0x00100000         xr
*default*        0x00000000         0xffffffff

Linker script and memory map

LOAD C:/ST/STM32CubeIDE_1.11.0/STM32CubeIDE/plugins/com.st.stm32cube.ide.mcu.externaltools.gnu-tools-for-stm32.12.3.rel1.win32_1.0.200.202406191623/tools/bin/../lib/gcc/arm-none-eabi/12.3.1/thumb/v7e-m+fp/hard/crti.o
LOAD C:/ST/STM32CubeIDE_1.11.0/STM32CubeIDE/plugins/com.st.stm32cube.ide.mcu.externaltools.gnu-tools-for-stm32.12.3.rel1.win32_1.0.200.202406191623/tools/bin/../lib/gcc/arm-none-eabi/12.3.1/thumb/v7e-m+fp/hard/crtbegin.o
LOAD C:/ST/STM32CubeIDE_1.11.0/STM32CubeIDE/plugins/com.st.stm32cube.ide.mcu.externaltools.gnu-tools-for-stm32.12.3.rel1.win32_1.0.200.202406191623/tools/bin/../lib/gcc/arm-none-eabi/12.3.1/../../../../arm-none-eabi/lib/thumb/v7e-m+fp/hard/crt0.o
LOAD ./App/Config/os_app_hooks.o
LOAD ./App/Src/bobina.o
LOAD ./App/Src/carroTransversal.o
LOAD ./App/Src/main.o
LOAD ./App/Src/perifericos.o
LOAD ./App/Src/stm32f4xx_hal_msp.o
LOAD ./App/Src/stm32f4xx_it.o
LOAD ./Drivers/STM32F4xx_HAL_Driver/Src/stm32f4xx_hal.o
LOAD ./Drivers/STM32F4xx_HAL_Driver/Src/stm32f4xx_hal_adc.o
LOAD ./Drivers/STM32F4xx_HAL_Driver/Src/stm32f4xx_hal_adc_ex.o
LOAD ./Drivers/STM32F4xx_HAL_Driver/Src/stm32f4xx_hal_cortex.o
LOAD ./Drivers/STM32F4xx_HAL_Driver/Src/stm32f4xx_hal_dac.o
LOAD ./Drivers/STM32F4xx_HAL_Driver/Src/stm32f4xx_hal_dac_ex.o
LOAD ./Drivers/STM32F4xx_HAL_Driver/Src/stm32f4xx_hal_dma.o
LOAD ./Drivers/STM32F4xx_HAL_Driver/Src/stm32f4xx_hal_dma_ex.o
LOAD ./Drivers/STM32F4xx_HAL_Driver/Src/stm32f4xx_hal_exti.o
LOAD ./Drivers/STM32F4xx_HAL_Driver/Src/stm32f4xx_hal_flash.o
LOAD ./Drivers/STM32F4xx_HAL_Driver/Src/stm32f4xx_hal_flash_ex.o
LOAD ./Drivers/STM32F4xx_HAL_Driver/Src/stm32f4xx_hal_flash_ramfunc.o
LOAD ./Drivers/STM32F4xx_HAL_Driver/Src/stm32f4xx_hal_gpio.o
LOAD ./Drivers/STM32F4xx_HAL_Driver/Src/stm32f4xx_hal_pwr.o
LOAD ./Drivers/STM32F4xx_HAL_Driver/Src/stm32f4xx_hal_pwr_ex.o
LOAD ./Drivers/STM32F4xx_HAL_Driver/Src/stm32f4xx_hal_rcc.o
LOAD ./Drivers/STM32F4xx_HAL_Driver/Src/stm32f4xx_hal_rcc_ex.o
LOAD ./Drivers/STM32F4xx_HAL_Driver/Src/stm32f4xx_hal_tim.o
LOAD ./Drivers/STM32F4xx_HAL_Driver/Src/stm32f4xx_hal_tim_ex.o
LOAD ./Drivers/STM32F4xx_HAL_Driver/Src/stm32f4xx_ll_adc.o
LOAD ./System/Startup/startup_stm32f407zgtx.o
LOAD ./System/syscalls.o
LOAD ./System/sysmem.o
LOAD ./System/system_stm32f4xx.o
LOAD ./uC-CPU/ARM-Cortex-M/ARMv7-M/GNU/cpu_a.o
LOAD ./uC-CPU/ARM-Cortex-M/ARMv7-M/cpu_c.o
LOAD ./uC-CPU/Cache/ARM/armv7m_generic_l1/cpu_cache_armv7m_generic_l1.o
LOAD ./uC-CPU/bsp_cpu.o
LOAD ./uC-CPU/cpu_core.o
LOAD ./uC-LIB/Ports/ARM-Cortex-M4/GNU/lib_mem_a.o
LOAD ./uC-LIB/lib_ascii.o
LOAD ./uC-LIB/lib_math.o
LOAD ./uC-LIB/lib_mem.o
LOAD ./uC-LIB/lib_str.o
LOAD ./uC-OS3/Ports/ARM-Cortex-M/ARMv7-M/GNU/os_cpu_a.o
LOAD ./uC-OS3/Ports/ARM-Cortex-M/ARMv7-M/os_cpu_c.o
LOAD ./uC-OS3/Source/os_cfg_app.o
LOAD ./uC-OS3/Source/os_core.o
LOAD ./uC-OS3/Source/os_dbg.o
LOAD ./uC-OS3/Source/os_flag.o
LOAD ./uC-OS3/Source/os_mem.o
LOAD ./uC-OS3/Source/os_msg.o
LOAD ./uC-OS3/Source/os_mutex.o
LOAD ./uC-OS3/Source/os_prio.o
LOAD ./uC-OS3/Source/os_q.o
LOAD ./uC-OS3/Source/os_sem.o
LOAD ./uC-OS3/Source/os_stat.o
LOAD ./uC-OS3/Source/os_task.o
LOAD ./uC-OS3/Source/os_tick.o
LOAD ./uC-OS3/Source/os_time.o
LOAD ./uC-OS3/Source/os_tmr.o
LOAD ./uC-OS3/Source/os_var.o
LOAD ./uC-OS3/TLS/NewLib/os_tls.o
LOAD ./uC-OS3/Template/bsp_os_dt.o
START GROUP
LOAD C:/ST/STM32CubeIDE_1.11.0/STM32CubeIDE/plugins/com.st.stm32cube.ide.mcu.externaltools.gnu-tools-for-stm32.12.3.rel1.win32_1.0.200.202406191623/tools/bin/../lib/gcc/arm-none-eabi/12.3.1/../../../../arm-none-eabi/lib/thumb/v7e-m+fp/hard\libc_nano.a
LOAD C:/ST/STM32CubeIDE_1.11.0/STM32CubeIDE/plugins/com.st.stm32cube.ide.mcu.externaltools.gnu-tools-for-stm32.12.3.rel1.win32_1.0.200.202406191623/tools/bin/../lib/gcc/arm-none-eabi/12.3.1/../../../../arm-none-eabi/lib/thumb/v7e-m+fp/hard\libm.a
END GROUP
START GROUP
LOAD C:/ST/STM32CubeIDE_1.11.0/STM32CubeIDE/plugins/com.st.stm32cube.ide.mcu.externaltools.gnu-tools-for-stm32.12.3.rel1.win32_1.0.200.202406191623/tools/bin/../lib/gcc/arm-none-eabi/12.3.1/thumb/v7e-m+fp/hard\libgcc.a
LOAD C:/ST/STM32CubeIDE_1.11.0/STM32CubeIDE/plugins/com.st.stm32cube.ide.mcu.externaltools.gnu-tools-for-stm32.12.3.rel1.win32_1.0.200.202406191623/tools/bin/../lib/gcc/arm-none-eabi/12.3.1/../../../../arm-none-eabi/lib/thumb/v7e-m+fp/hard\libc_nano.a
END GROUP
START GROUP
LOAD C:/ST/STM32CubeIDE_1.11.0/STM32CubeIDE/plugins/com.st.stm32cube.ide.mcu.externaltools.gnu-tools-for-stm32.12.3.rel1.win32_1.0.200.202406191623/tools/bin/../lib/gcc/arm-none-eabi/12.3.1/thumb/v7e-m+fp/hard\libgcc.a
LOAD C:/ST/STM32CubeIDE_1.11.0/STM32CubeIDE/plugins/com.st.stm32cube.ide.mcu.externaltools.gnu-tools-for-stm32.12.3.rel1.win32_1.0.200.202406191623/tools/bin/../lib/gcc/arm-none-eabi/12.3.1/../../../../arm-none-eabi/lib/thumb/v7e-m+fp/hard\libc_nano.a
LOAD C:/ST/STM32CubeIDE_1.11.0/STM32CubeIDE/plugins/com.st.stm32cube.ide.mcu.externaltools.gnu-tools-for-stm32.12.3.rel1.win32_1.0.200.202406191623/tools/bin/../lib/gcc/arm-none-eabi/12.3.1/../../../../arm-none-eabi/lib/thumb/v7e-m+fp/hard\libnosys.a
END GROUP
START GROUP
LOAD C:/ST/STM32CubeIDE_1.11.0/STM32CubeIDE/plugins/com.st.stm32cube.ide.mcu.externaltools.gnu-tools-for-stm32.12.3.rel1.win32_1.0.200.202406191623/tools/bin/../lib/gcc/arm-none-eabi/12.3.1/thumb/v7e-m+fp/hard\libgcc.a
LOAD C:/ST/STM32CubeIDE_1.11.0/STM32CubeIDE/plugins/com.st.stm32cube.ide.mcu.externaltools.gnu-tools-for-stm32.12.3.rel1.win32_1.0.200.202406191623/tools/bin/../lib/gcc/arm-none-eabi/12.3.1/../../../../arm-none-eabi/lib/thumb/v7e-m+fp/hard\libc_nano.a
LOAD C:/ST/STM32CubeIDE_1.11.0/STM32CubeIDE/plugins/com.st.stm32cube.ide.mcu.externaltools.gnu-tools-for-stm32.12.3.rel1.win32_1.0.200.202406191623/tools/bin/../lib/gcc/arm-none-eabi/12.3.1/../../../../arm-none-eabi/lib/thumb/v7e-m+fp/hard\libnosys.a
END GROUP
LOAD C:/ST/STM32CubeIDE_1.11.0/STM32CubeIDE/plugins/com.st.stm32cube.ide.mcu.externaltools.gnu-tools-for-stm32.12.3.rel1.win32_1.0.200.202406191623/tools/bin/../lib/gcc/arm-none-eabi/12.3.1/thumb/v7e-m+fp/hard/crtend.o
LOAD C:/ST/STM32CubeIDE_1.11.0/STM32CubeIDE/plugins/com.st.stm32cube.ide.mcu.externaltools.gnu-tools-for-stm32.12.3.rel1.win32_1.0.200.202406191623/tools/bin/../lib/gcc/arm-none-eabi/12.3.1/thumb/v7e-m+fp/hard/crtn.o
                0x20020000                        _estack = (ORIGIN (RAM) + LENGTH (RAM))
                0x00000200                        _Min_Heap_Size = 0x200
                0x00000400                        _Min_Stack_Size = 0x400

.isr_vector     0x08000000      0x188
                0x08000000                        . = ALIGN (0x4)
 *(.isr_vector)
 .isr_vector    0x08000000      0x188 ./System/Startup/startup_stm32f407zgtx.o
                0x08000000                g_pfnVectors
                0x08000188                        . = ALIGN (0x4)

.text           0x08000188     0x5cfc
                0x08000188                        . = ALIGN (0x4)
 *(.text)
 .text          0x08000188       0x40 C:/ST/STM32CubeIDE_1.11.0/STM32CubeIDE/plugins/com.st.stm32cube.ide.mcu.externaltools.gnu-tools-for-stm32.12.3.rel1.win32_1.0.200.202406191623/tools/bin/../lib/gcc/arm-none-eabi/12.3.1/thumb/v7e-m+fp/hard/crtbegin.o
 .text          0x080001c8       0x54 ./uC-CPU/ARM-Cortex-M/ARMv7-M/GNU/cpu_a.o
                0x080001c8                CPU_IntDis
                0x080001cc                CPU_IntEn
                0x080001d0                CPU_SR_Save
                0x080001ec                CPU_SR_Restore
                0x080001fe                CPU_WaitForInt
                0x08000202                CPU_WaitForExcept
                0x08000206                CPU_CntLeadZeros
                0x0800020c                CPU_CntTrailZeros
                0x08000216                CPU_RevBits
 .text          0x0800021c      0x118 ./uC-OS3/Ports/ARM-Cortex-M/ARMv7-M/GNU/os_cpu_a.o
                0x0800021c                OSStartHighRdy
                0x0800029a                OSIntCtxSw
                0x0800029a                OSCtxSw
                0x080002a4                OS_CPU_PendSVHandler
 .text          0x08000334      0x254 C:/ST/STM32CubeIDE_1.11.0/STM32CubeIDE/plugins/com.st.stm32cube.ide.mcu.externaltools.gnu-tools-for-stm32.12.3.rel1.win32_1.0.200.202406191623/tools/bin/../lib/gcc/arm-none-eabi/12.3.1/thumb/v7e-m+fp/hard\libgcc.a(_arm_muldf3.o)
                0x08000334                __muldf3
                0x08000334                __aeabi_dmul
 .text          0x08000588      0x378 C:/ST/STM32CubeIDE_1.11.0/STM32CubeIDE/plugins/com.st.stm32cube.ide.mcu.externaltools.gnu-tools-for-stm32.12.3.rel1.win32_1.0.200.202406191623/tools/bin/../lib/gcc/arm-none-eabi/12.3.1/thumb/v7e-m+fp/hard\libgcc.a(_arm_addsubdf3.o)
                0x08000588                __aeabi_drsub
                0x08000590                __aeabi_dsub
                0x08000590                __subdf3
                0x08000594                __aeabi_dadd
                0x08000594                __adddf3
                0x0800080c                __floatunsidf
                0x0800080c                __aeabi_ui2d
                0x0800082c                __floatsidf
                0x0800082c                __aeabi_i2d
                0x08000850                __aeabi_f2d
                0x08000850                __extendsfdf2
                0x08000894                __floatundidf
                0x08000894                __aeabi_ul2d
                0x080008a4                __floatdidf
                0x080008a4                __aeabi_l2d
 .text          0x08000900       0xa0 C:/ST/STM32CubeIDE_1.11.0/STM32CubeIDE/plugins/com.st.stm32cube.ide.mcu.externaltools.gnu-tools-for-stm32.12.3.rel1.win32_1.0.200.202406191623/tools/bin/../lib/gcc/arm-none-eabi/12.3.1/thumb/v7e-m+fp/hard\libgcc.a(_arm_truncdfsf2.o)
                0x08000900                __truncdfsf2
                0x08000900                __aeabi_d2f
 .text          0x080009a0       0x30 C:/ST/STM32CubeIDE_1.11.0/STM32CubeIDE/plugins/com.st.stm32cube.ide.mcu.externaltools.gnu-tools-for-stm32.12.3.rel1.win32_1.0.200.202406191623/tools/bin/../lib/gcc/arm-none-eabi/12.3.1/thumb/v7e-m+fp/hard\libgcc.a(_aeabi_uldivmod.o)
                0x080009a0                __aeabi_uldivmod
 .text          0x080009d0      0x2bc C:/ST/STM32CubeIDE_1.11.0/STM32CubeIDE/plugins/com.st.stm32cube.ide.mcu.externaltools.gnu-tools-for-stm32.12.3.rel1.win32_1.0.200.202406191623/tools/bin/../lib/gcc/arm-none-eabi/12.3.1/thumb/v7e-m+fp/hard\libgcc.a(_udivmoddi4.o)
                0x080009d0                __udivmoddi4
 .text          0x08000c8c        0x4 C:/ST/STM32CubeIDE_1.11.0/STM32CubeIDE/plugins/com.st.stm32cube.ide.mcu.externaltools.gnu-tools-for-stm32.12.3.rel1.win32_1.0.200.202406191623/tools/bin/../lib/gcc/arm-none-eabi/12.3.1/thumb/v7e-m+fp/hard\libgcc.a(_dvmd_tls.o)
                0x08000c8c                __aeabi_idiv0
                0x08000c8c                __aeabi_ldiv0
 *(.text*)
 .text.motorBobinaTask
                0x08000c90       0xe0 ./App/Src/bobina.o
 .text.HAL_ADC_ConvCpltCallback
                0x08000d70       0x2c ./App/Src/bobina.o
                0x08000d70                HAL_ADC_ConvCpltCallback
 .text.motorBobinaCreateTask
                0x08000d9c       0x50 ./App/Src/bobina.o
                0x08000d9c                motorBobinaCreateTask
 .text.carroTransversalSetDuty
                0x08000dec       0x50 ./App/Src/carroTransversal.o
 .text.carroTransversalDir
                0x08000e3c       0x70 ./App/Src/carroTransversal.o
 .text.carroTransversalHome
                0x08000eac       0x44 ./App/Src/carroTransversal.o
 .text.carroTransversalTask
                0x08000ef0      0x11c ./App/Src/carroTransversal.o
 .text.HAL_GPIO_EXTI_Callback
                0x0800100c       0xc8 ./App/Src/carroTransversal.o
                0x0800100c                HAL_GPIO_EXTI_Callback
 .text.carroTransversalCreateTask
                0x080010d4       0x54 ./App/Src/carroTransversal.o
                0x080010d4                carroTransversalCreateTask
 .text.programStartTask
                0x08001128       0x5c ./App/Src/main.o
 .text.Error_Handler
                0x08001184       0x18 ./App/Src/main.o
                0x08001184                Error_Handler
 .text.main     0x0800119c       0xa0 ./App/Src/main.o
                0x0800119c                main
 .text.SystemClock_Config
                0x0800123c       0xb0 ./App/Src/perifericos.o
                0x0800123c                SystemClock_Config
 .text.MX_ADC2_Init
                0x080012ec       0x74 ./App/Src/perifericos.o
                0x080012ec                MX_ADC2_Init
 .text.MX_DAC_Init
                0x08001360       0x54 ./App/Src/perifericos.o
                0x08001360                MX_DAC_Init
 .text.MX_TIM1_Init
                0x080013b4       0xe4 ./App/Src/perifericos.o
                0x080013b4                MX_TIM1_Init
 .text.MX_TIM2_Init
                0x08001498       0x70 ./App/Src/perifericos.o
                0x08001498                MX_TIM2_Init
 .text.MX_DMA_Init
                0x08001508       0x48 ./App/Src/perifericos.o
                0x08001508                MX_DMA_Init
 .text.MX_GPIO_Init
                0x08001550      0x1d0 ./App/Src/perifericos.o
                0x08001550                MX_GPIO_Init
 .text.HAL_MspInit
                0x08001720       0x38 ./App/Src/stm32f4xx_hal_msp.o
                0x08001720                HAL_MspInit
 .text.HAL_ADC_MspInit
                0x08001758       0xd8 ./App/Src/stm32f4xx_hal_msp.o
                0x08001758                HAL_ADC_MspInit
 .text.HAL_DAC_MspInit
                0x08001830       0xf8 ./App/Src/stm32f4xx_hal_msp.o
                0x08001830                HAL_DAC_MspInit
 .text.HAL_TIM_Base_MspInit
                0x08001928       0x50 ./App/Src/stm32f4xx_hal_msp.o
                0x08001928                HAL_TIM_Base_MspInit
 .text.HAL_TIM_MspPostInit
                0x08001978       0x5c ./App/Src/stm32f4xx_hal_msp.o
                0x08001978                HAL_TIM_MspPostInit
 .text.NMI_Handler
                0x080019d4        0x8 ./App/Src/stm32f4xx_it.o
                0x080019d4                NMI_Handler
 .text.HardFault_Handler
                0x080019dc        0x2 ./App/Src/stm32f4xx_it.o
                0x080019dc                HardFault_Handler
 .text.MemManage_Handler
                0x080019de        0x2 ./App/Src/stm32f4xx_it.o
                0x080019de                MemManage_Handler
 .text.BusFault_Handler
                0x080019e0        0x2 ./App/Src/stm32f4xx_it.o
                0x080019e0                BusFault_Handler
 .text.UsageFault_Handler
                0x080019e2        0x2 ./App/Src/stm32f4xx_it.o
                0x080019e2                UsageFault_Handler
 .text.SVC_Handler
                0x080019e4        0x2 ./App/Src/stm32f4xx_it.o
                0x080019e4                SVC_Handler
 .text.DebugMon_Handler
                0x080019e6        0x2 ./App/Src/stm32f4xx_it.o
                0x080019e6                DebugMon_Handler
 .text.EXTI3_IRQHandler
                0x080019e8        0xa ./App/Src/stm32f4xx_it.o
                0x080019e8                EXTI3_IRQHandler
 .text.EXTI15_10_IRQHandler
                0x080019f2       0x14 ./App/Src/stm32f4xx_it.o
                0x080019f2                EXTI15_10_IRQHandler
 *fill*         0x08001a06        0x2 
 .text.DMA2_Stream2_IRQHandler
                0x08001a08       0x10 ./App/Src/stm32f4xx_it.o
                0x08001a08                DMA2_Stream2_IRQHandler
 .text.HAL_InitTick
                0x08001a18       0x4c ./Drivers/STM32F4xx_HAL_Driver/Src/stm32f4xx_hal.o
                0x08001a18                HAL_InitTick
 .text.HAL_Init
                0x08001a64       0x34 ./Drivers/STM32F4xx_HAL_Driver/Src/stm32f4xx_hal.o
                0x08001a64                HAL_Init
 .text.HAL_GetTick
                0x08001a98        0xc ./Drivers/STM32F4xx_HAL_Driver/Src/stm32f4xx_hal.o
                0x08001a98                HAL_GetTick
 .text.ADC_Init
                0x08001aa4      0x134 ./Drivers/STM32F4xx_HAL_Driver/Src/stm32f4xx_hal_adc.o
 .text.HAL_ADC_Init
                0x08001bd8       0x56 ./Drivers/STM32F4xx_HAL_Driver/Src/stm32f4xx_hal_adc.o
                0x08001bd8                HAL_ADC_Init
 *fill*         0x08001c2e        0x2 
 .text.HAL_ADC_Start_DMA
                0x08001c30      0x19c ./Drivers/STM32F4xx_HAL_Driver/Src/stm32f4xx_hal_adc.o
                0x08001c30                HAL_ADC_Start_DMA
 .text.HAL_ADC_ConvHalfCpltCallback
                0x08001dcc        0x2 ./Drivers/STM32F4xx_HAL_Driver/Src/stm32f4xx_hal_adc.o
                0x08001dcc                HAL_ADC_ConvHalfCpltCallback
 .text.ADC_DMAHalfConvCplt
                0x08001dce        0xa ./Drivers/STM32F4xx_HAL_Driver/Src/stm32f4xx_hal_adc.o
 .text.HAL_ADC_ErrorCallback
                0x08001dd8        0x2 ./Drivers/STM32F4xx_HAL_Driver/Src/stm32f4xx_hal_adc.o
                0x08001dd8                HAL_ADC_ErrorCallback
 .text.ADC_DMAError
                0x08001dda       0x16 ./Drivers/STM32F4xx_HAL_Driver/Src/stm32f4xx_hal_adc.o
 .text.ADC_DMAConvCplt
                0x08001df0       0x72 ./Drivers/STM32F4xx_HAL_Driver/Src/stm32f4xx_hal_adc.o
 *fill*         0x08001e62        0x2 
 .text.HAL_ADC_ConfigChannel
                0x08001e64      0x194 ./Drivers/STM32F4xx_HAL_Driver/Src/stm32f4xx_hal_adc.o
                0x08001e64                HAL_ADC_ConfigChannel
 .text.__NVIC_EnableIRQ
                0x08001ff8       0x1c ./Drivers/STM32F4xx_HAL_Driver/Src/stm32f4xx_hal_cortex.o
 .text.__NVIC_SetPriority
                0x08002014       0x28 ./Drivers/STM32F4xx_HAL_Driver/Src/stm32f4xx_hal_cortex.o
 .text.NVIC_EncodePriority
                0x0800203c       0x3e ./Drivers/STM32F4xx_HAL_Driver/Src/stm32f4xx_hal_cortex.o
 *fill*         0x0800207a        0x2 
 .text.HAL_NVIC_SetPriorityGrouping
                0x0800207c       0x24 ./Drivers/STM32F4xx_HAL_Driver/Src/stm32f4xx_hal_cortex.o
                0x0800207c                HAL_NVIC_SetPriorityGrouping
 .text.HAL_NVIC_SetPriority
                0x080020a0       0x20 ./Drivers/STM32F4xx_HAL_Driver/Src/stm32f4xx_hal_cortex.o
                0x080020a0                HAL_NVIC_SetPriority
 .text.HAL_NVIC_EnableIRQ
                0x080020c0        0x8 ./Drivers/STM32F4xx_HAL_Driver/Src/stm32f4xx_hal_cortex.o
                0x080020c0                HAL_NVIC_EnableIRQ
 .text.HAL_SYSTICK_Config
                0x080020c8       0x28 ./Drivers/STM32F4xx_HAL_Driver/Src/stm32f4xx_hal_cortex.o
                0x080020c8                HAL_SYSTICK_Config
 .text.HAL_DAC_Init
                0x080020f0       0x24 ./Drivers/STM32F4xx_HAL_Driver/Src/stm32f4xx_hal_dac.o
                0x080020f0                HAL_DAC_Init
 .text.HAL_DAC_Start_DMA
                0x08002114       0xf0 ./Drivers/STM32F4xx_HAL_Driver/Src/stm32f4xx_hal_dac.o
                0x08002114                HAL_DAC_Start_DMA
 .text.HAL_DAC_ConvCpltCallbackCh1
                0x08002204        0x2 ./Drivers/STM32F4xx_HAL_Driver/Src/stm32f4xx_hal_dac.o
                0x08002204                HAL_DAC_ConvCpltCallbackCh1
 .text.DAC_DMAConvCpltCh1
                0x08002206       0x10 ./Drivers/STM32F4xx_HAL_Driver/Src/stm32f4xx_hal_dac.o
                0x08002206                DAC_DMAConvCpltCh1
 .text.HAL_DAC_ConvHalfCpltCallbackCh1
                0x08002216        0x2 ./Drivers/STM32F4xx_HAL_Driver/Src/stm32f4xx_hal_dac.o
                0x08002216                HAL_DAC_ConvHalfCpltCallbackCh1
 .text.DAC_DMAHalfConvCpltCh1
                0x08002218        0xa ./Drivers/STM32F4xx_HAL_Driver/Src/stm32f4xx_hal_dac.o
                0x08002218                DAC_DMAHalfConvCpltCh1
 .text.HAL_DAC_ErrorCallbackCh1
                0x08002222        0x2 ./Drivers/STM32F4xx_HAL_Driver/Src/stm32f4xx_hal_dac.o
                0x08002222                HAL_DAC_ErrorCallbackCh1
 .text.DAC_DMAErrorCh1
                0x08002224       0x18 ./Drivers/STM32F4xx_HAL_Driver/Src/stm32f4xx_hal_dac.o
                0x08002224                DAC_DMAErrorCh1
 .text.HAL_DAC_ConfigChannel
                0x0800223c       0x62 ./Drivers/STM32F4xx_HAL_Driver/Src/stm32f4xx_hal_dac.o
                0x0800223c                HAL_DAC_ConfigChannel
 .text.HAL_DACEx_ConvCpltCallbackCh2
                0x0800229e        0x2 ./Drivers/STM32F4xx_HAL_Driver/Src/stm32f4xx_hal_dac_ex.o
                0x0800229e                HAL_DACEx_ConvCpltCallbackCh2
 .text.HAL_DACEx_ConvHalfCpltCallbackCh2
                0x080022a0        0x2 ./Drivers/STM32F4xx_HAL_Driver/Src/stm32f4xx_hal_dac_ex.o
                0x080022a0                HAL_DACEx_ConvHalfCpltCallbackCh2
 .text.HAL_DACEx_ErrorCallbackCh2
                0x080022a2        0x2 ./Drivers/STM32F4xx_HAL_Driver/Src/stm32f4xx_hal_dac_ex.o
                0x080022a2                HAL_DACEx_ErrorCallbackCh2
 .text.DAC_DMAConvCpltCh2
                0x080022a4       0x10 ./Drivers/STM32F4xx_HAL_Driver/Src/stm32f4xx_hal_dac_ex.o
                0x080022a4                DAC_DMAConvCpltCh2
 .text.DAC_DMAHalfConvCpltCh2
                0x080022b4        0xa ./Drivers/STM32F4xx_HAL_Driver/Src/stm32f4xx_hal_dac_ex.o
                0x080022b4                DAC_DMAHalfConvCpltCh2
 .text.DAC_DMAErrorCh2
                0x080022be       0x18 ./Drivers/STM32F4xx_HAL_Driver/Src/stm32f4xx_hal_dac_ex.o
                0x080022be                DAC_DMAErrorCh2
 .text.DMA_SetConfig
                0x080022d6       0x2c ./Drivers/STM32F4xx_HAL_Driver/Src/stm32f4xx_hal_dma.o
 *fill*         0x08002302        0x2 
 .text.DMA_CalcBaseAndBitshift
                0x08002304       0x44 ./Drivers/STM32F4xx_HAL_Driver/Src/stm32f4xx_hal_dma.o
 .text.DMA_CheckFifoParam
                0x08002348       0x8e ./Drivers/STM32F4xx_HAL_Driver/Src/stm32f4xx_hal_dma.o
 *fill*         0x080023d6        0x2 
 .text.HAL_DMA_Init
                0x080023d8       0xcc ./Drivers/STM32F4xx_HAL_Driver/Src/stm32f4xx_hal_dma.o
                0x080023d8                HAL_DMA_Init
 .text.HAL_DMA_Start_IT
                0x080024a4       0x6a ./Drivers/STM32F4xx_HAL_Driver/Src/stm32f4xx_hal_dma.o
                0x080024a4                HAL_DMA_Start_IT
 *fill*         0x0800250e        0x2 
 .text.HAL_DMA_IRQHandler
                0x08002510      0x1dc ./Drivers/STM32F4xx_HAL_Driver/Src/stm32f4xx_hal_dma.o
                0x08002510                HAL_DMA_IRQHandler
 .text.HAL_GPIO_Init
                0x080026ec      0x1ec ./Drivers/STM32F4xx_HAL_Driver/Src/stm32f4xx_hal_gpio.o
                0x080026ec                HAL_GPIO_Init
 .text.HAL_GPIO_ReadPin
                0x080028d8        0xe ./Drivers/STM32F4xx_HAL_Driver/Src/stm32f4xx_hal_gpio.o
                0x080028d8                HAL_GPIO_ReadPin
 .text.HAL_GPIO_WritePin
                0x080028e6        0xc ./Drivers/STM32F4xx_HAL_Driver/Src/stm32f4xx_hal_gpio.o
                0x080028e6                HAL_GPIO_WritePin
 .text.HAL_GPIO_TogglePin
                0x080028f2       0x12 ./Drivers/STM32F4xx_HAL_Driver/Src/stm32f4xx_hal_gpio.o
                0x080028f2                HAL_GPIO_TogglePin
 .text.HAL_GPIO_EXTI_IRQHandler
                0x08002904       0x1c ./Drivers/STM32F4xx_HAL_Driver/Src/stm32f4xx_hal_gpio.o
                0x08002904                HAL_GPIO_EXTI_IRQHandler
 .text.HAL_RCC_OscConfig
                0x08002920      0x3f8 ./Drivers/STM32F4xx_HAL_Driver/Src/stm32f4xx_hal_rcc.o
                0x08002920                HAL_RCC_OscConfig
 .text.HAL_RCC_EnableCSS
                0x08002d18        0xc ./Drivers/STM32F4xx_HAL_Driver/Src/stm32f4xx_hal_rcc.o
                0x08002d18                HAL_RCC_EnableCSS
 .text.HAL_RCC_GetSysClockFreq
                0x08002d24       0xa8 ./Drivers/STM32F4xx_HAL_Driver/Src/stm32f4xx_hal_rcc.o
                0x08002d24                HAL_RCC_GetSysClockFreq
 .text.HAL_RCC_ClockConfig
                0x08002dcc      0x160 ./Drivers/STM32F4xx_HAL_Driver/Src/stm32f4xx_hal_rcc.o
                0x08002dcc                HAL_RCC_ClockConfig
 .text.HAL_RCC_CSSCallback
                0x08002f2c        0x2 ./Drivers/STM32F4xx_HAL_Driver/Src/stm32f4xx_hal_rcc.o
                0x08002f2c                HAL_RCC_CSSCallback
 *fill*         0x08002f2e        0x2 
 .text.HAL_RCC_NMI_IRQHandler
                0x08002f30       0x20 ./Drivers/STM32F4xx_HAL_Driver/Src/stm32f4xx_hal_rcc.o
                0x08002f30                HAL_RCC_NMI_IRQHandler
 .text.TIM_OC1_SetConfig
                0x08002f50       0x70 ./Drivers/STM32F4xx_HAL_Driver/Src/stm32f4xx_hal_tim.o
 .text.TIM_OC3_SetConfig
                0x08002fc0       0x70 ./Drivers/STM32F4xx_HAL_Driver/Src/stm32f4xx_hal_tim.o
 .text.TIM_OC4_SetConfig
                0x08003030       0x50 ./Drivers/STM32F4xx_HAL_Driver/Src/stm32f4xx_hal_tim.o
 .text.TIM_TI1_ConfigInputStage
                0x08003080       0x26 ./Drivers/STM32F4xx_HAL_Driver/Src/stm32f4xx_hal_tim.o
 .text.TIM_TI2_ConfigInputStage
                0x080030a6       0x28 ./Drivers/STM32F4xx_HAL_Driver/Src/stm32f4xx_hal_tim.o
 .text.TIM_ITRx_SetConfig
                0x080030ce       0x10 ./Drivers/STM32F4xx_HAL_Driver/Src/stm32f4xx_hal_tim.o
 *fill*         0x080030de        0x2 
 .text.HAL_TIM_Base_Start
                0x080030e0       0x7c ./Drivers/STM32F4xx_HAL_Driver/Src/stm32f4xx_hal_tim.o
                0x080030e0                HAL_TIM_Base_Start
 .text.HAL_TIM_PWM_MspInit
                0x0800315c        0x2 ./Drivers/STM32F4xx_HAL_Driver/Src/stm32f4xx_hal_tim.o
                0x0800315c                HAL_TIM_PWM_MspInit
 *fill*         0x0800315e        0x2 
 .text.TIM_Base_SetConfig
                0x08003160       0xd8 ./Drivers/STM32F4xx_HAL_Driver/Src/stm32f4xx_hal_tim.o
                0x08003160                TIM_Base_SetConfig
 .text.HAL_TIM_Base_Init
                0x08003238       0x58 ./Drivers/STM32F4xx_HAL_Driver/Src/stm32f4xx_hal_tim.o
                0x08003238                HAL_TIM_Base_Init
 .text.HAL_TIM_PWM_Init
                0x08003290       0x58 ./Drivers/STM32F4xx_HAL_Driver/Src/stm32f4xx_hal_tim.o
                0x08003290                HAL_TIM_PWM_Init
 .text.TIM_OC2_SetConfig
                0x080032e8       0x70 ./Drivers/STM32F4xx_HAL_Driver/Src/stm32f4xx_hal_tim.o
                0x080032e8                TIM_OC2_SetConfig
 .text.HAL_TIM_PWM_ConfigChannel
                0x08003358       0xdc ./Drivers/STM32F4xx_HAL_Driver/Src/stm32f4xx_hal_tim.o
                0x08003358                HAL_TIM_PWM_ConfigChannel
 .text.TIM_ETR_SetConfig
                0x08003434       0x1a ./Drivers/STM32F4xx_HAL_Driver/Src/stm32f4xx_hal_tim.o
                0x08003434                TIM_ETR_SetConfig
 .text.HAL_TIM_ConfigClockSource
                0x0800344e       0xfe ./Drivers/STM32F4xx_HAL_Driver/Src/stm32f4xx_hal_tim.o
                0x0800344e                HAL_TIM_ConfigClockSource
 .text.TIM_CCxChannelCmd
                0x0800354c       0x1e ./Drivers/STM32F4xx_HAL_Driver/Src/stm32f4xx_hal_tim.o
                0x0800354c                TIM_CCxChannelCmd
 *fill*         0x0800356a        0x2 
 .text.HAL_TIM_PWM_Start
                0x0800356c      0x104 ./Drivers/STM32F4xx_HAL_Driver/Src/stm32f4xx_hal_tim.o
                0x0800356c                HAL_TIM_PWM_Start
 .text.HAL_TIMEx_MasterConfigSynchronization
                0x08003670       0x8c ./Drivers/STM32F4xx_HAL_Driver/Src/stm32f4xx_hal_tim_ex.o
                0x08003670                HAL_TIMEx_MasterConfigSynchronization
 .text.HAL_TIMEx_ConfigBreakDeadTime
                0x080036fc       0x52 ./Drivers/STM32F4xx_HAL_Driver/Src/stm32f4xx_hal_tim_ex.o
                0x080036fc                HAL_TIMEx_ConfigBreakDeadTime
 *fill*         0x0800374e        0x2 
 .text.Reset_Handler
                0x08003750       0x50 ./System/Startup/startup_stm32f407zgtx.o
                0x08003750                Reset_Handler
 .text.Default_Handler
                0x080037a0        0x2 ./System/Startup/startup_stm32f407zgtx.o
                0x080037a0                RTC_Alarm_IRQHandler
                0x080037a0                HASH_RNG_IRQHandler
                0x080037a0                EXTI2_IRQHandler
                0x080037a0                TIM8_CC_IRQHandler
                0x080037a0                TIM1_CC_IRQHandler
                0x080037a0                DMA2_Stream5_IRQHandler
                0x080037a0                DMA1_Stream5_IRQHandler
                0x080037a0                PVD_IRQHandler
                0x080037a0                SDIO_IRQHandler
                0x080037a0                TAMP_STAMP_IRQHandler
                0x080037a0                CAN2_RX1_IRQHandler
                0x080037a0                TIM8_TRG_COM_TIM14_IRQHandler
                0x080037a0                TIM1_UP_TIM10_IRQHandler
                0x080037a0                TIM8_UP_TIM13_IRQHandler
                0x080037a0                I2C3_ER_IRQHandler
                0x080037a0                EXTI0_IRQHandler
                0x080037a0                I2C2_EV_IRQHandler
                0x080037a0                DMA1_Stream2_IRQHandler
                0x080037a0                CAN1_RX0_IRQHandler
                0x080037a0                FPU_IRQHandler
                0x080037a0                OTG_HS_WKUP_IRQHandler
                0x080037a0                CAN2_SCE_IRQHandler
                0x080037a0                SPI1_IRQHandler
                0x080037a0                TIM6_DAC_IRQHandler
                0x080037a0                TIM1_BRK_TIM9_IRQHandler
                0x080037a0                DCMI_IRQHandler
                0x080037a0                CAN2_RX0_IRQHandler
                0x080037a0                DMA2_Stream3_IRQHandler
                0x080037a0                USART6_IRQHandler
                0x080037a0                USART3_IRQHandler
                0x080037a0                CAN1_RX1_IRQHandler
                0x080037a0                UART5_IRQHandler
                0x080037a0                DMA2_Stream0_IRQHandler
                0x080037a0                TIM4_IRQHandler
                0x080037a0                I2C1_EV_IRQHandler
                0x080037a0                DMA1_Stream6_IRQHandler
                0x080037a0                DMA1_Stream1_IRQHandler
                0x080037a0                UART4_IRQHandler
                0x080037a0                TIM3_IRQHandler
                0x080037a0                RCC_IRQHandler
                0x080037a0                TIM8_BRK_TIM12_IRQHandler
                0x080037a0                Default_Handler
                0x080037a0                ADC_IRQHandler
                0x080037a0                DMA1_Stream7_IRQHandler
                0x080037a0                TIM7_IRQHandler
                0x080037a0                CAN2_TX_IRQHandler
                0x080037a0                TIM5_IRQHandler
                0x080037a0                DMA2_Stream7_IRQHandler
                0x080037a0                I2C3_EV_IRQHandler
                0x080037a0                EXTI9_5_IRQHandler
                0x080037a0                RTC_WKUP_IRQHandler
                0x080037a0                ETH_WKUP_IRQHandler
                0x080037a0                SPI2_IRQHandler
                0x080037a0                OTG_HS_EP1_IN_IRQHandler
                0x080037a0                DMA1_Stream0_IRQHandler
                0x080037a0                CAN1_TX_IRQHandler
                0x080037a0                EXTI4_IRQHandler
                0x080037a0                FSMC_IRQHandler
                0x080037a0                ETH_IRQHandler
                0x080037a0                OTG_HS_EP1_OUT_IRQHandler
                0x080037a0                WWDG_IRQHandler
                0x080037a0                TIM2_IRQHandler
                0x080037a0                OTG_FS_WKUP_IRQHandler
                0x080037a0                TIM1_TRG_COM_TIM11_IRQHandler
                0x080037a0                OTG_HS_IRQHandler
                0x080037a0                EXTI1_IRQHandler
                0x080037a0                USART2_IRQHandler
                0x080037a0                I2C2_ER_IRQHandler
                0x080037a0                DMA2_Stream1_IRQHandler
                0x080037a0                CAN1_SCE_IRQHandler
                0x080037a0                FLASH_IRQHandler
                0x080037a0                DMA2_Stream4_IRQHandler
                0x080037a0                USART1_IRQHandler
                0x080037a0                OTG_FS_IRQHandler
                0x080037a0                SPI3_IRQHandler
                0x080037a0                DMA1_Stream4_IRQHandler
                0x080037a0                I2C1_ER_IRQHandler
                0x080037a0                DMA2_Stream6_IRQHandler
                0x080037a0                DMA1_Stream3_IRQHandler
 *fill*         0x080037a2        0x2 
 .text.SystemInit
                0x080037a4       0x14 ./System/system_stm32f4xx.o
                0x080037a4                SystemInit
 .text.CPU_DCache_LineSizeGet
                0x080037b8       0x14 ./uC-CPU/Cache/ARM/armv7m_generic_l1/cpu_cache_armv7m_generic_l1.o
 .text.CPU_Cache_Init
                0x080037cc       0x10 ./uC-CPU/Cache/ARM/armv7m_generic_l1/cpu_cache_armv7m_generic_l1.o
                0x080037cc                CPU_Cache_Init
 .text.CPU_NameClr
                0x080037dc       0x20 ./uC-CPU/cpu_core.o
                0x080037dc                CPU_NameClr
 .text.CPU_NameInit
                0x080037fc        0x8 ./uC-CPU/cpu_core.o
 .text.CPU_Init
                0x08003804        0xc ./uC-CPU/cpu_core.o
                0x08003804                CPU_Init
 .text.Mem_Set  0x08003810       0x4a ./uC-LIB/lib_mem.o
                0x08003810                Mem_Set
 .text.Mem_Clr  0x0800385a        0xc ./uC-LIB/lib_mem.o
                0x0800385a                Mem_Clr
 *fill*         0x08003866        0x2 
 .text.OSInitHook
                0x08003868       0x44 ./uC-OS3/Ports/ARM-Cortex-M/ARMv7-M/os_cpu_c.o
                0x08003868                OSInitHook
 .text.OSStatTaskHook
                0x080038ac        0x2 ./uC-OS3/Ports/ARM-Cortex-M/ARMv7-M/os_cpu_c.o
                0x080038ac                OSStatTaskHook
 .text.OSTaskCreateHook
                0x080038ae        0x2 ./uC-OS3/Ports/ARM-Cortex-M/ARMv7-M/os_cpu_c.o
                0x080038ae                OSTaskCreateHook
 .text.OSTaskDelHook
                0x080038b0        0x2 ./uC-OS3/Ports/ARM-Cortex-M/ARMv7-M/os_cpu_c.o
                0x080038b0                OSTaskDelHook
 .text.OSTaskReturnHook
                0x080038b2        0x2 ./uC-OS3/Ports/ARM-Cortex-M/ARMv7-M/os_cpu_c.o
                0x080038b2                OSTaskReturnHook
 .text.OSTaskStkInit
                0x080038b4       0x94 ./uC-OS3/Ports/ARM-Cortex-M/ARMv7-M/os_cpu_c.o
                0x080038b4                OSTaskStkInit
 .text.OSTaskSwHook
                0x08003948       0x30 ./uC-OS3/Ports/ARM-Cortex-M/ARMv7-M/os_cpu_c.o
                0x08003948                OSTaskSwHook
 .text.OSTimeTickHook
                0x08003978        0x2 ./uC-OS3/Ports/ARM-Cortex-M/ARMv7-M/os_cpu_c.o
                0x08003978                OSTimeTickHook
 .text.OS_CPU_SysTickHandler
                0x0800397a       0x1e ./uC-OS3/Ports/ARM-Cortex-M/ARMv7-M/os_cpu_c.o
                0x0800397a                OS_CPU_SysTickHandler
 .text.OSCfg_Init
                0x08003998        0x2 ./uC-OS3/Source/os_cfg_app.o
                0x08003998                OSCfg_Init
 *fill*         0x0800399a        0x2 
 .text.OS_IdleTask
                0x0800399c       0x28 ./uC-OS3/Source/os_core.o
                0x0800399c                OS_IdleTask
 .text.OSIntEnter
                0x080039c4       0x20 ./uC-OS3/Source/os_core.o
                0x080039c4                OSIntEnter
 .text.OSIntExit
                0x080039e4       0xa0 ./uC-OS3/Source/os_core.o
                0x080039e4                OSIntExit
 .text.OSSched  0x08003a84       0x88 ./uC-OS3/Source/os_core.o
                0x08003a84                OSSched
 .text.OSStart  0x08003b0c       0x84 ./uC-OS3/Source/os_core.o
                0x08003b0c                OSStart
 .text.OS_IdleTaskInit
                0x08003b90       0x58 ./uC-OS3/Source/os_core.o
                0x08003b90                OS_IdleTaskInit
 .text.OS_PendDbgNameAdd
                0x08003be8       0x40 ./uC-OS3/Source/os_core.o
                0x08003be8                OS_PendDbgNameAdd
 .text.OS_PendDbgNameRemove
                0x08003c28       0x1c ./uC-OS3/Source/os_core.o
                0x08003c28                OS_PendDbgNameRemove
 .text.OS_PendListInit
                0x08003c44        0xa ./uC-OS3/Source/os_core.o
                0x08003c44                OS_PendListInit
 .text.OS_PendListInsertPrio
                0x08003c4e       0x54 ./uC-OS3/Source/os_core.o
                0x08003c4e                OS_PendListInsertPrio
 .text.OS_PendListRemove
                0x08003ca2       0x3c ./uC-OS3/Source/os_core.o
                0x08003ca2                OS_PendListRemove
 .text.OS_PendListChangePrio
                0x08003cde       0x20 ./uC-OS3/Source/os_core.o
                0x08003cde                OS_PendListChangePrio
 *fill*         0x08003cfe        0x2 
 .text.OS_RdyListInit
                0x08003d00       0x2c ./uC-OS3/Source/os_core.o
                0x08003d00                OS_RdyListInit
 .text.OSInit   0x08003d2c      0x140 ./uC-OS3/Source/os_core.o
                0x08003d2c                OSInit
 .text.OS_RdyListInsertHead
                0x08003e6c       0x5c ./uC-OS3/Source/os_core.o
                0x08003e6c                OS_RdyListInsertHead
 .text.OS_RdyListInsertTail
                0x08003ec8       0x68 ./uC-OS3/Source/os_core.o
                0x08003ec8                OS_RdyListInsertTail
 .text.OS_RdyListInsert
                0x08003f30       0x2c ./uC-OS3/Source/os_core.o
                0x08003f30                OS_RdyListInsert
 .text.OS_Post  0x08003f5c       0x90 ./uC-OS3/Source/os_core.o
                0x08003f5c                OS_Post
 .text.OS_RdyListMoveHeadToTail
                0x08003fec       0x36 ./uC-OS3/Source/os_core.o
                0x08003fec                OS_RdyListMoveHeadToTail
 *fill*         0x08004022        0x2 
 .text.OS_RdyListRemove
                0x08004024       0x78 ./uC-OS3/Source/os_core.o
                0x08004024                OS_RdyListRemove
 .text.OS_SchedRoundRobin
                0x0800409c       0x8c ./uC-OS3/Source/os_core.o
                0x0800409c                OS_SchedRoundRobin
 .text.OS_TaskBlock
                0x08004128       0x2c ./uC-OS3/Source/os_core.o
                0x08004128                OS_TaskBlock
 .text.OS_Pend  0x08004154       0x36 ./uC-OS3/Source/os_core.o
                0x08004154                OS_Pend
 *fill*         0x0800418a        0x2 
 .text.OS_Dbg_Init
                0x0800418c      0x234 ./uC-OS3/Source/os_dbg.o
                0x0800418c                OS_Dbg_Init
 .text.OS_FlagBlock
                0x080043c0       0x24 ./uC-OS3/Source/os_flag.o
                0x080043c0                OS_FlagBlock
 .text.OSFlagPend
                0x080043e4      0x330 ./uC-OS3/Source/os_flag.o
                0x080043e4                OSFlagPend
 .text.OS_FlagDbgListAdd
                0x08004714       0x24 ./uC-OS3/Source/os_flag.o
                0x08004714                OS_FlagDbgListAdd
 .text.OSFlagCreate
                0x08004738       0x60 ./uC-OS3/Source/os_flag.o
                0x08004738                OSFlagCreate
 .text.OS_FlagTaskRdy
                0x08004798       0x58 ./uC-OS3/Source/os_flag.o
                0x08004798                OS_FlagTaskRdy
 .text.OSFlagPost
                0x080047f0      0x150 ./uC-OS3/Source/os_flag.o
                0x080047f0                OSFlagPost
 .text.OS_MemInit
                0x08004940       0x18 ./uC-OS3/Source/os_mem.o
                0x08004940                OS_MemInit
 .text.OS_MsgPoolInit
                0x08004958       0x58 ./uC-OS3/Source/os_msg.o
                0x08004958                OS_MsgPoolInit
 .text.OS_MsgQFreeAll
                0x080049b0       0x40 ./uC-OS3/Source/os_msg.o
                0x080049b0                OS_MsgQFreeAll
 .text.OS_MsgQInit
                0x080049f0        0xe ./uC-OS3/Source/os_msg.o
                0x080049f0                OS_MsgQInit
 *fill*         0x080049fe        0x2 
 .text.OS_MutexDbgListAdd
                0x08004a00       0x24 ./uC-OS3/Source/os_mutex.o
                0x08004a00                OS_MutexDbgListAdd
 .text.OSMutexCreate
                0x08004a24       0x5c ./uC-OS3/Source/os_mutex.o
                0x08004a24                OSMutexCreate
 .text.OS_MutexGrpAdd
                0x08004a80        0x8 ./uC-OS3/Source/os_mutex.o
                0x08004a80                OS_MutexGrpAdd
 .text.OSMutexPend
                0x08004a88      0x148 ./uC-OS3/Source/os_mutex.o
                0x08004a88                OSMutexPend
 .text.OS_MutexGrpRemove
                0x08004bd0       0x14 ./uC-OS3/Source/os_mutex.o
                0x08004bd0                OS_MutexGrpRemove
 .text.OS_MutexGrpPrioFindHighest
                0x08004be4       0x22 ./uC-OS3/Source/os_mutex.o
                0x08004be4                OS_MutexGrpPrioFindHighest
 .text.OS_MutexGrpPostAll
                0x08004c06       0x4a ./uC-OS3/Source/os_mutex.o
                0x08004c06                OS_MutexGrpPostAll
 .text.OS_PrioInit
                0x08004c50       0x18 ./uC-OS3/Source/os_prio.o
                0x08004c50                OS_PrioInit
 .text.OS_PrioGetHighest
                0x08004c68       0x14 ./uC-OS3/Source/os_prio.o
                0x08004c68                OS_PrioGetHighest
 .text.OS_PrioInsert
                0x08004c7c       0x14 ./uC-OS3/Source/os_prio.o
                0x08004c7c                OS_PrioInsert
 .text.OS_PrioRemove
                0x08004c90       0x18 ./uC-OS3/Source/os_prio.o
                0x08004c90                OS_PrioRemove
 .text.OSStatReset
                0x08004ca8       0x94 ./uC-OS3/Source/os_stat.o
                0x08004ca8                OSStatReset
 .text.OS_StatTask
                0x08004d3c      0x254 ./uC-OS3/Source/os_stat.o
                0x08004d3c                OS_StatTask
 .text.OS_StatTaskInit
                0x08004f90       0xb8 ./uC-OS3/Source/os_stat.o
                0x08004f90                OS_StatTaskInit
 .text.OSTaskStkChk
                0x08005048       0x80 ./uC-OS3/Source/os_task.o
                0x08005048                OSTaskStkChk
 .text.OS_TaskDbgListAdd
                0x080050c8       0x24 ./uC-OS3/Source/os_task.o
                0x080050c8                OS_TaskDbgListAdd
 .text.OS_TaskDbgListRemove
                0x080050ec       0x44 ./uC-OS3/Source/os_task.o
                0x080050ec                OS_TaskDbgListRemove
 .text.OS_TaskInit
                0x08005130       0x20 ./uC-OS3/Source/os_task.o
                0x08005130                OS_TaskInit
 .text.OS_TaskInitTCB
                0x08005150       0xc4 ./uC-OS3/Source/os_task.o
                0x08005150                OS_TaskInitTCB
 .text.OSTaskCreate
                0x08005214      0x138 ./uC-OS3/Source/os_task.o
                0x08005214                OSTaskCreate
 .text.OS_TaskChangePrio
                0x0800534c       0xe8 ./uC-OS3/Source/os_task.o
                0x0800534c                OS_TaskChangePrio
 .text.OSTaskDel
                0x08005434      0x144 ./uC-OS3/Source/os_task.o
                0x08005434                OSTaskDel
 .text.OS_TaskReturn
                0x08005578       0x20 ./uC-OS3/Source/os_task.o
                0x08005578                OS_TaskReturn
 .text.OS_TickListUpdate
                0x08005598      0x10c ./uC-OS3/Source/os_tick.o
 .text.OS_TickInit
                0x080056a4       0x1c ./uC-OS3/Source/os_tick.o
                0x080056a4                OS_TickInit
 .text.OS_TickUpdate
                0x080056c0       0x28 ./uC-OS3/Source/os_tick.o
                0x080056c0                OS_TickUpdate
 .text.OS_TickListInsert
                0x080056e8       0xac ./uC-OS3/Source/os_tick.o
                0x080056e8                OS_TickListInsert
 .text.OS_TickListInsertDly
                0x08005794       0x6c ./uC-OS3/Source/os_tick.o
                0x08005794                OS_TickListInsertDly
 .text.OS_TickListRemove
                0x08005800       0x58 ./uC-OS3/Source/os_tick.o
                0x08005800                OS_TickListRemove
 .text.OSTimeDly
                0x08005858       0x80 ./uC-OS3/Source/os_time.o
                0x08005858                OSTimeDly
 .text.OSTimeDlyHMSM
                0x080058d8       0xc0 ./uC-OS3/Source/os_time.o
                0x080058d8                OSTimeDlyHMSM
 .text.OSTimeTick
                0x08005998       0x38 ./uC-OS3/Source/os_time.o
                0x08005998                OSTimeTick
 .text.OS_TmrLock
                0x080059d0       0x20 ./uC-OS3/Source/os_tmr.o
 .text.OS_TmrCondCreate
                0x080059f0       0x30 ./uC-OS3/Source/os_tmr.o
 .text.OS_TmrCondSignal
                0x08005a20       0x38 ./uC-OS3/Source/os_tmr.o
 .text.OS_TmrCondWait
                0x08005a58       0xdc ./uC-OS3/Source/os_tmr.o
 .text.OS_TmrInit
                0x08005b34       0xdc ./uC-OS3/Source/os_tmr.o
                0x08005b34                OS_TmrInit
 .text.OS_TmrLink
                0x08005c10       0x9c ./uC-OS3/Source/os_tmr.o
                0x08005c10                OS_TmrLink
 .text.OS_TmrUnlink
                0x08005cac       0xa4 ./uC-OS3/Source/os_tmr.o
                0x08005cac                OS_TmrUnlink
 .text.OS_TmrTask
                0x08005d50       0xc4 ./uC-OS3/Source/os_tmr.o
                0x08005d50                OS_TmrTask
 .text.memset   0x08005e14       0x10 C:/ST/STM32CubeIDE_1.11.0/STM32CubeIDE/plugins/com.st.stm32cube.ide.mcu.externaltools.gnu-tools-for-stm32.12.3.rel1.win32_1.0.200.202406191623/tools/bin/../lib/gcc/arm-none-eabi/12.3.1/../../../../arm-none-eabi/lib/thumb/v7e-m+fp/hard\libc_nano.a(libc_a-memset.o)
                0x08005e14                memset
 .text.__libc_init_array
                0x08005e24       0x48 C:/ST/STM32CubeIDE_1.11.0/STM32CubeIDE/plugins/com.st.stm32cube.ide.mcu.externaltools.gnu-tools-for-stm32.12.3.rel1.win32_1.0.200.202406191623/tools/bin/../lib/gcc/arm-none-eabi/12.3.1/../../../../arm-none-eabi/lib/thumb/v7e-m+fp/hard\libc_nano.a(libc_a-init.o)
                0x08005e24                __libc_init_array
 *(.glue_7)
 .glue_7        0x08005e6c        0x0 linker stubs
 *(.glue_7t)
 .glue_7t       0x08005e6c        0x0 linker stubs
 *(.eh_frame)
 .eh_frame      0x08005e6c        0x0 C:/ST/STM32CubeIDE_1.11.0/STM32CubeIDE/plugins/com.st.stm32cube.ide.mcu.externaltools.gnu-tools-for-stm32.12.3.rel1.win32_1.0.200.202406191623/tools/bin/../lib/gcc/arm-none-eabi/12.3.1/thumb/v7e-m+fp/hard/crtbegin.o
 *(.init)
 .init          0x08005e6c        0x4 C:/ST/STM32CubeIDE_1.11.0/STM32CubeIDE/plugins/com.st.stm32cube.ide.mcu.externaltools.gnu-tools-for-stm32.12.3.rel1.win32_1.0.200.202406191623/tools/bin/../lib/gcc/arm-none-eabi/12.3.1/thumb/v7e-m+fp/hard/crti.o
                0x08005e6c                _init
 .init          0x08005e70        0x8 C:/ST/STM32CubeIDE_1.11.0/STM32CubeIDE/plugins/com.st.stm32cube.ide.mcu.externaltools.gnu-tools-for-stm32.12.3.rel1.win32_1.0.200.202406191623/tools/bin/../lib/gcc/arm-none-eabi/12.3.1/thumb/v7e-m+fp/hard/crtn.o
 *(.fini)
 .fini          0x08005e78        0x4 C:/ST/STM32CubeIDE_1.11.0/STM32CubeIDE/plugins/com.st.stm32cube.ide.mcu.externaltools.gnu-tools-for-stm32.12.3.rel1.win32_1.0.200.202406191623/tools/bin/../lib/gcc/arm-none-eabi/12.3.1/thumb/v7e-m+fp/hard/crti.o
                0x08005e78                _fini
 .fini          0x08005e7c        0x8 C:/ST/STM32CubeIDE_1.11.0/STM32CubeIDE/plugins/com.st.stm32cube.ide.mcu.externaltools.gnu-tools-for-stm32.12.3.rel1.win32_1.0.200.202406191623/tools/bin/../lib/gcc/arm-none-eabi/12.3.1/thumb/v7e-m+fp/hard/crtn.o
                0x08005e84                        . = ALIGN (0x4)
                0x08005e84                        _etext = .

.vfp11_veneer   0x08005e84        0x0
 .vfp11_veneer  0x08005e84        0x0 linker stubs

.v4_bx          0x08005e84        0x0
 .v4_bx         0x08005e84        0x0 linker stubs

.iplt           0x08005e84        0x0
 .iplt          0x08005e84        0x0 C:/ST/STM32CubeIDE_1.11.0/STM32CubeIDE/plugins/com.st.stm32cube.ide.mcu.externaltools.gnu-tools-for-stm32.12.3.rel1.win32_1.0.200.202406191623/tools/bin/../lib/gcc/arm-none-eabi/12.3.1/thumb/v7e-m+fp/hard/crtbegin.o

.rodata         0x08005e84      0x2c0
                0x08005e84                        . = ALIGN (0x4)
 *(.rodata)
 *(.rodata*)
 .rodata.motorBobinaCreateTask.str1.4
                0x08005e84       0x26 ./App/Src/bobina.o
 *fill*         0x08005eaa        0x2 
 .rodata.carroTransversalCreateTask.str1.4
                0x08005eac       0x31 ./App/Src/carroTransversal.o
 *fill*         0x08005edd        0x3 
 .rodata.main.str1.4
                0x08005ee0       0x31 ./App/Src/main.o
 *fill*         0x08005f11        0x3 
 .rodata.flagBitshiftOffset.0
                0x08005f14        0x8 ./Drivers/STM32F4xx_HAL_Driver/Src/stm32f4xx_hal_dma.o
 .rodata.AHBPrescTable
                0x08005f1c       0x10 ./System/system_stm32f4xx.o
                0x08005f1c                AHBPrescTable
 .rodata.OSCfg_TmrTaskStkSize
                0x08005f2c        0x4 ./uC-OS3/Source/os_cfg_app.o
                0x08005f2c                OSCfg_TmrTaskStkSize
 .rodata.OSCfg_TmrTaskStkLimit
                0x08005f30        0x4 ./uC-OS3/Source/os_cfg_app.o
                0x08005f30                OSCfg_TmrTaskStkLimit
 .rodata.OSCfg_TmrTaskStkBasePtr
                0x08005f34        0x4 ./uC-OS3/Source/os_cfg_app.o
                0x08005f34                OSCfg_TmrTaskStkBasePtr
 .rodata.OSCfg_TmrTaskRate_Hz
                0x08005f38        0x4 ./uC-OS3/Source/os_cfg_app.o
                0x08005f38                OSCfg_TmrTaskRate_Hz
 .rodata.OSCfg_TmrTaskPrio
                0x08005f3c        0x1 ./uC-OS3/Source/os_cfg_app.o
                0x08005f3c                OSCfg_TmrTaskPrio
 *fill*         0x08005f3d        0x3 
 .rodata.OSCfg_TickRate_Hz
                0x08005f40        0x4 ./uC-OS3/Source/os_cfg_app.o
                0x08005f40                OSCfg_TickRate_Hz
 .rodata.OSCfg_StkSizeMin
                0x08005f44        0x4 ./uC-OS3/Source/os_cfg_app.o
                0x08005f44                OSCfg_StkSizeMin
 .rodata.OSCfg_StatTaskStkSize
                0x08005f48        0x4 ./uC-OS3/Source/os_cfg_app.o
                0x08005f48                OSCfg_StatTaskStkSize
 .rodata.OSCfg_StatTaskStkLimit
                0x08005f4c        0x4 ./uC-OS3/Source/os_cfg_app.o
                0x08005f4c                OSCfg_StatTaskStkLimit
 .rodata.OSCfg_StatTaskStkBasePtr
                0x08005f50        0x4 ./uC-OS3/Source/os_cfg_app.o
                0x08005f50                OSCfg_StatTaskStkBasePtr
 .rodata.OSCfg_StatTaskRate_Hz
                0x08005f54        0x4 ./uC-OS3/Source/os_cfg_app.o
                0x08005f54                OSCfg_StatTaskRate_Hz
 .rodata.OSCfg_StatTaskPrio
                0x08005f58        0x1 ./uC-OS3/Source/os_cfg_app.o
                0x08005f58                OSCfg_StatTaskPrio
 *fill*         0x08005f59        0x3 
 .rodata.OSCfg_MsgPoolBasePtr
                0x08005f5c        0x4 ./uC-OS3/Source/os_cfg_app.o
                0x08005f5c                OSCfg_MsgPoolBasePtr
 .rodata.OSCfg_MsgPoolSize
                0x08005f60        0x2 ./uC-OS3/Source/os_cfg_app.o
                0x08005f60                OSCfg_MsgPoolSize
 *fill*         0x08005f62        0x2 
 .rodata.OSCfg_ISRStkSize
                0x08005f64        0x4 ./uC-OS3/Source/os_cfg_app.o
                0x08005f64                OSCfg_ISRStkSize
 .rodata.OSCfg_ISRStkBasePtr
                0x08005f68        0x4 ./uC-OS3/Source/os_cfg_app.o
                0x08005f68                OSCfg_ISRStkBasePtr
 .rodata.OSCfg_IdleTaskStkSize
                0x08005f6c        0x4 ./uC-OS3/Source/os_cfg_app.o
                0x08005f6c                OSCfg_IdleTaskStkSize
 .rodata.OSCfg_IdleTaskStkLimit
                0x08005f70        0x4 ./uC-OS3/Source/os_cfg_app.o
                0x08005f70                OSCfg_IdleTaskStkLimit
 .rodata.OSCfg_IdleTaskStkBasePtr
                0x08005f74        0x4 ./uC-OS3/Source/os_cfg_app.o
                0x08005f74                OSCfg_IdleTaskStkBasePtr
 .rodata.OS_IdleTaskInit.str1.4
                0x08005f78       0x14 ./uC-OS3/Source/os_core.o
 .rodata.OS_PendDbgNameAdd.str1.4
                0x08005f8c       0x16 ./uC-OS3/Source/os_core.o
 *fill*         0x08005fa2        0x2 
 .rodata.OSDbg_DataSize
                0x08005fa4        0x4 ./uC-OS3/Source/os_dbg.o
                0x08005fa4                OSDbg_DataSize
 .rodata.OSDbg_VersionNbr
                0x08005fa8        0x2 ./uC-OS3/Source/os_dbg.o
                0x08005fa8                OSDbg_VersionNbr
 .rodata.OSDbg_TmrSize
                0x08005faa        0x2 ./uC-OS3/Source/os_dbg.o
                0x08005faa                OSDbg_TmrSize
 .rodata.OSDbg_TmrDelEn
                0x08005fac        0x1 ./uC-OS3/Source/os_dbg.o
                0x08005fac                OSDbg_TmrDelEn
 .rodata.OSDbg_TmrEn
                0x08005fad        0x1 ./uC-OS3/Source/os_dbg.o
                0x08005fad                OSDbg_TmrEn
 *fill*         0x08005fae        0x2 
 .rodata.OSDbg_Tmr
                0x08005fb0       0x30 ./uC-OS3/Source/os_dbg.o
                0x08005fb0                OSDbg_Tmr
 .rodata.OSDbg_TLS_TblSize
                0x08005fe0        0x2 ./uC-OS3/Source/os_dbg.o
                0x08005fe0                OSDbg_TLS_TblSize
 .rodata.OSDbg_TimeDlyResumeEn
                0x08005fe2        0x1 ./uC-OS3/Source/os_dbg.o
                0x08005fe2                OSDbg_TimeDlyResumeEn
 .rodata.OSDbg_TimeDlyHMSMEn
                0x08005fe3        0x1 ./uC-OS3/Source/os_dbg.o
                0x08005fe3                OSDbg_TimeDlyHMSMEn
 .rodata.OSDbg_TickListSize
                0x08005fe4        0x2 ./uC-OS3/Source/os_dbg.o
                0x08005fe4                OSDbg_TickListSize
 .rodata.OSDbg_TCBSize
                0x08005fe6        0x2 ./uC-OS3/Source/os_dbg.o
                0x08005fe6                OSDbg_TCBSize
 .rodata.OSDbg_TaskSuspendEn
                0x08005fe8        0x1 ./uC-OS3/Source/os_dbg.o
                0x08005fe8                OSDbg_TaskSuspendEn
 .rodata.OSDbg_TaskSemPendAbortEn
                0x08005fe9        0x1 ./uC-OS3/Source/os_dbg.o
                0x08005fe9                OSDbg_TaskSemPendAbortEn
 .rodata.OSDbg_TaskRegTblSize
                0x08005fea        0x2 ./uC-OS3/Source/os_dbg.o
                0x08005fea                OSDbg_TaskRegTblSize
 .rodata.OSDbg_TaskProfileEn
                0x08005fec        0x1 ./uC-OS3/Source/os_dbg.o
                0x08005fec                OSDbg_TaskProfileEn
 .rodata.OSDbg_TaskQPendAbortEn
                0x08005fed        0x1 ./uC-OS3/Source/os_dbg.o
                0x08005fed                OSDbg_TaskQPendAbortEn
 .rodata.OSDbg_TaskQEn
                0x08005fee        0x1 ./uC-OS3/Source/os_dbg.o
                0x08005fee                OSDbg_TaskQEn
 .rodata.OSDbg_TaskDelEn
                0x08005fef        0x1 ./uC-OS3/Source/os_dbg.o
                0x08005fef                OSDbg_TaskDelEn
 .rodata.OSDbg_TaskChangePrioEn
                0x08005ff0        0x1 ./uC-OS3/Source/os_dbg.o
                0x08005ff0                OSDbg_TaskChangePrioEn
 .rodata.OSDbg_StatTaskStkChkEn
                0x08005ff1        0x1 ./uC-OS3/Source/os_dbg.o
                0x08005ff1                OSDbg_StatTaskStkChkEn
 .rodata.OSDbg_StatTaskEn
                0x08005ff2        0x1 ./uC-OS3/Source/os_dbg.o
                0x08005ff2                OSDbg_StatTaskEn
 .rodata.OSDbg_StkWidth
                0x08005ff3        0x1 ./uC-OS3/Source/os_dbg.o
                0x08005ff3                OSDbg_StkWidth
 .rodata.OSDbg_RdyListSize
                0x08005ff4        0x4 ./uC-OS3/Source/os_dbg.o
                0x08005ff4                OSDbg_RdyListSize
 .rodata.OSDbg_RdyList
                0x08005ff8        0x2 ./uC-OS3/Source/os_dbg.o
                0x08005ff8                OSDbg_RdyList
 .rodata.OSDbg_SemSize
                0x08005ffa        0x2 ./uC-OS3/Source/os_dbg.o
                0x08005ffa                OSDbg_SemSize
 .rodata.OSDbg_SemSetEn
                0x08005ffc        0x1 ./uC-OS3/Source/os_dbg.o
                0x08005ffc                OSDbg_SemSetEn
 .rodata.OSDbg_SemPendAbortEn
                0x08005ffd        0x1 ./uC-OS3/Source/os_dbg.o
                0x08005ffd                OSDbg_SemPendAbortEn
 .rodata.OSDbg_SemDelEn
                0x08005ffe        0x1 ./uC-OS3/Source/os_dbg.o
                0x08005ffe                OSDbg_SemDelEn
 .rodata.OSDbg_SemEn
                0x08005fff        0x1 ./uC-OS3/Source/os_dbg.o
                0x08005fff                OSDbg_SemEn
 .rodata.OSDbg_Sem
                0x08006000       0x24 ./uC-OS3/Source/os_dbg.o
                0x08006000                OSDbg_Sem
 .rodata.OSDbg_SchedRoundRobinEn
                0x08006024        0x1 ./uC-OS3/Source/os_dbg.o
                0x08006024                OSDbg_SchedRoundRobinEn
 *fill*         0x08006025        0x1 
 .rodata.OSDbg_QSize
                0x08006026        0x2 ./uC-OS3/Source/os_dbg.o
                0x08006026                OSDbg_QSize
 .rodata.OSDbg_QPendAbortEn
                0x08006028        0x1 ./uC-OS3/Source/os_dbg.o
                0x08006028                OSDbg_QPendAbortEn
 .rodata.OSDbg_QFlushEn
                0x08006029        0x1 ./uC-OS3/Source/os_dbg.o
                0x08006029                OSDbg_QFlushEn
 .rodata.OSDbg_QDelEn
                0x0800602a        0x1 ./uC-OS3/Source/os_dbg.o
                0x0800602a                OSDbg_QDelEn
 .rodata.OSDbg_QEn
                0x0800602b        0x1 ./uC-OS3/Source/os_dbg.o
                0x0800602b                OSDbg_QEn
 .rodata.OSDbg_Q
                0x0800602c       0x30 ./uC-OS3/Source/os_dbg.o
                0x0800602c                OSDbg_Q
 .rodata.OSDbg_PtrSize
                0x0800605c        0x2 ./uC-OS3/Source/os_dbg.o
                0x0800605c                OSDbg_PtrSize
 .rodata.OSDbg_PrioTblSize
                0x0800605e        0x2 ./uC-OS3/Source/os_dbg.o
                0x0800605e                OSDbg_PrioTblSize
 .rodata.OSDbg_PrioMax
                0x08006060        0x2 ./uC-OS3/Source/os_dbg.o
                0x08006060                OSDbg_PrioMax
 .rodata.OSDbg_PendObjSize
                0x08006062        0x2 ./uC-OS3/Source/os_dbg.o
                0x08006062                OSDbg_PendObjSize
 .rodata.OSDbg_PendListSize
                0x08006064        0x2 ./uC-OS3/Source/os_dbg.o
                0x08006064                OSDbg_PendListSize
 .rodata.OSDbg_ObjCreatedChkEn
                0x08006066        0x1 ./uC-OS3/Source/os_dbg.o
                0x08006066                OSDbg_ObjCreatedChkEn
 .rodata.OSDbg_ObjTypeChkEn
                0x08006067        0x1 ./uC-OS3/Source/os_dbg.o
                0x08006067                OSDbg_ObjTypeChkEn
 .rodata.OSDbg_MutexSize
                0x08006068        0x2 ./uC-OS3/Source/os_dbg.o
                0x08006068                OSDbg_MutexSize
 .rodata.OSDbg_MutexPendAbortEn
                0x0800606a        0x1 ./uC-OS3/Source/os_dbg.o
                0x0800606a                OSDbg_MutexPendAbortEn
 .rodata.OSDbg_MutexDelEn
                0x0800606b        0x1 ./uC-OS3/Source/os_dbg.o
                0x0800606b                OSDbg_MutexDelEn
 .rodata.OSDbg_MutexEn
                0x0800606c        0x1 ./uC-OS3/Source/os_dbg.o
                0x0800606c                OSDbg_MutexEn
 *fill*         0x0800606d        0x3 
 .rodata.OSDbg_Mutex
                0x08006070       0x2c ./uC-OS3/Source/os_dbg.o
                0x08006070                OSDbg_Mutex
 .rodata.OSDbg_MsgQSize
                0x0800609c        0x2 ./uC-OS3/Source/os_dbg.o
                0x0800609c                OSDbg_MsgQSize
 .rodata.OSDbg_MsgPoolSize
                0x0800609e        0x2 ./uC-OS3/Source/os_dbg.o
                0x0800609e                OSDbg_MsgPoolSize
 .rodata.OSDbg_MsgSize
                0x080060a0        0x2 ./uC-OS3/Source/os_dbg.o
                0x080060a0                OSDbg_MsgSize
 .rodata.OSDbg_MsgEn
                0x080060a2        0x1 ./uC-OS3/Source/os_dbg.o
                0x080060a2                OSDbg_MsgEn
 *fill*         0x080060a3        0x1 
 .rodata.OSDbg_MemSize
                0x080060a4        0x2 ./uC-OS3/Source/os_dbg.o
                0x080060a4                OSDbg_MemSize
 .rodata.OSDbg_MemEn
                0x080060a6        0x1 ./uC-OS3/Source/os_dbg.o
                0x080060a6                OSDbg_MemEn
 *fill*         0x080060a7        0x1 
 .rodata.OSDbg_Mem
                0x080060a8       0x20 ./uC-OS3/Source/os_dbg.o
                0x080060a8                OSDbg_Mem
 .rodata.OSDbg_FlagWidth
                0x080060c8        0x2 ./uC-OS3/Source/os_dbg.o
                0x080060c8                OSDbg_FlagWidth
 .rodata.OSDbg_FlagGrpSize
                0x080060ca        0x2 ./uC-OS3/Source/os_dbg.o
                0x080060ca                OSDbg_FlagGrpSize
 .rodata.OSDbg_FlagPendAbortEn
                0x080060cc        0x1 ./uC-OS3/Source/os_dbg.o
                0x080060cc                OSDbg_FlagPendAbortEn
 .rodata.OSDbg_FlagModeClrEn
                0x080060cd        0x1 ./uC-OS3/Source/os_dbg.o
                0x080060cd                OSDbg_FlagModeClrEn
 .rodata.OSDbg_FlagDelEn
                0x080060ce        0x1 ./uC-OS3/Source/os_dbg.o
                0x080060ce                OSDbg_FlagDelEn
 *fill*         0x080060cf        0x1 
 .rodata.OSDbg_FlagGrp
                0x080060d0       0x24 ./uC-OS3/Source/os_dbg.o
                0x080060d0                OSDbg_FlagGrp
 .rodata.OSDbg_FlagEn
                0x080060f4        0x1 ./uC-OS3/Source/os_dbg.o
                0x080060f4                OSDbg_FlagEn
 .rodata.OSDbg_CalledFromISRChkEn
                0x080060f5        0x1 ./uC-OS3/Source/os_dbg.o
                0x080060f5                OSDbg_CalledFromISRChkEn
 *fill*         0x080060f6        0x2 
 .rodata.OSDbg_EndiannessTest
                0x080060f8        0x4 ./uC-OS3/Source/os_dbg.o
                0x080060f8                OSDbg_EndiannessTest
 .rodata.OSDbg_AppHooksEn
                0x080060fc        0x1 ./uC-OS3/Source/os_dbg.o
                0x080060fc                OSDbg_AppHooksEn
 .rodata.OSDbg_ArgChkEn
                0x080060fd        0x1 ./uC-OS3/Source/os_dbg.o
                0x080060fd                OSDbg_ArgChkEn
 .rodata.OSDbg_DbgEn
                0x080060fe        0x1 ./uC-OS3/Source/os_dbg.o
                0x080060fe                OSDbg_DbgEn
 .rodata.OS_FlagDbgListAdd.str1.4
                0x080060ff        0x2 ./uC-OS3/Source/os_flag.o
 .rodata.OS_MutexDbgListAdd.str1.4
                0x080060ff        0x2 ./uC-OS3/Source/os_mutex.o
 *fill*         0x080060ff        0x1 
 .rodata.OS_StatTaskInit.str1.4
                0x08006100       0x14 ./uC-OS3/Source/os_stat.o
 .rodata.OS_TaskInitTCB.str1.4
                0x08006114        0x6 ./uC-OS3/Source/os_task.o
                                  0xa (size before relaxing)
 *fill*         0x0800611a        0x2 
 .rodata.OS_TmrInit.str1.4
                0x0800611c       0x25 ./uC-OS3/Source/os_tmr.o
                0x08006144                        . = ALIGN (0x4)
 *fill*         0x08006141        0x3 

.ARM.extab      0x08006144        0x0
                0x08006144                        . = ALIGN (0x4)
 *(.ARM.extab* .gnu.linkonce.armextab.*)
                0x08006144                        . = ALIGN (0x4)

.ARM            0x08006144        0x8
                0x08006144                        . = ALIGN (0x4)
                0x08006144                        __exidx_start = .
 *(.ARM.exidx*)
 .ARM.exidx     0x08006144        0x8 C:/ST/STM32CubeIDE_1.11.0/STM32CubeIDE/plugins/com.st.stm32cube.ide.mcu.externaltools.gnu-tools-for-stm32.12.3.rel1.win32_1.0.200.202406191623/tools/bin/../lib/gcc/arm-none-eabi/12.3.1/thumb/v7e-m+fp/hard\libgcc.a(_udivmoddi4.o)
                0x0800614c                        __exidx_end = .
                0x0800614c                        . = ALIGN (0x4)

.preinit_array  0x0800614c        0x0
                0x0800614c                        . = ALIGN (0x4)
                0x0800614c                        PROVIDE (__preinit_array_start = .)
 *(.preinit_array*)
                0x0800614c                        PROVIDE (__preinit_array_end = .)
                0x0800614c                        . = ALIGN (0x4)

.init_array     0x0800614c        0x4
                0x0800614c                        . = ALIGN (0x4)
                0x0800614c                        PROVIDE (__init_array_start = .)
 *(SORT_BY_NAME(.init_array.*))
 *(.init_array*)
 .init_array    0x0800614c        0x4 C:/ST/STM32CubeIDE_1.11.0/STM32CubeIDE/plugins/com.st.stm32cube.ide.mcu.externaltools.gnu-tools-for-stm32.12.3.rel1.win32_1.0.200.202406191623/tools/bin/../lib/gcc/arm-none-eabi/12.3.1/thumb/v7e-m+fp/hard/crtbegin.o
                0x08006150                        PROVIDE (__init_array_end = .)
                0x08006150                        . = ALIGN (0x4)

.fini_array     0x08006150        0x4
                0x08006150                        . = ALIGN (0x4)
                [!provide]                        PROVIDE (__fini_array_start = .)
 *(SORT_BY_NAME(.fini_array.*))
 *(.fini_array*)
 .fini_array    0x08006150        0x4 C:/ST/STM32CubeIDE_1.11.0/STM32CubeIDE/plugins/com.st.stm32cube.ide.mcu.externaltools.gnu-tools-for-stm32.12.3.rel1.win32_1.0.200.202406191623/tools/bin/../lib/gcc/arm-none-eabi/12.3.1/thumb/v7e-m+fp/hard/crtbegin.o
                [!provide]                        PROVIDE (__fini_array_end = .)
                0x08006154                        . = ALIGN (0x4)
                0x08006154                        _sidata = LOADADDR (.data)

.rel.dyn        0x08006154        0x0
 .rel.iplt      0x08006154        0x0 C:/ST/STM32CubeIDE_1.11.0/STM32CubeIDE/plugins/com.st.stm32cube.ide.mcu.externaltools.gnu-tools-for-stm32.12.3.rel1.win32_1.0.200.202406191623/tools/bin/../lib/gcc/arm-none-eabi/12.3.1/thumb/v7e-m+fp/hard/crtbegin.o

.data           0x20000000        0xc load address 0x08006154
                0x20000000                        . = ALIGN (0x4)
                0x20000000                        _sdata = .
 *(.data)
 *(.data*)
 .data.uwTickFreq
                0x20000000        0x1 ./Drivers/STM32F4xx_HAL_Driver/Src/stm32f4xx_hal.o
                0x20000000                uwTickFreq
 *fill*         0x20000001        0x3 
 .data.uwTickPrio
                0x20000004        0x4 ./Drivers/STM32F4xx_HAL_Driver/Src/stm32f4xx_hal.o
                0x20000004                uwTickPrio
 .data.SystemCoreClock
                0x20000008        0x4 ./System/system_stm32f4xx.o
                0x20000008                SystemCoreClock
 *(.RamFunc)
 *(.RamFunc*)
                0x2000000c                        . = ALIGN (0x4)
                0x2000000c                        _edata = .
                0x08006160                        _siccmram = LOADADDR (.ccmram)

.igot.plt       0x2000000c        0x0 load address 0x08006160
 .igot.plt      0x2000000c        0x0 C:/ST/STM32CubeIDE_1.11.0/STM32CubeIDE/plugins/com.st.stm32cube.ide.mcu.externaltools.gnu-tools-for-stm32.12.3.rel1.win32_1.0.200.202406191623/tools/bin/../lib/gcc/arm-none-eabi/12.3.1/thumb/v7e-m+fp/hard/crtbegin.o

.ccmram         0x10000000        0x0 load address 0x08006160
                0x10000000                        . = ALIGN (0x4)
                0x10000000                        _sccmram = .
 *(.ccmram)
 *(.ccmram*)
                0x10000000                        . = ALIGN (0x4)
                0x10000000                        _eccmram = .
                0x10000000                        . = ALIGN (0x4)

.bss            0x2000000c     0x1d8c
                0x2000000c                        _sbss = .
                0x2000000c                        __bss_start__ = _sbss
 *(.bss)
 .bss           0x2000000c       0x1c C:/ST/STM32CubeIDE_1.11.0/STM32CubeIDE/plugins/com.st.stm32cube.ide.mcu.externaltools.gnu-tools-for-stm32.12.3.rel1.win32_1.0.200.202406191623/tools/bin/../lib/gcc/arm-none-eabi/12.3.1/thumb/v7e-m+fp/hard/crtbegin.o
 *(.bss*)
 .bss.motorBobinaVel
                0x20000028        0x2 ./App/Src/bobina.o
 .bss.motorBobinaTensaoRead
                0x2000002a        0x2 ./App/Src/bobina.o
 .bss.motorBobinaTaskStk
                0x2000002c      0x400 ./App/Src/bobina.o
 .bss.motorBobinaTaskTCB
                0x2000042c       0xc4 ./App/Src/bobina.o
 .bss.carroTransversalAndar
                0x200004f0        0x1 ./App/Src/carroTransversal.o
 .bss.carroTransversalTick
                0x200004f1        0x1 ./App/Src/carroTransversal.o
 .bss.bobinaTick
                0x200004f2        0x1 ./App/Src/carroTransversal.o
 *fill*         0x200004f3        0x1 
 .bss.carroTransversalStk
                0x200004f4      0x400 ./App/Src/carroTransversal.o
 .bss.carroTransversalTaskTCB
                0x200008f4       0xc4 ./App/Src/carroTransversal.o
 .bss.programStartTaskStk
                0x200009b8      0x400 ./App/Src/main.o
 .bss.programStartTaskTCB
                0x20000db8       0xc4 ./App/Src/main.o
 .bss.flagsGrp  0x20000e7c       0x24 ./App/Src/main.o
                0x20000e7c                flagsGrp
 .bss.htim2     0x20000ea0       0x48 ./App/Src/perifericos.o
                0x20000ea0                htim2
 .bss.htim1     0x20000ee8       0x48 ./App/Src/perifericos.o
                0x20000ee8                htim1
 .bss.hdma_dac2
                0x20000f30       0x60 ./App/Src/perifericos.o
                0x20000f30                hdma_dac2
 .bss.hdma_dac1
                0x20000f90       0x60 ./App/Src/perifericos.o
                0x20000f90                hdma_dac1
 .bss.hdac      0x20000ff0       0x14 ./App/Src/perifericos.o
                0x20000ff0                hdac
 .bss.hdma_adc2
                0x20001004       0x60 ./App/Src/perifericos.o
                0x20001004                hdma_adc2
 .bss.hadc2     0x20001064       0x48 ./App/Src/perifericos.o
                0x20001064                hadc2
 .bss.uwTick    0x200010ac        0x4 ./Drivers/STM32F4xx_HAL_Driver/Src/stm32f4xx_hal.o
                0x200010ac                uwTick
 .bss.CPU_Cache_Linesize
                0x200010b0        0x4 ./uC-CPU/Cache/ARM/armv7m_generic_l1/cpu_cache_armv7m_generic_l1.o
 .bss.CPU_Name  0x200010b4       0x10 ./uC-CPU/cpu_core.o
                0x200010b4                CPU_Name
 .bss.OS_KA_BASEPRI_Boundary
                0x200010c4        0x4 ./uC-OS3/Ports/ARM-Cortex-M/ARMv7-M/os_cpu_c.o
                0x200010c4                OS_KA_BASEPRI_Boundary
 .bss.OS_CPU_ExceptStkBase
                0x200010c8        0x4 ./uC-OS3/Ports/ARM-Cortex-M/ARMv7-M/os_cpu_c.o
                0x200010c8                OS_CPU_ExceptStkBase
 .bss.OSCfg_TmrTaskStk
                0x200010cc      0x200 ./uC-OS3/Source/os_cfg_app.o
                0x200010cc                OSCfg_TmrTaskStk
 .bss.OSCfg_StatTaskStk
                0x200012cc      0x190 ./uC-OS3/Source/os_cfg_app.o
                0x200012cc                OSCfg_StatTaskStk
 .bss.OSCfg_MsgPool
                0x2000145c      0x180 ./uC-OS3/Source/os_cfg_app.o
                0x2000145c                OSCfg_MsgPool
 .bss.OSCfg_ISRStk
                0x200015dc      0x200 ./uC-OS3/Source/os_cfg_app.o
                0x200015dc                OSCfg_ISRStk
 .bss.OSCfg_IdleTaskStk
                0x200017dc      0x100 ./uC-OS3/Source/os_cfg_app.o
                0x200017dc                OSCfg_IdleTaskStk
 .bss.OSTCBHighRdyPtr
                0x200018dc        0x4 ./uC-OS3/Source/os_var.o
                0x200018dc                OSTCBHighRdyPtr
 .bss.OSTCBCurPtr
                0x200018e0        0x4 ./uC-OS3/Source/os_var.o
                0x200018e0                OSTCBCurPtr
 .bss.OSTmrToTicksMult
                0x200018e4        0x4 ./uC-OS3/Source/os_var.o
                0x200018e4                OSTmrToTicksMult
 .bss.OSTmrTaskTickBase
                0x200018e8        0x4 ./uC-OS3/Source/os_var.o
                0x200018e8                OSTmrTaskTickBase
 .bss.OSTmrTaskTCB
                0x200018ec       0xc4 ./uC-OS3/Source/os_var.o
                0x200018ec                OSTmrTaskTCB
 .bss.OSTmrQty  0x200019b0        0x2 ./uC-OS3/Source/os_var.o
                0x200019b0                OSTmrQty
 *fill*         0x200019b2        0x2 
 .bss.OSTmrMutex
                0x200019b4       0x2c ./uC-OS3/Source/os_var.o
                0x200019b4                OSTmrMutex
 .bss.OSTmrCond
                0x200019e0       0x24 ./uC-OS3/Source/os_var.o
                0x200019e0                OSTmrCond
 .bss.OSTmrListPtr
                0x20001a04        0x4 ./uC-OS3/Source/os_var.o
                0x20001a04                OSTmrListPtr
 .bss.OSTmrListEntries
                0x20001a08        0x2 ./uC-OS3/Source/os_var.o
                0x20001a08                OSTmrListEntries
 *fill*         0x20001a0a        0x2 
 .bss.OSTmrDbgListPtr
                0x20001a0c        0x4 ./uC-OS3/Source/os_var.o
                0x20001a0c                OSTmrDbgListPtr
 .bss.OSTickList
                0x20001a10        0x8 ./uC-OS3/Source/os_var.o
                0x20001a10                OSTickList
 .bss.OSTickCtr
                0x20001a18        0x4 ./uC-OS3/Source/os_var.o
                0x20001a18                OSTickCtr
 .bss.OSTaskRegNextAvailID
                0x20001a1c        0x1 ./uC-OS3/Source/os_var.o
                0x20001a1c                OSTaskRegNextAvailID
 *fill*         0x20001a1d        0x1 
 .bss.OSTaskQty
                0x20001a1e        0x2 ./uC-OS3/Source/os_var.o
                0x20001a1e                OSTaskQty
 .bss.OSTaskDbgListPtr
                0x20001a20        0x4 ./uC-OS3/Source/os_var.o
                0x20001a20                OSTaskDbgListPtr
 .bss.OSTaskCtxSwCtr
                0x20001a24        0x4 ./uC-OS3/Source/os_var.o
                0x20001a24                OSTaskCtxSwCtr
 .bss.OSStatTaskTCB
                0x20001a28       0xc4 ./uC-OS3/Source/os_var.o
                0x20001a28                OSStatTaskTCB
 .bss.OSStatTaskRdy
                0x20001aec        0x1 ./uC-OS3/Source/os_var.o
                0x20001aec                OSStatTaskRdy
 *fill*         0x20001aed        0x3 
 .bss.OSStatTaskCtrRun
                0x20001af0        0x4 ./uC-OS3/Source/os_var.o
                0x20001af0                OSStatTaskCtrRun
 .bss.OSStatTaskCtrMax
                0x20001af4        0x4 ./uC-OS3/Source/os_var.o
                0x20001af4                OSStatTaskCtrMax
 .bss.OSStatTaskCtr
                0x20001af8        0x4 ./uC-OS3/Source/os_var.o
                0x20001af8                OSStatTaskCtr
 .bss.OSStatTaskCPUUsageMax
                0x20001afc        0x2 ./uC-OS3/Source/os_var.o
                0x20001afc                OSStatTaskCPUUsageMax
 .bss.OSStatTaskCPUUsage
                0x20001afe        0x2 ./uC-OS3/Source/os_var.o
                0x20001afe                OSStatTaskCPUUsage
 .bss.OSStatResetFlag
                0x20001b00        0x1 ./uC-OS3/Source/os_var.o
                0x20001b00                OSStatResetFlag
 *fill*         0x20001b01        0x1 
 .bss.OSSemQty  0x20001b02        0x2 ./uC-OS3/Source/os_var.o
                0x20001b02                OSSemQty
 .bss.OSSemDbgListPtr
                0x20001b04        0x4 ./uC-OS3/Source/os_var.o
                0x20001b04                OSSemDbgListPtr
 .bss.OSSchedRoundRobinEn
                0x20001b08        0x1 ./uC-OS3/Source/os_var.o
                0x20001b08                OSSchedRoundRobinEn
 *fill*         0x20001b09        0x3 
 .bss.OSSchedRoundRobinDfltTimeQuanta
                0x20001b0c        0x4 ./uC-OS3/Source/os_var.o
                0x20001b0c                OSSchedRoundRobinDfltTimeQuanta
 .bss.OSSchedLockNestingCtr
                0x20001b10        0x1 ./uC-OS3/Source/os_var.o
                0x20001b10                OSSchedLockNestingCtr
 *fill*         0x20001b11        0x3 
 .bss.OSRdyList
                0x20001b14      0x180 ./uC-OS3/Source/os_var.o
                0x20001b14                OSRdyList
 .bss.OSQQty    0x20001c94        0x2 ./uC-OS3/Source/os_var.o
                0x20001c94                OSQQty
 *fill*         0x20001c96        0x2 
 .bss.OSQDbgListPtr
                0x20001c98        0x4 ./uC-OS3/Source/os_var.o
                0x20001c98                OSQDbgListPtr
 .bss.OSPrioTbl
                0x20001c9c        0x4 ./uC-OS3/Source/os_var.o
                0x20001c9c                OSPrioTbl
 .bss.OSPrioHighRdy
                0x20001ca0        0x1 ./uC-OS3/Source/os_var.o
                0x20001ca0                OSPrioHighRdy
 .bss.OSPrioCur
                0x20001ca1        0x1 ./uC-OS3/Source/os_var.o
                0x20001ca1                OSPrioCur
 .bss.OSMutexQty
                0x20001ca2        0x2 ./uC-OS3/Source/os_var.o
                0x20001ca2                OSMutexQty
 .bss.OSMutexDbgListPtr
                0x20001ca4        0x4 ./uC-OS3/Source/os_var.o
                0x20001ca4                OSMutexDbgListPtr
 .bss.OSMsgPool
                0x20001ca8        0xc ./uC-OS3/Source/os_var.o
                0x20001ca8                OSMsgPool
 .bss.OSMemQty  0x20001cb4        0x2 ./uC-OS3/Source/os_var.o
                0x20001cb4                OSMemQty
 *fill*         0x20001cb6        0x2 
 .bss.OSMemDbgListPtr
                0x20001cb8        0x4 ./uC-OS3/Source/os_var.o
                0x20001cb8                OSMemDbgListPtr
 .bss.OSFlagQty
                0x20001cbc        0x2 ./uC-OS3/Source/os_var.o
                0x20001cbc                OSFlagQty
 *fill*         0x20001cbe        0x2 
 .bss.OSFlagDbgListPtr
                0x20001cc0        0x4 ./uC-OS3/Source/os_var.o
                0x20001cc0                OSFlagDbgListPtr
 .bss.OSISRStkUsed
                0x20001cc4        0x4 ./uC-OS3/Source/os_var.o
                0x20001cc4                OSISRStkUsed
 .bss.OSISRStkFree
                0x20001cc8        0x4 ./uC-OS3/Source/os_var.o
                0x20001cc8                OSISRStkFree
 .bss.OSInitialized
                0x20001ccc        0x1 ./uC-OS3/Source/os_var.o
                0x20001ccc                OSInitialized
 .bss.OSRunning
                0x20001ccd        0x1 ./uC-OS3/Source/os_var.o
                0x20001ccd                OSRunning
 .bss.OSIntNestingCtr
                0x20001cce        0x1 ./uC-OS3/Source/os_var.o
                0x20001cce                OSIntNestingCtr
 *fill*         0x20001ccf        0x1 
 .bss.OSIdleTaskTCB
                0x20001cd0       0xc4 ./uC-OS3/Source/os_var.o
                0x20001cd0                OSIdleTaskTCB
 .bss.OSIdleTaskCtr
                0x20001d94        0x4 ./uC-OS3/Source/os_var.o
                0x20001d94                OSIdleTaskCtr
 *(COMMON)
                0x20001d98                        . = ALIGN (0x4)
                0x20001d98                        _ebss = .
                0x20001d98                        __bss_end__ = _ebss

._user_heap_stack
                0x20001d98      0x600
                0x20001d98                        . = ALIGN (0x8)
                [!provide]                        PROVIDE (end = .)
                0x20001d98                        PROVIDE (_end = .)
                0x20001f98                        . = (. + _Min_Heap_Size)
 *fill*         0x20001d98      0x200 
                0x20002398                        . = (. + _Min_Stack_Size)
 *fill*         0x20001f98      0x400 
                0x20002398                        . = ALIGN (0x8)

/DISCARD/
 libc.a(*)
 libm.a(*)
 libgcc.a(*)

.ARM.attributes
                0x00000000       0x30
 *(.ARM.attributes)
 .ARM.attributes
                0x00000000       0x22 C:/ST/STM32CubeIDE_1.11.0/STM32CubeIDE/plugins/com.st.stm32cube.ide.mcu.externaltools.gnu-tools-for-stm32.12.3.rel1.win32_1.0.200.202406191623/tools/bin/../lib/gcc/arm-none-eabi/12.3.1/thumb/v7e-m+fp/hard/crti.o
 .ARM.attributes
                0x00000022       0x34 C:/ST/STM32CubeIDE_1.11.0/STM32CubeIDE/plugins/com.st.stm32cube.ide.mcu.externaltools.gnu-tools-for-stm32.12.3.rel1.win32_1.0.200.202406191623/tools/bin/../lib/gcc/arm-none-eabi/12.3.1/thumb/v7e-m+fp/hard/crtbegin.o
 .ARM.attributes
                0x00000056       0x34 ./App/Src/bobina.o
 .ARM.attributes
                0x0000008a       0x34 ./App/Src/carroTransversal.o
 .ARM.attributes
                0x000000be       0x34 ./App/Src/main.o
 .ARM.attributes
                0x000000f2       0x34 ./App/Src/perifericos.o
 .ARM.attributes
                0x00000126       0x34 ./App/Src/stm32f4xx_hal_msp.o
 .ARM.attributes
                0x0000015a       0x34 ./App/Src/stm32f4xx_it.o
 .ARM.attributes
                0x0000018e       0x34 ./Drivers/STM32F4xx_HAL_Driver/Src/stm32f4xx_hal.o
 .ARM.attributes
                0x000001c2       0x34 ./Drivers/STM32F4xx_HAL_Driver/Src/stm32f4xx_hal_adc.o
 .ARM.attributes
                0x000001f6       0x34 ./Drivers/STM32F4xx_HAL_Driver/Src/stm32f4xx_hal_cortex.o
 .ARM.attributes
                0x0000022a       0x34 ./Drivers/STM32F4xx_HAL_Driver/Src/stm32f4xx_hal_dac.o
 .ARM.attributes
                0x0000025e       0x34 ./Drivers/STM32F4xx_HAL_Driver/Src/stm32f4xx_hal_dac_ex.o
 .ARM.attributes
                0x00000292       0x34 ./Drivers/STM32F4xx_HAL_Driver/Src/stm32f4xx_hal_dma.o
 .ARM.attributes
                0x000002c6       0x34 ./Drivers/STM32F4xx_HAL_Driver/Src/stm32f4xx_hal_gpio.o
 .ARM.attributes
                0x000002fa       0x34 ./Drivers/STM32F4xx_HAL_Driver/Src/stm32f4xx_hal_rcc.o
 .ARM.attributes
                0x0000032e       0x34 ./Drivers/STM32F4xx_HAL_Driver/Src/stm32f4xx_hal_tim.o
 .ARM.attributes
                0x00000362       0x34 ./Drivers/STM32F4xx_HAL_Driver/Src/stm32f4xx_hal_tim_ex.o
 .ARM.attributes
                0x00000396       0x21 ./System/Startup/startup_stm32f407zgtx.o
 .ARM.attributes
                0x000003b7       0x34 ./System/system_stm32f4xx.o
 .ARM.attributes
                0x000003eb       0x20 ./uC-CPU/ARM-Cortex-M/ARMv7-M/GNU/cpu_a.o
 .ARM.attributes
                0x0000040b       0x34 ./uC-CPU/Cache/ARM/armv7m_generic_l1/cpu_cache_armv7m_generic_l1.o
 .ARM.attributes
                0x0000043f       0x34 ./uC-CPU/cpu_core.o
 .ARM.attributes
                0x00000473       0x34 ./uC-LIB/lib_mem.o
 .ARM.attributes
                0x000004a7       0x20 ./uC-OS3/Ports/ARM-Cortex-M/ARMv7-M/GNU/os_cpu_a.o
 .ARM.attributes
                0x000004c7       0x34 ./uC-OS3/Ports/ARM-Cortex-M/ARMv7-M/os_cpu_c.o
 .ARM.attributes
                0x000004fb       0x34 ./uC-OS3/Source/os_cfg_app.o
 .ARM.attributes
                0x0000052f       0x34 ./uC-OS3/Source/os_core.o
 .ARM.attributes
                0x00000563       0x34 ./uC-OS3/Source/os_dbg.o
 .ARM.attributes
                0x00000597       0x34 ./uC-OS3/Source/os_flag.o
 .ARM.attributes
                0x000005cb       0x34 ./uC-OS3/Source/os_mem.o
 .ARM.attributes
                0x000005ff       0x34 ./uC-OS3/Source/os_msg.o
 .ARM.attributes
                0x00000633       0x34 ./uC-OS3/Source/os_mutex.o
 .ARM.attributes
                0x00000667       0x34 ./uC-OS3/Source/os_prio.o
 .ARM.attributes
                0x0000069b       0x34 ./uC-OS3/Source/os_stat.o
 .ARM.attributes
                0x000006cf       0x34 ./uC-OS3/Source/os_task.o
 .ARM.attributes
                0x00000703       0x34 ./uC-OS3/Source/os_tick.o
 .ARM.attributes
                0x00000737       0x34 ./uC-OS3/Source/os_time.o
 .ARM.attributes
                0x0000076b       0x34 ./uC-OS3/Source/os_tmr.o
 .ARM.attributes
                0x0000079f       0x34 ./uC-OS3/Source/os_var.o
 .ARM.attributes
                0x000007d3       0x34 C:/ST/STM32CubeIDE_1.11.0/STM32CubeIDE/plugins/com.st.stm32cube.ide.mcu.externaltools.gnu-tools-for-stm32.12.3.rel1.win32_1.0.200.202406191623/tools/bin/../lib/gcc/arm-none-eabi/12.3.1/../../../../arm-none-eabi/lib/thumb/v7e-m+fp/hard\libc_nano.a(libc_a-memset.o)
 .ARM.attributes
                0x00000807       0x34 C:/ST/STM32CubeIDE_1.11.0/STM32CubeIDE/plugins/com.st.stm32cube.ide.mcu.externaltools.gnu-tools-for-stm32.12.3.rel1.win32_1.0.200.202406191623/tools/bin/../lib/gcc/arm-none-eabi/12.3.1/../../../../arm-none-eabi/lib/thumb/v7e-m+fp/hard\libc_nano.a(libc_a-init.o)
 .ARM.attributes
                0x0000083b       0x22 C:/ST/STM32CubeIDE_1.11.0/STM32CubeIDE/plugins/com.st.stm32cube.ide.mcu.externaltools.gnu-tools-for-stm32.12.3.rel1.win32_1.0.200.202406191623/tools/bin/../lib/gcc/arm-none-eabi/12.3.1/thumb/v7e-m+fp/hard\libgcc.a(_arm_muldf3.o)
 .ARM.attributes
                0x0000085d       0x22 C:/ST/STM32CubeIDE_1.11.0/STM32CubeIDE/plugins/com.st.stm32cube.ide.mcu.externaltools.gnu-tools-for-stm32.12.3.rel1.win32_1.0.200.202406191623/tools/bin/../lib/gcc/arm-none-eabi/12.3.1/thumb/v7e-m+fp/hard\libgcc.a(_arm_addsubdf3.o)
 .ARM.attributes
                0x0000087f       0x22 C:/ST/STM32CubeIDE_1.11.0/STM32CubeIDE/plugins/com.st.stm32cube.ide.mcu.externaltools.gnu-tools-for-stm32.12.3.rel1.win32_1.0.200.202406191623/tools/bin/../lib/gcc/arm-none-eabi/12.3.1/thumb/v7e-m+fp/hard\libgcc.a(_arm_truncdfsf2.o)
 .ARM.attributes
                0x000008a1       0x22 C:/ST/STM32CubeIDE_1.11.0/STM32CubeIDE/plugins/com.st.stm32cube.ide.mcu.externaltools.gnu-tools-for-stm32.12.3.rel1.win32_1.0.200.202406191623/tools/bin/../lib/gcc/arm-none-eabi/12.3.1/thumb/v7e-m+fp/hard\libgcc.a(_aeabi_uldivmod.o)
 .ARM.attributes
                0x000008c3       0x34 C:/ST/STM32CubeIDE_1.11.0/STM32CubeIDE/plugins/com.st.stm32cube.ide.mcu.externaltools.gnu-tools-for-stm32.12.3.rel1.win32_1.0.200.202406191623/tools/bin/../lib/gcc/arm-none-eabi/12.3.1/thumb/v7e-m+fp/hard\libgcc.a(_udivmoddi4.o)
 .ARM.attributes
                0x000008f7       0x22 C:/ST/STM32CubeIDE_1.11.0/STM32CubeIDE/plugins/com.st.stm32cube.ide.mcu.externaltools.gnu-tools-for-stm32.12.3.rel1.win32_1.0.200.202406191623/tools/bin/../lib/gcc/arm-none-eabi/12.3.1/thumb/v7e-m+fp/hard\libgcc.a(_dvmd_tls.o)
 .ARM.attributes
                0x00000919       0x22 C:/ST/STM32CubeIDE_1.11.0/STM32CubeIDE/plugins/com.st.stm32cube.ide.mcu.externaltools.gnu-tools-for-stm32.12.3.rel1.win32_1.0.200.202406191623/tools/bin/../lib/gcc/arm-none-eabi/12.3.1/thumb/v7e-m+fp/hard/crtn.o
OUTPUT(Controle-Cabo_STM32F407ZGT6.elf elf32-littlearm)
LOAD linker stubs
LOAD C:/ST/STM32CubeIDE_1.11.0/STM32CubeIDE/plugins/com.st.stm32cube.ide.mcu.externaltools.gnu-tools-for-stm32.12.3.rel1.win32_1.0.200.202406191623/tools/bin/../lib/gcc/arm-none-eabi/12.3.1/../../../../arm-none-eabi/lib/thumb/v7e-m+fp/hard\libc.a
LOAD C:/ST/STM32CubeIDE_1.11.0/STM32CubeIDE/plugins/com.st.stm32cube.ide.mcu.externaltools.gnu-tools-for-stm32.12.3.rel1.win32_1.0.200.202406191623/tools/bin/../lib/gcc/arm-none-eabi/12.3.1/../../../../arm-none-eabi/lib/thumb/v7e-m+fp/hard\libm.a
LOAD C:/ST/STM32CubeIDE_1.11.0/STM32CubeIDE/plugins/com.st.stm32cube.ide.mcu.externaltools.gnu-tools-for-stm32.12.3.rel1.win32_1.0.200.202406191623/tools/bin/../lib/gcc/arm-none-eabi/12.3.1/thumb/v7e-m+fp/hard\libgcc.a

.debug_info     0x00000000    0x246f3
 .debug_info    0x00000000     0x1b8e ./App/Src/bobina.o
 .debug_info    0x00001b8e     0x1a23 ./App/Src/carroTransversal.o
 .debug_info    0x000035b1     0x1127 ./App/Src/main.o
 .debug_info    0x000046d8     0x1c86 ./App/Src/perifericos.o
 .debug_info    0x0000635e     0x112d ./App/Src/stm32f4xx_hal_msp.o
 .debug_info    0x0000748b      0x478 ./App/Src/stm32f4xx_it.o
 .debug_info    0x00007903      0x9e6 ./Drivers/STM32F4xx_HAL_Driver/Src/stm32f4xx_hal.o
 .debug_info    0x000082e9      0xe7a ./Drivers/STM32F4xx_HAL_Driver/Src/stm32f4xx_hal_adc.o
 .debug_info    0x00009163      0xf8c ./Drivers/STM32F4xx_HAL_Driver/Src/stm32f4xx_hal_cortex.o
 .debug_info    0x0000a0ef      0xb4a ./Drivers/STM32F4xx_HAL_Driver/Src/stm32f4xx_hal_dac.o
 .debug_info    0x0000ac39      0x7ef ./Drivers/STM32F4xx_HAL_Driver/Src/stm32f4xx_hal_dac_ex.o
 .debug_info    0x0000b428      0xadd ./Drivers/STM32F4xx_HAL_Driver/Src/stm32f4xx_hal_dma.o
 .debug_info    0x0000bf05      0x708 ./Drivers/STM32F4xx_HAL_Driver/Src/stm32f4xx_hal_gpio.o
 .debug_info    0x0000c60d      0xa73 ./Drivers/STM32F4xx_HAL_Driver/Src/stm32f4xx_hal_rcc.o
 .debug_info    0x0000d080     0x3be4 ./Drivers/STM32F4xx_HAL_Driver/Src/stm32f4xx_hal_tim.o
 .debug_info    0x00010c64     0x1acc ./Drivers/STM32F4xx_HAL_Driver/Src/stm32f4xx_hal_tim_ex.o
 .debug_info    0x00012730       0x30 ./System/Startup/startup_stm32f407zgtx.o
 .debug_info    0x00012760      0x52b ./System/system_stm32f4xx.o
 .debug_info    0x00012c8b       0x24 ./uC-CPU/ARM-Cortex-M/ARMv7-M/GNU/cpu_a.o
 .debug_info    0x00012caf      0x15a ./uC-CPU/Cache/ARM/armv7m_generic_l1/cpu_cache_armv7m_generic_l1.o
 .debug_info    0x00012e09      0x791 ./uC-CPU/cpu_core.o
 .debug_info    0x0001359a     0x1b09 ./uC-LIB/lib_mem.o
 .debug_info    0x000150a3       0x25 ./uC-OS3/Ports/ARM-Cortex-M/ARMv7-M/GNU/os_cpu_a.o
 .debug_info    0x000150c8      0x999 ./uC-OS3/Ports/ARM-Cortex-M/ARMv7-M/os_cpu_c.o
 .debug_info    0x00015a61      0x493 ./uC-OS3/Source/os_cfg_app.o
 .debug_info    0x00015ef4     0x1cde ./uC-OS3/Source/os_core.o
 .debug_info    0x00017bd2      0xdc0 ./uC-OS3/Source/os_dbg.o
 .debug_info    0x00018992     0x16b6 ./uC-OS3/Source/os_flag.o
 .debug_info    0x0001a048      0x8ef ./uC-OS3/Source/os_mem.o
 .debug_info    0x0001a937      0x8a0 ./uC-OS3/Source/os_msg.o
 .debug_info    0x0001b1d7     0x1613 ./uC-OS3/Source/os_mutex.o
 .debug_info    0x0001c7ea      0x167 ./uC-OS3/Source/os_prio.o
 .debug_info    0x0001c951     0x12e4 ./uC-OS3/Source/os_stat.o
 .debug_info    0x0001dc35     0x22ac ./uC-OS3/Source/os_task.o
 .debug_info    0x0001fee1      0xf25 ./uC-OS3/Source/os_tick.o
 .debug_info    0x00020e06     0x1059 ./uC-OS3/Source/os_time.o
 .debug_info    0x00021e5f     0x1ad7 ./uC-OS3/Source/os_tmr.o
 .debug_info    0x00023936      0xdbd ./uC-OS3/Source/os_var.o

.debug_abbrev   0x00000000     0x4c03
 .debug_abbrev  0x00000000      0x2ca ./App/Src/bobina.o
 .debug_abbrev  0x000002ca      0x2a9 ./App/Src/carroTransversal.o
 .debug_abbrev  0x00000573      0x267 ./App/Src/main.o
 .debug_abbrev  0x000007da      0x271 ./App/Src/perifericos.o
 .debug_abbrev  0x00000a4b      0x277 ./App/Src/stm32f4xx_hal_msp.o
 .debug_abbrev  0x00000cc2      0x1d2 ./App/Src/stm32f4xx_it.o
 .debug_abbrev  0x00000e94      0x242 ./Drivers/STM32F4xx_HAL_Driver/Src/stm32f4xx_hal.o
 .debug_abbrev  0x000010d6      0x27a ./Drivers/STM32F4xx_HAL_Driver/Src/stm32f4xx_hal_adc.o
 .debug_abbrev  0x00001350      0x39e ./Drivers/STM32F4xx_HAL_Driver/Src/stm32f4xx_hal_cortex.o
 .debug_abbrev  0x000016ee      0x20c ./Drivers/STM32F4xx_HAL_Driver/Src/stm32f4xx_hal_dac.o
 .debug_abbrev  0x000018fa      0x20d ./Drivers/STM32F4xx_HAL_Driver/Src/stm32f4xx_hal_dac_ex.o
 .debug_abbrev  0x00001b07      0x2c2 ./Drivers/STM32F4xx_HAL_Driver/Src/stm32f4xx_hal_dma.o
 .debug_abbrev  0x00001dc9      0x204 ./Drivers/STM32F4xx_HAL_Driver/Src/stm32f4xx_hal_gpio.o
 .debug_abbrev  0x00001fcd      0x2c8 ./Drivers/STM32F4xx_HAL_Driver/Src/stm32f4xx_hal_rcc.o
 .debug_abbrev  0x00002295      0x273 ./Drivers/STM32F4xx_HAL_Driver/Src/stm32f4xx_hal_tim.o
 .debug_abbrev  0x00002508      0x271 ./Drivers/STM32F4xx_HAL_Driver/Src/stm32f4xx_hal_tim_ex.o
 .debug_abbrev  0x00002779       0x24 ./System/Startup/startup_stm32f407zgtx.o
 .debug_abbrev  0x0000279d      0x120 ./System/system_stm32f4xx.o
 .debug_abbrev  0x000028bd       0x14 ./uC-CPU/ARM-Cortex-M/ARMv7-M/GNU/cpu_a.o
 .debug_abbrev  0x000028d1       0xdd ./uC-CPU/Cache/ARM/armv7m_generic_l1/cpu_cache_armv7m_generic_l1.o
 .debug_abbrev  0x000029ae      0x220 ./uC-CPU/cpu_core.o
 .debug_abbrev  0x00002bce      0x28c ./uC-LIB/lib_mem.o
 .debug_abbrev  0x00002e5a       0x14 ./uC-OS3/Ports/ARM-Cortex-M/ARMv7-M/GNU/os_cpu_a.o
 .debug_abbrev  0x00002e6e      0x268 ./uC-OS3/Ports/ARM-Cortex-M/ARMv7-M/os_cpu_c.o
 .debug_abbrev  0x000030d6       0xd5 ./uC-OS3/Source/os_cfg_app.o
 .debug_abbrev  0x000031ab      0x294 ./uC-OS3/Source/os_core.o
 .debug_abbrev  0x0000343f      0x108 ./uC-OS3/Source/os_dbg.o
 .debug_abbrev  0x00003547      0x282 ./uC-OS3/Source/os_flag.o
 .debug_abbrev  0x000037c9      0x1da ./uC-OS3/Source/os_mem.o
 .debug_abbrev  0x000039a3      0x1d8 ./uC-OS3/Source/os_msg.o
 .debug_abbrev  0x00003b7b      0x288 ./uC-OS3/Source/os_mutex.o
 .debug_abbrev  0x00003e03      0x101 ./uC-OS3/Source/os_prio.o
 .debug_abbrev  0x00003f04      0x233 ./uC-OS3/Source/os_stat.o
 .debug_abbrev  0x00004137      0x29e ./uC-OS3/Source/os_task.o
 .debug_abbrev  0x000043d5      0x27a ./uC-OS3/Source/os_tick.o
 .debug_abbrev  0x0000464f      0x233 ./uC-OS3/Source/os_time.o
 .debug_abbrev  0x00004882      0x2b9 ./uC-OS3/Source/os_tmr.o
 .debug_abbrev  0x00004b3b       0xc8 ./uC-OS3/Source/os_var.o

.debug_loclists
                0x00000000     0xc8af
 .debug_loclists
                0x00000000       0xba ./App/Src/bobina.o
 .debug_loclists
                0x000000ba      0x17a ./App/Src/carroTransversal.o
 .debug_loclists
                0x00000234       0x23 ./App/Src/main.o
 .debug_loclists
                0x00000257       0xbc ./App/Src/stm32f4xx_hal_msp.o
 .debug_loclists
                0x00000313       0xc9 ./Drivers/STM32F4xx_HAL_Driver/Src/stm32f4xx_hal.o
 .debug_loclists
                0x000003dc      0x800 ./Drivers/STM32F4xx_HAL_Driver/Src/stm32f4xx_hal_adc.o
 .debug_loclists
                0x00000bdc      0x439 ./Drivers/STM32F4xx_HAL_Driver/Src/stm32f4xx_hal_cortex.o
 .debug_loclists
                0x00001015      0x50a ./Drivers/STM32F4xx_HAL_Driver/Src/stm32f4xx_hal_dac.o
 .debug_loclists