Archive member included to satisfy reference by file (symbol)

C:/ST/STM32CubeIDE_1.15.1/STM32CubeIDE/plugins/com.st.stm32cube.ide.mcu.externaltools.gnu-tools-for-stm32.12.3.rel1.win32_1.0.200.202406191623/tools/bin/../lib/gcc/arm-none-eabi/12.3.1/../../../../arm-none-eabi/lib/thumb/v7e-m+fp/hard\libc_nano.a(libc_a-exit.o)
                              C:/ST/STM32CubeIDE_1.15.1/STM32CubeIDE/plugins/com.st.stm32cube.ide.mcu.externaltools.gnu-tools-for-stm32.12.3.rel1.win32_1.0.200.202406191623/tools/bin/../lib/gcc/arm-none-eabi/12.3.1/../../../../arm-none-eabi/lib/thumb/v7e-m+fp/hard/crt0.o (exit)
C:/ST/STM32CubeIDE_1.15.1/STM32CubeIDE/plugins/com.st.stm32cube.ide.mcu.externaltools.gnu-tools-for-stm32.12.3.rel1.win32_1.0.200.202406191623/tools/bin/../lib/gcc/arm-none-eabi/12.3.1/../../../../arm-none-eabi/lib/thumb/v7e-m+fp/hard\libc_nano.a(libc_a-findfp.o)
                              C:/ST/STM32CubeIDE_1.15.1/STM32CubeIDE/plugins/com.st.stm32cube.ide.mcu.externaltools.gnu-tools-for-stm32.12.3.rel1.win32_1.0.200.202406191623/tools/bin/../lib/gcc/arm-none-eabi/12.3.1/../../../../arm-none-eabi/lib/thumb/v7e-m+fp/hard\libc_nano.a(libc_a-exit.o) (__stdio_exit_handler)
C:/ST/STM32CubeIDE_1.15.1/STM32CubeIDE/plugins/com.st.stm32cube.ide.mcu.externaltools.gnu-tools-for-stm32.12.3.rel1.win32_1.0.200.202406191623/tools/bin/../lib/gcc/arm-none-eabi/12.3.1/../../../../arm-none-eabi/lib/thumb/v7e-m+fp/hard\libc_nano.a(libc_a-fwalk.o)
                              C:/ST/STM32CubeIDE_1.15.1/STM32CubeIDE/plugins/com.st.stm32cube.ide.mcu.externaltools.gnu-tools-for-stm32.12.3.rel1.win32_1.0.200.202406191623/tools/bin/../lib/gcc/arm-none-eabi/12.3.1/../../../../arm-none-eabi/lib/thumb/v7e-m+fp/hard\libc_nano.a(libc_a-findfp.o) (_fwalk_sglue)
C:/ST/STM32CubeIDE_1.15.1/STM32CubeIDE/plugins/com.st.stm32cube.ide.mcu.externaltools.gnu-tools-for-stm32.12.3.rel1.win32_1.0.200.202406191623/tools/bin/../lib/gcc/arm-none-eabi/12.3.1/../../../../arm-none-eabi/lib/thumb/v7e-m+fp/hard\libc_nano.a(libc_a-stdio.o)
                              C:/ST/STM32CubeIDE_1.15.1/STM32CubeIDE/plugins/com.st.stm32cube.ide.mcu.externaltools.gnu-tools-for-stm32.12.3.rel1.win32_1.0.200.202406191623/tools/bin/../lib/gcc/arm-none-eabi/12.3.1/../../../../arm-none-eabi/lib/thumb/v7e-m+fp/hard\libc_nano.a(libc_a-findfp.o) (__sread)
C:/ST/STM32CubeIDE_1.15.1/STM32CubeIDE/plugins/com.st.stm32cube.ide.mcu.externaltools.gnu-tools-for-stm32.12.3.rel1.win32_1.0.200.202406191623/tools/bin/../lib/gcc/arm-none-eabi/12.3.1/../../../../arm-none-eabi/lib/thumb/v7e-m+fp/hard\libc_nano.a(libc_a-memset.o)
                              C:/ST/STM32CubeIDE_1.15.1/STM32CubeIDE/plugins/com.st.stm32cube.ide.mcu.externaltools.gnu-tools-for-stm32.12.3.rel1.win32_1.0.200.202406191623/tools/bin/../lib/gcc/arm-none-eabi/12.3.1/../../../../arm-none-eabi/lib/thumb/v7e-m+fp/hard/crt0.o (memset)
C:/ST/STM32CubeIDE_1.15.1/STM32CubeIDE/plugins/com.st.stm32cube.ide.mcu.externaltools.gnu-tools-for-stm32.12.3.rel1.win32_1.0.200.202406191623/tools/bin/../lib/gcc/arm-none-eabi/12.3.1/../../../../arm-none-eabi/lib/thumb/v7e-m+fp/hard\libc_nano.a(libc_a-closer.o)
                              C:/ST/STM32CubeIDE_1.15.1/STM32CubeIDE/plugins/com.st.stm32cube.ide.mcu.externaltools.gnu-tools-for-stm32.12.3.rel1.win32_1.0.200.202406191623/tools/bin/../lib/gcc/arm-none-eabi/12.3.1/../../../../arm-none-eabi/lib/thumb/v7e-m+fp/hard\libc_nano.a(libc_a-stdio.o) (_close_r)
C:/ST/STM32CubeIDE_1.15.1/STM32CubeIDE/plugins/com.st.stm32cube.ide.mcu.externaltools.gnu-tools-for-stm32.12.3.rel1.win32_1.0.200.202406191623/tools/bin/../lib/gcc/arm-none-eabi/12.3.1/../../../../arm-none-eabi/lib/thumb/v7e-m+fp/hard\libc_nano.a(libc_a-reent.o)
                              C:/ST/STM32CubeIDE_1.15.1/STM32CubeIDE/plugins/com.st.stm32cube.ide.mcu.externaltools.gnu-tools-for-stm32.12.3.rel1.win32_1.0.200.202406191623/tools/bin/../lib/gcc/arm-none-eabi/12.3.1/../../../../arm-none-eabi/lib/thumb/v7e-m+fp/hard\libc_nano.a(libc_a-closer.o) (errno)
C:/ST/STM32CubeIDE_1.15.1/STM32CubeIDE/plugins/com.st.stm32cube.ide.mcu.externaltools.gnu-tools-for-stm32.12.3.rel1.win32_1.0.200.202406191623/tools/bin/../lib/gcc/arm-none-eabi/12.3.1/../../../../arm-none-eabi/lib/thumb/v7e-m+fp/hard\libc_nano.a(libc_a-impure.o)
                              C:/ST/STM32CubeIDE_1.15.1/STM32CubeIDE/plugins/com.st.stm32cube.ide.mcu.externaltools.gnu-tools-for-stm32.12.3.rel1.win32_1.0.200.202406191623/tools/bin/../lib/gcc/arm-none-eabi/12.3.1/../../../../arm-none-eabi/lib/thumb/v7e-m+fp/hard\libc_nano.a(libc_a-reent.o) (_impure_ptr)
C:/ST/STM32CubeIDE_1.15.1/STM32CubeIDE/plugins/com.st.stm32cube.ide.mcu.externaltools.gnu-tools-for-stm32.12.3.rel1.win32_1.0.200.202406191623/tools/bin/../lib/gcc/arm-none-eabi/12.3.1/../../../../arm-none-eabi/lib/thumb/v7e-m+fp/hard\libc_nano.a(libc_a-lseekr.o)
[...]
Memory Configuration

Name             Origin             Length             Attributes
CCMRAM           0x10000000         0x00010000         xrw
RAM              0x20000000         0x00030000         xrw
FLASH            0x08000000         0x001e0000         xr
DATA             0x081e0000         0x00020000         xrw
*default*        0x00000000         0xffffffff

Linker script and memory map

LOAD C:/ST/STM32CubeIDE_1.15.1/STM32CubeIDE/plugins/com.st.stm32cube.ide.mcu.externaltools.gnu-tools-for-stm32.12.3.rel1.win32_1.0.200.202406191623/tools/bin/../lib/gcc/arm-none-eabi/12.3.1/thumb/v7e-m+fp/hard/crti.o
LOAD C:/ST/STM32CubeIDE_1.15.1/STM32CubeIDE/plugins/com.st.stm32cube.ide.mcu.externaltools.gnu-tools-for-stm32.12.3.rel1.win32_1.0.200.202406191623/tools/bin/../lib/gcc/arm-none-eabi/12.3.1/thumb/v7e-m+fp/hard/crtbegin.o
LOAD C:/ST/STM32CubeIDE_1.15.1/STM32CubeIDE/plugins/com.st.stm32cube.ide.mcu.externaltools.gnu-tools-for-stm32.12.3.rel1.win32_1.0.200.202406191623/tools/bin/../lib/gcc/arm-none-eabi/12.3.1/../../../../arm-none-eabi/lib/thumb/v7e-m+fp/hard/crt0.o
LOAD ./App/Config/os_app_hooks.o
LOAD ./App/Src/bobina.o
LOAD ./App/Src/carroTransversal.o
LOAD ./App/Src/flash.o
LOAD ./App/Src/main.o
LOAD ./App/Src/perifericos.o
LOAD ./App/Src/stm32f4xx_hal_msp.o
LOAD ./App/Src/stm32f4xx_it.o
LOAD ./Drivers/STM32F4xx_HAL_Driver/Src/stm32f4xx_hal.o
LOAD ./Drivers/STM32F4xx_HAL_Driver/Src/stm32f4xx_hal_adc.o
LOAD ./Drivers/STM32F4xx_HAL_Driver/Src/stm32f4xx_hal_adc_ex.o
LOAD ./Drivers/STM32F4xx_HAL_Driver/Src/stm32f4xx_hal_cortex.o
LOAD ./Drivers/STM32F4xx_HAL_Driver/Src/stm32f4xx_hal_dac.o
LOAD ./Drivers/STM32F4xx_HAL_Driver/Src/stm32f4xx_hal_dac_ex.o
LOAD ./Drivers/STM32F4xx_HAL_Driver/Src/stm32f4xx_hal_dma.o
LOAD ./Drivers/STM32F4xx_HAL_Driver/Src/stm32f4xx_hal_dma_ex.o
LOAD ./Drivers/STM32F4xx_HAL_Driver/Src/stm32f4xx_hal_exti.o
LOAD ./Drivers/STM32F4xx_HAL_Driver/Src/stm32f4xx_hal_flash.o
LOAD ./Drivers/STM32F4xx_HAL_Driver/Src/stm32f4xx_hal_flash_ex.o
LOAD ./Drivers/STM32F4xx_HAL_Driver/Src/stm32f4xx_hal_flash_ramfunc.o
LOAD ./Drivers/STM32F4xx_HAL_Driver/Src/stm32f4xx_hal_gpio.o
LOAD ./Drivers/STM32F4xx_HAL_Driver/Src/stm32f4xx_hal_pwr.o
LOAD ./Drivers/STM32F4xx_HAL_Driver/Src/stm32f4xx_hal_pwr_ex.o
LOAD ./Drivers/STM32F4xx_HAL_Driver/Src/stm32f4xx_hal_rcc.o
LOAD ./Drivers/STM32F4xx_HAL_Driver/Src/stm32f4xx_hal_rcc_ex.o
LOAD ./Drivers/STM32F4xx_HAL_Driver/Src/stm32f4xx_hal_tim.o
LOAD ./Drivers/STM32F4xx_HAL_Driver/Src/stm32f4xx_hal_tim_ex.o
LOAD ./Drivers/STM32F4xx_HAL_Driver/Src/stm32f4xx_ll_adc.o
LOAD ./System/Startup/startup_stm32f439zitx.o
LOAD ./System/syscalls.o
LOAD ./System/sysmem.o
LOAD ./System/system_stm32f4xx.o
LOAD ./uC-CPU/ARM-Cortex-M/ARMv7-M/GNU/cpu_a.o
LOAD ./uC-CPU/ARM-Cortex-M/ARMv7-M/cpu_c.o
LOAD ./uC-CPU/cpu_core.o
LOAD ./uC-LIB/Ports/ARM-Cortex-M4/GNU/lib_mem_a.o
LOAD ./uC-LIB/lib_ascii.o
LOAD ./uC-LIB/lib_math.o
LOAD ./uC-LIB/lib_str.o
LOAD ./uC-OS3/Ports/ARM-Cortex-M/ARMv7-M/GNU/os_cpu_a.o
LOAD ./uC-OS3/Ports/ARM-Cortex-M/ARMv7-M/os_cpu_c.o
LOAD ./uC-OS3/Source/os_cfg_app.o
LOAD ./uC-OS3/Source/os_core.o
LOAD ./uC-OS3/Source/os_dbg.o
LOAD ./uC-OS3/Source/os_flag.o
LOAD ./uC-OS3/Source/os_mem.o
LOAD ./uC-OS3/Source/os_msg.o
LOAD ./uC-OS3/Source/os_mutex.o
LOAD ./uC-OS3/Source/os_prio.o
LOAD ./uC-OS3/Source/os_q.o
LOAD ./uC-OS3/Source/os_sem.o
LOAD ./uC-OS3/Source/os_stat.o
LOAD ./uC-OS3/Source/os_task.o
LOAD ./uC-OS3/Source/os_tick.o
LOAD ./uC-OS3/Source/os_time.o
LOAD ./uC-OS3/Source/os_tmr.o
LOAD ./uC-OS3/Source/os_var.o
LOAD ./uC-OS3/TLS/NewLib/os_tls.o
LOAD ./uC-OS3/Template/bsp_os_dt.o
START GROUP
LOAD C:/ST/STM32CubeIDE_1.15.1/STM32CubeIDE/plugins/com.st.stm32cube.ide.mcu.externaltools.gnu-tools-for-stm32.12.3.rel1.win32_1.0.200.202406191623/tools/bin/../lib/gcc/arm-none-eabi/12.3.1/../../../../arm-none-eabi/lib/thumb/v7e-m+fp/hard\libc_nano.a
LOAD C:/ST/STM32CubeIDE_1.15.1/STM32CubeIDE/plugins/com.st.stm32cube.ide.mcu.externaltools.gnu-tools-for-stm32.12.3.rel1.win32_1.0.200.202406191623/tools/bin/../lib/gcc/arm-none-eabi/12.3.1/../../../../arm-none-eabi/lib/thumb/v7e-m+fp/hard\libm.a
END GROUP
START GROUP
LOAD C:/ST/STM32CubeIDE_1.15.1/STM32CubeIDE/plugins/com.st.stm32cube.ide.mcu.externaltools.gnu-tools-for-stm32.12.3.rel1.win32_1.0.200.202406191623/tools/bin/../lib/gcc/arm-none-eabi/12.3.1/thumb/v7e-m+fp/hard\libgcc.a
LOAD C:/ST/STM32CubeIDE_1.15.1/STM32CubeIDE/plugins/com.st.stm32cube.ide.mcu.externaltools.gnu-tools-for-stm32.12.3.rel1.win32_1.0.200.202406191623/tools/bin/../lib/gcc/arm-none-eabi/12.3.1/../../../../arm-none-eabi/lib/thumb/v7e-m+fp/hard\libc_nano.a
END GROUP
START GROUP
LOAD C:/ST/STM32CubeIDE_1.15.1/STM32CubeIDE/plugins/com.st.stm32cube.ide.mcu.externaltools.gnu-tools-for-stm32.12.3.rel1.win32_1.0.200.202406191623/tools/bin/../lib/gcc/arm-none-eabi/12.3.1/thumb/v7e-m+fp/hard\libgcc.a
LOAD C:/ST/STM32CubeIDE_1.15.1/STM32CubeIDE/plugins/com.st.stm32cube.ide.mcu.externaltools.gnu-tools-for-stm32.12.3.rel1.win32_1.0.200.202406191623/tools/bin/../lib/gcc/arm-none-eabi/12.3.1/../../../../arm-none-eabi/lib/thumb/v7e-m+fp/hard\libc_nano.a
LOAD C:/ST/STM32CubeIDE_1.15.1/STM32CubeIDE/plugins/com.st.stm32cube.ide.mcu.externaltools.gnu-tools-for-stm32.12.3.rel1.win32_1.0.200.202406191623/tools/bin/../lib/gcc/arm-none-eabi/12.3.1/../../../../arm-none-eabi/lib/thumb/v7e-m+fp/hard\libnosys.a
END GROUP
START GROUP
LOAD C:/ST/STM32CubeIDE_1.15.1/STM32CubeIDE/plugins/com.st.stm32cube.ide.mcu.externaltools.gnu-tools-for-stm32.12.3.rel1.win32_1.0.200.202406191623/tools/bin/../lib/gcc/arm-none-eabi/12.3.1/thumb/v7e-m+fp/hard\libgcc.a
LOAD C:/ST/STM32CubeIDE_1.15.1/STM32CubeIDE/plugins/com.st.stm32cube.ide.mcu.externaltools.gnu-tools-for-stm32.12.3.rel1.win32_1.0.200.202406191623/tools/bin/../lib/gcc/arm-none-eabi/12.3.1/../../../../arm-none-eabi/lib/thumb/v7e-m+fp/hard\libc_nano.a
LOAD C:/ST/STM32CubeIDE_1.15.1/STM32CubeIDE/plugins/com.st.stm32cube.ide.mcu.externaltools.gnu-tools-for-stm32.12.3.rel1.win32_1.0.200.202406191623/tools/bin/../lib/gcc/arm-none-eabi/12.3.1/../../../../arm-none-eabi/lib/thumb/v7e-m+fp/hard\libnosys.a
END GROUP
LOAD C:/ST/STM32CubeIDE_1.15.1/STM32CubeIDE/plugins/com.st.stm32cube.ide.mcu.externaltools.gnu-tools-for-stm32.12.3.rel1.win32_1.0.200.202406191623/tools/bin/../lib/gcc/arm-none-eabi/12.3.1/thumb/v7e-m+fp/hard/crtend.o
LOAD C:/ST/STM32CubeIDE_1.15.1/STM32CubeIDE/plugins/com.st.stm32cube.ide.mcu.externaltools.gnu-tools-for-stm32.12.3.rel1.win32_1.0.200.202406191623/tools/bin/../lib/gcc/arm-none-eabi/12.3.1/thumb/v7e-m+fp/hard/crtn.o
                0x20030000                        _estack = (ORIGIN (RAM) + LENGTH (RAM))
                0x00000200                        _Min_Heap_Size = 0x200
                0x00000400                        _Min_Stack_Size = 0x400

.user_data      0x081e0000       0x40
                0x081e0000                        . = ALIGN (0x4)
                0x081e0000                        _user_data_start = .
 *(.user_data)
 .user_data     0x081e0000       0x40 ./App/Src/flash.o
                0x081e0000                userConfig
                0x081e0040                        . = ALIGN (0x4)
                0x081e0040                        _user_data_end = .

.isr_vector     0x08000000      0x1ac
                0x08000000                        . = ALIGN (0x4)
 *(.isr_vector)
 .isr_vector    0x08000000      0x1ac ./System/Startup/startup_stm32f439zitx.o
                0x08000000                g_pfnVectors
                0x080001ac                        . = ALIGN (0x4)

.text           0x080001b0     0x8c24
                0x080001b0                        . = ALIGN (0x4)
 *(.text)
 .text          0x080001b0       0x40 C:/ST/STM32CubeIDE_1.15.1/STM32CubeIDE/plugins/com.st.stm32cube.ide.mcu.externaltools.gnu-tools-for-stm32.12.3.rel1.win32_1.0.200.202406191623/tools/bin/../lib/gcc/arm-none-eabi/12.3.1/thumb/v7e-m+fp/hard/crtbegin.o
 .text          0x080001f0       0x54 ./uC-CPU/ARM-Cortex-M/ARMv7-M/GNU/cpu_a.o
                0x080001f0                CPU_IntDis
                0x080001f4                CPU_IntEn
                0x080001f8                CPU_SR_Save
                0x08000214                CPU_SR_Restore
                0x08000226                CPU_WaitForInt
                0x0800022a                CPU_WaitForExcept
                0x0800022e                CPU_CntLeadZeros
                0x08000234                CPU_CntTrailZeros
                0x0800023e                CPU_RevBits
 .text          0x08000244      0x118 ./uC-OS3/Ports/ARM-Cortex-M/ARMv7-M/GNU/os_cpu_a.o
                0x08000244                OSStartHighRdy
                0x080002c2                OSIntCtxSw
                0x080002c2                OSCtxSw
                0x080002cc                OS_CPU_PendSVHandler
 .text          0x0800035c      0x254 C:/ST/STM32CubeIDE_1.15.1/STM32CubeIDE/plugins/com.st.stm32cube.ide.mcu.externaltools.gnu-tools-for-stm32.12.3.rel1.win32_1.0.200.202406191623/tools/bin/../lib/gcc/arm-none-eabi/12.3.1/thumb/v7e-m+fp/hard\libgcc.a(_arm_muldf3.o)
                0x0800035c                __muldf3
                0x0800035c                __aeabi_dmul
 .text          0x080005b0      0x378 C:/ST/STM32CubeIDE_1.15.1/STM32CubeIDE/plugins/com.st.stm32cube.ide.mcu.externaltools.gnu-tools-for-stm32.12.3.rel1.win32_1.0.200.202406191623/tools/bin/../lib/gcc/arm-none-eabi/12.3.1/thumb/v7e-m+fp/hard\libgcc.a(_arm_addsubdf3.o)
                0x080005b0                __aeabi_drsub
                0x080005b8                __aeabi_dsub
                0x080005b8                __subdf3
                0x080005bc                __aeabi_dadd
                0x080005bc                __adddf3
                0x08000834                __floatunsidf
                0x08000834                __aeabi_ui2d
                0x08000854                __floatsidf
                0x08000854                __aeabi_i2d
                0x08000878                __aeabi_f2d
                0x08000878                __extendsfdf2
                0x080008bc                __floatundidf
                0x080008bc                __aeabi_ul2d
                0x080008cc                __floatdidf
                0x080008cc                __aeabi_l2d
 .text          0x08000928       0xa0 C:/ST/STM32CubeIDE_1.15.1/STM32CubeIDE/plugins/com.st.stm32cube.ide.mcu.externaltools.gnu-tools-for-stm32.12.3.rel1.win32_1.0.200.202406191623/tools/bin/../lib/gcc/arm-none-eabi/12.3.1/thumb/v7e-m+fp/hard\libgcc.a(_arm_truncdfsf2.o)
                0x08000928                __truncdfsf2
                0x08000928                __aeabi_d2f
 .text          0x080009c8       0x30 C:/ST/STM32CubeIDE_1.15.1/STM32CubeIDE/plugins/com.st.stm32cube.ide.mcu.externaltools.gnu-tools-for-stm32.12.3.rel1.win32_1.0.200.202406191623/tools/bin/../lib/gcc/arm-none-eabi/12.3.1/thumb/v7e-m+fp/hard\libgcc.a(_aeabi_uldivmod.o)
                0x080009c8                __aeabi_uldivmod
 .text          0x080009f8      0x2bc C:/ST/STM32CubeIDE_1.15.1/STM32CubeIDE/plugins/com.st.stm32cube.ide.mcu.externaltools.gnu-tools-for-stm32.12.3.rel1.win32_1.0.200.202406191623/tools/bin/../lib/gcc/arm-none-eabi/12.3.1/thumb/v7e-m+fp/hard\libgcc.a(_udivmoddi4.o)
                0x080009f8                __udivmoddi4
 .text          0x08000cb4        0x4 C:/ST/STM32CubeIDE_1.15.1/STM32CubeIDE/plugins/com.st.stm32cube.ide.mcu.externaltools.gnu-tools-for-stm32.12.3.rel1.win32_1.0.200.202406191623/tools/bin/../lib/gcc/arm-none-eabi/12.3.1/thumb/v7e-m+fp/hard\libgcc.a(_dvmd_tls.o)
                0x08000cb4                __aeabi_idiv0
                0x08000cb4                __aeabi_ldiv0
 *(.text*)
 .text.HAL_ADC_ConvCpltCallback
                0x08000cb8       0x30 ./App/Src/bobina.o
                0x08000cb8                HAL_ADC_ConvCpltCallback
 .text.motorBobinaTask
                0x08000ce8      0x138 ./App/Src/bobina.o
 .text.motorBobinaCreateTask
                0x08000e20       0x5c ./App/Src/bobina.o
                0x08000e20                motorBobinaCreateTask
 .text.HAL_GPIO_EXTI_Callback
                0x08000e7c      0x10c ./App/Src/carroTransversal.o
                0x08000e7c                HAL_GPIO_EXTI_Callback
 .text.carroTransversalTask
                0x08000f88      0x15c ./App/Src/carroTransversal.o
 .text.carroTransversalCreateTask
                0x080010e4       0x5c ./App/Src/carroTransversal.o
                0x080010e4                carroTransversalCreateTask
 .text.carroTransversalHome
                0x08001140       0x58 ./App/Src/carroTransversal.o
 .text.carroTransversalDir
                0x08001198       0x84 ./App/Src/carroTransversal.o
 .text.carroTransversalSetDuty
                0x0800121c       0x7c ./App/Src/carroTransversal.o
 .text.Read_HALFWORD_Config
                0x08001298       0x60 ./App/Src/flash.o
                0x08001298                Read_HALFWORD_Config
 .text.main     0x080012f8       0xa4 ./App/Src/main.o
                0x080012f8                main
 .text.programStartTask
                0x0800139c       0x5c ./App/Src/main.o
 .text.Error_Handler
                0x080013f8       0x24 ./App/Src/main.o
                0x080013f8                Error_Handler
 .text.SystemClock_Config
                0x0800141c       0xd8 ./App/Src/perifericos.o
                0x0800141c                SystemClock_Config
 .text.MX_ADC2_Init
                0x080014f4       0xac ./App/Src/perifericos.o
                0x080014f4                MX_ADC2_Init
 .text.MX_DAC_Init
                0x080015a0       0x68 ./App/Src/perifericos.o
                0x080015a0                MX_DAC_Init
 .text.MX_TIM1_Init
                0x08001608      0x13c ./App/Src/perifericos.o
                0x08001608                MX_TIM1_Init
 .text.MX_TIM2_Init
                0x08001744       0x98 ./App/Src/perifericos.o
                0x08001744                MX_TIM2_Init
 .text.MX_DMA_Init
                0x080017dc       0x5c ./App/Src/perifericos.o
                0x080017dc                MX_DMA_Init
 .text.MX_GPIO_Init
                0x08001838      0x248 ./App/Src/perifericos.o
                0x08001838                MX_GPIO_Init
 .text.HAL_MspInit
                0x08001a80       0x50 ./App/Src/stm32f4xx_hal_msp.o
                0x08001a80                HAL_MspInit
 .text.HAL_ADC_MspInit
                0x08001ad0      0x128 ./App/Src/stm32f4xx_hal_msp.o
                0x08001ad0                HAL_ADC_MspInit
 .text.HAL_DAC_MspInit
                0x08001bf8      0x15c ./App/Src/stm32f4xx_hal_msp.o
                0x08001bf8                HAL_DAC_MspInit
 .text.HAL_TIM_Base_MspInit
                0x08001d54       0x6c ./App/Src/stm32f4xx_hal_msp.o
                0x08001d54                HAL_TIM_Base_MspInit
 .text.HAL_TIM_MspPostInit
                0x08001dc0       0x74 ./App/Src/stm32f4xx_hal_msp.o
                0x08001dc0                HAL_TIM_MspPostInit
 .text.NMI_Handler
                0x08001e34        0xc ./App/Src/stm32f4xx_it.o
                0x08001e34                NMI_Handler
 .text.HardFault_Handler
                0x08001e40        0x8 ./App/Src/stm32f4xx_it.o
                0x08001e40                HardFault_Handler
 .text.MemManage_Handler
                0x08001e48        0x8 ./App/Src/stm32f4xx_it.o
                0x08001e48                MemManage_Handler
 .text.BusFault_Handler
                0x08001e50        0x8 ./App/Src/stm32f4xx_it.o
                0x08001e50                BusFault_Handler
 .text.UsageFault_Handler
                0x08001e58        0x8 ./App/Src/stm32f4xx_it.o
                0x08001e58                UsageFault_Handler
 .text.SVC_Handler
                0x08001e60        0xe ./App/Src/stm32f4xx_it.o
                0x08001e60                SVC_Handler
 .text.DebugMon_Handler
                0x08001e6e        0xe ./App/Src/stm32f4xx_it.o
                0x08001e6e                DebugMon_Handler
 .text.EXTI3_IRQHandler
                0x08001e7c        0xe ./App/Src/stm32f4xx_it.o
                0x08001e7c                EXTI3_IRQHandler
 .text.EXTI15_10_IRQHandler
                0x08001e8a       0x18 ./App/Src/stm32f4xx_it.o
                0x08001e8a                EXTI15_10_IRQHandler
 *fill*         0x08001ea2        0x2 
 .text.DMA2_Stream2_IRQHandler
                0x08001ea4       0x14 ./App/Src/stm32f4xx_it.o
                0x08001ea4                DMA2_Stream2_IRQHandler
 .text.HAL_Init
                0x08001eb8       0x44 ./Drivers/STM32F4xx_HAL_Driver/Src/stm32f4xx_hal.o
                0x08001eb8                HAL_Init
 .text.HAL_InitTick
                0x08001efc       0x60 ./Drivers/STM32F4xx_HAL_Driver/Src/stm32f4xx_hal.o
                0x08001efc                HAL_InitTick
 .text.HAL_GetTick
                0x08001f5c       0x18 ./Drivers/STM32F4xx_HAL_Driver/Src/stm32f4xx_hal.o
                0x08001f5c                HAL_GetTick
 .text.HAL_ADC_Init
                0x08001f74       0x86 ./Drivers/STM32F4xx_HAL_Driver/Src/stm32f4xx_hal_adc.o
                0x08001f74                HAL_ADC_Init
 *fill*         0x08001ffa        0x2 
 .text.HAL_ADC_Start_DMA
                0x08001ffc      0x220 ./Drivers/STM32F4xx_HAL_Driver/Src/stm32f4xx_hal_adc.o
                0x08001ffc                HAL_ADC_Start_DMA
 .text.HAL_ADC_ConvHalfCpltCallback
                0x0800221c       0x14 ./Drivers/STM32F4xx_HAL_Driver/Src/stm32f4xx_hal_adc.o
                0x0800221c                HAL_ADC_ConvHalfCpltCallback
 .text.HAL_ADC_ErrorCallback
                0x08002230       0x14 ./Drivers/STM32F4xx_HAL_Driver/Src/stm32f4xx_hal_adc.o
                0x08002230                HAL_ADC_ErrorCallback
 .text.HAL_ADC_ConfigChannel
                0x08002244      0x264 ./Drivers/STM32F4xx_HAL_Driver/Src/stm32f4xx_hal_adc.o
                0x08002244                HAL_ADC_ConfigChannel
 .text.ADC_Init
                0x080024a8      0x1f8 ./Drivers/STM32F4xx_HAL_Driver/Src/stm32f4xx_hal_adc.o
 .text.ADC_DMAConvCplt
                0x080026a0       0xba ./Drivers/STM32F4xx_HAL_Driver/Src/stm32f4xx_hal_adc.o
 .text.ADC_DMAHalfConvCplt
                0x0800275a       0x1c ./Drivers/STM32F4xx_HAL_Driver/Src/stm32f4xx_hal_adc.o
 .text.ADC_DMAError
                0x08002776       0x2e ./Drivers/STM32F4xx_HAL_Driver/Src/stm32f4xx_hal_adc.o
 .text.__NVIC_SetPriorityGrouping
                0x080027a4       0x48 ./Drivers/STM32F4xx_HAL_Driver/Src/stm32f4xx_hal_cortex.o
 .text.__NVIC_GetPriorityGrouping
                0x080027ec       0x1c ./Drivers/STM32F4xx_HAL_Driver/Src/stm32f4xx_hal_cortex.o
 .text.__NVIC_EnableIRQ
                0x08002808       0x3c ./Drivers/STM32F4xx_HAL_Driver/Src/stm32f4xx_hal_cortex.o
 .text.__NVIC_SetPriority
                0x08002844       0x54 ./Drivers/STM32F4xx_HAL_Driver/Src/stm32f4xx_hal_cortex.o
 .text.NVIC_EncodePriority
                0x08002898       0x66 ./Drivers/STM32F4xx_HAL_Driver/Src/stm32f4xx_hal_cortex.o
 *fill*         0x080028fe        0x2 
 .text.SysTick_Config
                0x08002900       0x44 ./Drivers/STM32F4xx_HAL_Driver/Src/stm32f4xx_hal_cortex.o
 .text.HAL_NVIC_SetPriorityGrouping
                0x08002944       0x16 ./Drivers/STM32F4xx_HAL_Driver/Src/stm32f4xx_hal_cortex.o
                0x08002944                HAL_NVIC_SetPriorityGrouping
 .text.HAL_NVIC_SetPriority
                0x0800295a       0x38 ./Drivers/STM32F4xx_HAL_Driver/Src/stm32f4xx_hal_cortex.o
                0x0800295a                HAL_NVIC_SetPriority
 .text.HAL_NVIC_EnableIRQ
                0x08002992       0x1c ./Drivers/STM32F4xx_HAL_Driver/Src/stm32f4xx_hal_cortex.o
                0x08002992                HAL_NVIC_EnableIRQ
 .text.HAL_SYSTICK_Config
                0x080029ae       0x18 ./Drivers/STM32F4xx_HAL_Driver/Src/stm32f4xx_hal_cortex.o
                0x080029ae                HAL_SYSTICK_Config
 .text.HAL_DAC_Init
                0x080029c6       0x44 ./Drivers/STM32F4xx_HAL_Driver/Src/stm32f4xx_hal_dac.o
                0x080029c6                HAL_DAC_Init
 *fill*         0x08002a0a        0x2 
 .text.HAL_DAC_Start_DMA
                0x08002a0c      0x184 ./Drivers/STM32F4xx_HAL_Driver/Src/stm32f4xx_hal_dac.o
                0x08002a0c                HAL_DAC_Start_DMA
 .text.HAL_DAC_ConvCpltCallbackCh1
                0x08002b90       0x14 ./Drivers/STM32F4xx_HAL_Driver/Src/stm32f4xx_hal_dac.o
                0x08002b90                HAL_DAC_ConvCpltCallbackCh1
 .text.HAL_DAC_ConvHalfCpltCallbackCh1
                0x08002ba4       0x14 ./Drivers/STM32F4xx_HAL_Driver/Src/stm32f4xx_hal_dac.o
                0x08002ba4                HAL_DAC_ConvHalfCpltCallbackCh1
 .text.HAL_DAC_ErrorCallbackCh1
                0x08002bb8       0x14 ./Drivers/STM32F4xx_HAL_Driver/Src/stm32f4xx_hal_dac.o
                0x08002bb8                HAL_DAC_ErrorCallbackCh1
 .text.HAL_DAC_ConfigChannel
                0x08002bcc       0xb2 ./Drivers/STM32F4xx_HAL_Driver/Src/stm32f4xx_hal_dac.o
                0x08002bcc                HAL_DAC_ConfigChannel
 .text.DAC_DMAConvCpltCh1
                0x08002c7e       0x22 ./Drivers/STM32F4xx_HAL_Driver/Src/stm32f4xx_hal_dac.o
                0x08002c7e                DAC_DMAConvCpltCh1
 .text.DAC_DMAHalfConvCpltCh1
                0x08002ca0       0x1c ./Drivers/STM32F4xx_HAL_Driver/Src/stm32f4xx_hal_dac.o
                0x08002ca0                DAC_DMAHalfConvCpltCh1
 .text.DAC_DMAErrorCh1
                0x08002cbc       0x2e ./Drivers/STM32F4xx_HAL_Driver/Src/stm32f4xx_hal_dac.o
                0x08002cbc                DAC_DMAErrorCh1
 .text.HAL_DACEx_ConvCpltCallbackCh2
                0x08002cea       0x14 ./Drivers/STM32F4xx_HAL_Driver/Src/stm32f4xx_hal_dac_ex.o
                0x08002cea                HAL_DACEx_ConvCpltCallbackCh2
 .text.HAL_DACEx_ConvHalfCpltCallbackCh2
                0x08002cfe       0x14 ./Drivers/STM32F4xx_HAL_Driver/Src/stm32f4xx_hal_dac_ex.o
                0x08002cfe                HAL_DACEx_ConvHalfCpltCallbackCh2
 .text.HAL_DACEx_ErrorCallbackCh2
                0x08002d12       0x14 ./Drivers/STM32F4xx_HAL_Driver/Src/stm32f4xx_hal_dac_ex.o
                0x08002d12                HAL_DACEx_ErrorCallbackCh2
 .text.DAC_DMAConvCpltCh2
                0x08002d26       0x22 ./Drivers/STM32F4xx_HAL_Driver/Src/stm32f4xx_hal_dac_ex.o
                0x08002d26                DAC_DMAConvCpltCh2
 .text.DAC_DMAHalfConvCpltCh2
                0x08002d48       0x1c ./Drivers/STM32F4xx_HAL_Driver/Src/stm32f4xx_hal_dac_ex.o
                0x08002d48                DAC_DMAHalfConvCpltCh2
 .text.DAC_DMAErrorCh2
                0x08002d64       0x2e ./Drivers/STM32F4xx_HAL_Driver/Src/stm32f4xx_hal_dac_ex.o
                0x08002d64                DAC_DMAErrorCh2
 *fill*         0x08002d92        0x2 
 .text.HAL_DMA_Init
                0x08002d94      0x15c ./Drivers/STM32F4xx_HAL_Driver/Src/stm32f4xx_hal_dma.o
                0x08002d94                HAL_DMA_Init
 .text.HAL_DMA_Start_IT
                0x08002ef0       0xb0 ./Drivers/STM32F4xx_HAL_Driver/Src/stm32f4xx_hal_dma.o
                0x08002ef0                HAL_DMA_Start_IT
 .text.HAL_DMA_IRQHandler
                0x08002fa0      0x314 ./Drivers/STM32F4xx_HAL_Driver/Src/stm32f4xx_hal_dma.o
                0x08002fa0                HAL_DMA_IRQHandler
 .text.DMA_SetConfig
                0x080032b4       0x5c ./Drivers/STM32F4xx_HAL_Driver/Src/stm32f4xx_hal_dma.o
 .text.DMA_CalcBaseAndBitshift
                0x08003310       0x6c ./Drivers/STM32F4xx_HAL_Driver/Src/stm32f4xx_hal_dma.o
 .text.DMA_CheckFifoParam
                0x0800337c       0xf8 ./Drivers/STM32F4xx_HAL_Driver/Src/stm32f4xx_hal_dma.o
 .text.HAL_GPIO_Init
                0x08003474      0x358 ./Drivers/STM32F4xx_HAL_Driver/Src/stm32f4xx_hal_gpio.o
                0x08003474                HAL_GPIO_Init
 .text.HAL_GPIO_ReadPin
                0x080037cc       0x30 ./Drivers/STM32F4xx_HAL_Driver/Src/stm32f4xx_hal_gpio.o
                0x080037cc                HAL_GPIO_ReadPin
 .text.HAL_GPIO_WritePin
                0x080037fc       0x32 ./Drivers/STM32F4xx_HAL_Driver/Src/stm32f4xx_hal_gpio.o
                0x080037fc                HAL_GPIO_WritePin
 .text.HAL_GPIO_TogglePin
                0x0800382e       0x34 ./Drivers/STM32F4xx_HAL_Driver/Src/stm32f4xx_hal_gpio.o
                0x0800382e                HAL_GPIO_TogglePin
 *fill*         0x08003862        0x2 
 .text.HAL_GPIO_EXTI_IRQHandler
                0x08003864       0x30 ./Drivers/STM32F4xx_HAL_Driver/Src/stm32f4xx_hal_gpio.o
                0x08003864                HAL_GPIO_EXTI_IRQHandler
 .text.HAL_PWR_EnterSTOPMode
                0x08003894       0x60 ./Drivers/STM32F4xx_HAL_Driver/Src/stm32f4xx_hal_pwr.o
                0x08003894                HAL_PWR_EnterSTOPMode
 .text.HAL_RCC_OscConfig
                0x080038f4      0x4f0 ./Drivers/STM32F4xx_HAL_Driver/Src/stm32f4xx_hal_rcc.o
                0x080038f4                HAL_RCC_OscConfig
 .text.HAL_RCC_ClockConfig
                0x08003de4      0x1cc ./Drivers/STM32F4xx_HAL_Driver/Src/stm32f4xx_hal_rcc.o
                0x08003de4                HAL_RCC_ClockConfig
 .text.HAL_RCC_EnableCSS
                0x08003fb0       0x18 ./Drivers/STM32F4xx_HAL_Driver/Src/stm32f4xx_hal_rcc.o
                0x08003fb0                HAL_RCC_EnableCSS
 .text.HAL_RCC_GetSysClockFreq
                0x08003fc8      0x18c ./Drivers/STM32F4xx_HAL_Driver/Src/stm32f4xx_hal_rcc.o
                0x08003fc8                HAL_RCC_GetSysClockFreq
 .text.HAL_RCC_NMI_IRQHandler
                0x08004154       0x28 ./Drivers/STM32F4xx_HAL_Driver/Src/stm32f4xx_hal_rcc.o
                0x08004154                HAL_RCC_NMI_IRQHandler
 .text.HAL_RCC_CSSCallback
                0x0800417c        0xe ./Drivers/STM32F4xx_HAL_Driver/Src/stm32f4xx_hal_rcc.o
                0x0800417c                HAL_RCC_CSSCallback
 .text.HAL_TIM_Base_Init
                0x0800418a       0x9e ./Drivers/STM32F4xx_HAL_Driver/Src/stm32f4xx_hal_tim.o
                0x0800418a                HAL_TIM_Base_Init
 .text.HAL_TIM_Base_Start
                0x08004228       0xd0 ./Drivers/STM32F4xx_HAL_Driver/Src/stm32f4xx_hal_tim.o
                0x08004228                HAL_TIM_Base_Start
 .text.HAL_TIM_PWM_Init
                0x080042f8       0x9e ./Drivers/STM32F4xx_HAL_Driver/Src/stm32f4xx_hal_tim.o
                0x080042f8                HAL_TIM_PWM_Init
 .text.HAL_TIM_PWM_MspInit
                0x08004396       0x14 ./Drivers/STM32F4xx_HAL_Driver/Src/stm32f4xx_hal_tim.o
                0x08004396                HAL_TIM_PWM_MspInit
 *fill*         0x080043aa        0x2 
 .text.HAL_TIM_PWM_Start
                0x080043ac      0x190 ./Drivers/STM32F4xx_HAL_Driver/Src/stm32f4xx_hal_tim.o
                0x080043ac                HAL_TIM_PWM_Start
 .text.HAL_TIM_PWM_ConfigChannel
                0x0800453c      0x184 ./Drivers/STM32F4xx_HAL_Driver/Src/stm32f4xx_hal_tim.o
                0x0800453c                HAL_TIM_PWM_ConfigChannel
 .text.HAL_TIM_ConfigClockSource
                0x080046c0      0x18e ./Drivers/STM32F4xx_HAL_Driver/Src/stm32f4xx_hal_tim.o
                0x080046c0                HAL_TIM_ConfigClockSource
 *fill*         0x0800484e        0x2 
 .text.TIM_Base_SetConfig
                0x08004850      0x158 ./Drivers/STM32F4xx_HAL_Driver/Src/stm32f4xx_hal_tim.o
                0x08004850                TIM_Base_SetConfig
 .text.TIM_OC1_SetConfig
                0x080049a8       0xe0 ./Drivers/STM32F4xx_HAL_Driver/Src/stm32f4xx_hal_tim.o
 .text.TIM_OC2_SetConfig
                0x08004a88       0xec ./Drivers/STM32F4xx_HAL_Driver/Src/stm32f4xx_hal_tim.o
                0x08004a88                TIM_OC2_SetConfig
 .text.TIM_OC3_SetConfig
                0x08004b74       0xe8 ./Drivers/STM32F4xx_HAL_Driver/Src/stm32f4xx_hal_tim.o
 .text.TIM_OC4_SetConfig
                0x08004c5c       0xac ./Drivers/STM32F4xx_HAL_Driver/Src/stm32f4xx_hal_tim.o
 .text.TIM_TI1_ConfigInputStage
                0x08004d08       0x5e ./Drivers/STM32F4xx_HAL_Driver/Src/stm32f4xx_hal_tim.o
 .text.TIM_TI2_ConfigInputStage
                0x08004d66       0x60 ./Drivers/STM32F4xx_HAL_Driver/Src/stm32f4xx_hal_tim.o
 .text.TIM_ITRx_SetConfig
                0x08004dc6       0x36 ./Drivers/STM32F4xx_HAL_Driver/Src/stm32f4xx_hal_tim.o
 .text.TIM_ETR_SetConfig
                0x08004dfc       0x40 ./Drivers/STM32F4xx_HAL_Driver/Src/stm32f4xx_hal_tim.o
                0x08004dfc                TIM_ETR_SetConfig
 .text.TIM_CCxChannelCmd
                0x08004e3c       0x4a ./Drivers/STM32F4xx_HAL_Driver/Src/stm32f4xx_hal_tim.o
                0x08004e3c                TIM_CCxChannelCmd
 *fill*         0x08004e86        0x2 
 .text.HAL_TIMEx_MasterConfigSynchronization
                0x08004e88       0xf8 ./Drivers/STM32F4xx_HAL_Driver/Src/stm32f4xx_hal_tim_ex.o
                0x08004e88                HAL_TIMEx_MasterConfigSynchronization
 .text.HAL_TIMEx_ConfigBreakDeadTime
                0x08004f80       0xa4 ./Drivers/STM32F4xx_HAL_Driver/Src/stm32f4xx_hal_tim_ex.o
                0x08004f80                HAL_TIMEx_ConfigBreakDeadTime
 .text.Reset_Handler
                0x08005024       0x50 ./System/Startup/startup_stm32f439zitx.o
                0x08005024                Reset_Handler
 .text.Default_Handler
                0x08005074        0x2 ./System/Startup/startup_stm32f439zitx.o
                0x08005074                RTC_Alarm_IRQHandler
                0x08005074                HASH_RNG_IRQHandler
                0x08005074                EXTI2_IRQHandler
                0x08005074                TIM8_CC_IRQHandler
                0x08005074                UART8_IRQHandler
                0x08005074                SPI4_IRQHandler
                0x08005074                TIM1_CC_IRQHandler
                0x08005074                DMA2_Stream5_IRQHandler
                0x08005074                DMA1_Stream5_IRQHandler
                0x08005074                PVD_IRQHandler
                0x08005074                SDIO_IRQHandler
                0x08005074                TAMP_STAMP_IRQHandler
                0x08005074                CAN2_RX1_IRQHandler
                0x08005074                TIM8_TRG_COM_TIM14_IRQHandler
                0x08005074                TIM1_UP_TIM10_IRQHandler
                0x08005074                TIM8_UP_TIM13_IRQHandler
                0x08005074                I2C3_ER_IRQHandler
                0x08005074                EXTI0_IRQHandler
                0x08005074                I2C2_EV_IRQHandler
                0x08005074                DMA1_Stream2_IRQHandler
                0x08005074                CAN1_RX0_IRQHandler
                0x08005074                FPU_IRQHandler
                0x08005074                OTG_HS_WKUP_IRQHandler
                0x08005074                LTDC_ER_IRQHandler
                0x08005074                CAN2_SCE_IRQHandler
                0x08005074                SPI1_IRQHandler
                0x08005074                TIM6_DAC_IRQHandler
                0x08005074                TIM1_BRK_TIM9_IRQHandler
                0x08005074                DCMI_IRQHandler
                0x08005074                CAN2_RX0_IRQHandler
                0x08005074                DMA2_Stream3_IRQHandler
                0x08005074                USART6_IRQHandler
                0x08005074                USART3_IRQHandler
                0x08005074                CRYP_IRQHandler
                0x08005074                CAN1_RX1_IRQHandler
                0x08005074                UART5_IRQHandler
                0x08005074                DMA2_Stream0_IRQHandler
                0x08005074                TIM4_IRQHandler
                0x08005074                I2C1_EV_IRQHandler
                0x08005074                DMA1_Stream6_IRQHandler
                0x08005074                DMA1_Stream1_IRQHandler
                0x08005074                UART4_IRQHandler
                0x08005074                TIM3_IRQHandler
                0x08005074                RCC_IRQHandler
                0x08005074                TIM8_BRK_TIM12_IRQHandler
                0x08005074                Default_Handler
                0x08005074                ADC_IRQHandler
                0x08005074                DMA1_Stream7_IRQHandler
                0x08005074                SPI5_IRQHandler
                0x08005074                TIM7_IRQHandler
                0x08005074                CAN2_TX_IRQHandler
                0x08005074                TIM5_IRQHandler
                0x08005074                DMA2_Stream7_IRQHandler
                0x08005074                I2C3_EV_IRQHandler
                0x08005074                EXTI9_5_IRQHandler
                0x08005074                RTC_WKUP_IRQHandler
                0x08005074                LTDC_IRQHandler
                0x08005074                ETH_WKUP_IRQHandler
                0x08005074                SPI2_IRQHandler
                0x08005074                OTG_HS_EP1_IN_IRQHandler
                0x08005074                DMA1_Stream0_IRQHandler
                0x08005074                CAN1_TX_IRQHandler
                0x08005074                EXTI4_IRQHandler
                0x08005074                ETH_IRQHandler
                0x08005074                OTG_HS_EP1_OUT_IRQHandler
                0x08005074                WWDG_IRQHandler
                0x08005074                SPI6_IRQHandler
                0x08005074                TIM2_IRQHandler
                0x08005074                OTG_FS_WKUP_IRQHandler
                0x08005074                TIM1_TRG_COM_TIM11_IRQHandler
                0x08005074                OTG_HS_IRQHandler
                0x08005074                DMA2D_IRQHandler
                0x08005074                EXTI1_IRQHandler
                0x08005074                UART7_IRQHandler
                0x08005074                USART2_IRQHandler
                0x08005074                I2C2_ER_IRQHandler
                0x08005074                DMA2_Stream1_IRQHandler
                0x08005074                CAN1_SCE_IRQHandler
                0x08005074                FLASH_IRQHandler
                0x08005074                DMA2_Stream4_IRQHandler
                0x08005074                USART1_IRQHandler
                0x08005074                OTG_FS_IRQHandler
                0x08005074                SPI3_IRQHandler
                0x08005074                DMA1_Stream4_IRQHandler
                0x08005074                I2C1_ER_IRQHandler
                0x08005074                FMC_IRQHandler
                0x08005074                DMA2_Stream6_IRQHandler
                0x08005074                SAI1_IRQHandler
                0x08005074                DMA1_Stream3_IRQHandler
 *fill*         0x08005076        0x2 
 .text.SystemInit
                0x08005078       0x24 ./System/system_stm32f4xx.o
                0x08005078                SystemInit
 .text.OSIdleTaskHook
                0x0800509c       0x1c ./uC-OS3/Ports/ARM-Cortex-M/ARMv7-M/os_cpu_c.o
                0x0800509c                OSIdleTaskHook
 .text.OSInitHook
                0x080050b8       0x60 ./uC-OS3/Ports/ARM-Cortex-M/ARMv7-M/os_cpu_c.o
                0x080050b8                OSInitHook
 .text.OSStatTaskHook
                0x08005118       0x1c ./uC-OS3/Ports/ARM-Cortex-M/ARMv7-M/os_cpu_c.o
                0x08005118                OSStatTaskHook
 .text.OSTaskCreateHook
                0x08005134       0x24 ./uC-OS3/Ports/ARM-Cortex-M/ARMv7-M/os_cpu_c.o
                0x08005134                OSTaskCreateHook
 .text.OSTaskDelHook
                0x08005158       0x24 ./uC-OS3/Ports/ARM-Cortex-M/ARMv7-M/os_cpu_c.o
                0x08005158                OSTaskDelHook
 .text.OSTaskReturnHook
                0x0800517c       0x24 ./uC-OS3/Ports/ARM-Cortex-M/ARMv7-M/os_cpu_c.o
                0x0800517c                OSTaskReturnHook
 .text.OSTaskStkInit
                0x080051a0      0x118 ./uC-OS3/Ports/ARM-Cortex-M/ARMv7-M/os_cpu_c.o
                0x080051a0                OSTaskStkInit
 .text.OSTaskSwHook
                0x080052b8       0x70 ./uC-OS3/Ports/ARM-Cortex-M/ARMv7-M/os_cpu_c.o
                0x080052b8                OSTaskSwHook
 .text.OSTimeTickHook
                0x08005328       0x1c ./uC-OS3/Ports/ARM-Cortex-M/ARMv7-M/os_cpu_c.o
                0x08005328                OSTimeTickHook
 .text.OS_CPU_SysTickHandler
                0x08005344       0x2c ./uC-OS3/Ports/ARM-Cortex-M/ARMv7-M/os_cpu_c.o
                0x08005344                OS_CPU_SysTickHandler
 .text.OSCfg_Init
                0x08005370        0xe ./uC-OS3/Source/os_cfg_app.o
                0x08005370                OSCfg_Init
 *fill*         0x0800537e        0x2 
 .text.OSInit   0x08005380      0x1ec ./uC-OS3/Source/os_core.o
                0x08005380                OSInit
 .text.OSIntEnter
                0x0800556c       0x38 ./uC-OS3/Source/os_core.o
                0x0800556c                OSIntEnter
 .text.OSIntExit
                0x080055a4       0xdc ./uC-OS3/Source/os_core.o
                0x080055a4                OSIntExit
 .text.OSSched  0x08005680       0xbc ./uC-OS3/Source/os_core.o
                0x08005680                OSSched
 .text.OSStart  0x0800573c       0xc4 ./uC-OS3/Source/os_core.o
                0x0800573c                OSStart
 .text.OS_IdleTask
                0x08005800       0x40 ./uC-OS3/Source/os_core.o
                0x08005800                OS_IdleTask
 .text.OS_IdleTaskInit
                0x08005840       0x68 ./uC-OS3/Source/os_core.o
                0x08005840                OS_IdleTaskInit
 .text.OS_Pend  0x080058a8       0x5a ./uC-OS3/Source/os_core.o
                0x080058a8                OS_Pend
 *fill*         0x08005902        0x2 
 .text.OS_PendDbgNameAdd
                0x08005904       0x78 ./uC-OS3/Source/os_core.o
                0x08005904                OS_PendDbgNameAdd
 .text.OS_PendDbgNameRemove
                0x0800597c       0x4c ./uC-OS3/Source/os_core.o
                0x0800597c                OS_PendDbgNameRemove
 .text.OS_PendListChangePrio
                0x080059c8       0x3a ./uC-OS3/Source/os_core.o
                0x080059c8                OS_PendListChangePrio
 .text.OS_PendListInit
                0x08005a02       0x26 ./uC-OS3/Source/os_core.o
                0x08005a02                OS_PendListInit
 .text.OS_PendListInsertPrio
                0x08005a28       0xd8 ./uC-OS3/Source/os_core.o
                0x08005a28                OS_PendListInsertPrio
 .text.OS_PendListRemove
                0x08005b00       0xaa ./uC-OS3/Source/os_core.o
                0x08005b00                OS_PendListRemove
 *fill*         0x08005baa        0x2 
 .text.OS_Post  0x08005bac       0xe8 ./uC-OS3/Source/os_core.o
                0x08005bac                OS_Post
 .text.OS_RdyListInit
                0x08005c94       0x4c ./uC-OS3/Source/os_core.o
                0x08005c94                OS_RdyListInit
 .text.OS_RdyListInsert
                0x08005ce0       0x3c ./uC-OS3/Source/os_core.o
                0x08005ce0                OS_RdyListInsert
 .text.OS_RdyListInsertHead
                0x08005d1c       0x84 ./uC-OS3/Source/os_core.o
                0x08005d1c                OS_RdyListInsertHead
 .text.OS_RdyListInsertTail
                0x08005da0       0x80 ./uC-OS3/Source/os_core.o
                0x08005da0                OS_RdyListInsertTail
 .text.OS_RdyListMoveHeadToTail
                0x08005e20       0x96 ./uC-OS3/Source/os_core.o
                0x08005e20                OS_RdyListMoveHeadToTail
 *fill*         0x08005eb6        0x2 
 .text.OS_RdyListRemove
                0x08005eb8       0xb0 ./uC-OS3/Source/os_core.o
                0x08005eb8                OS_RdyListRemove
 .text.OS_SchedRoundRobin
                0x08005f68       0xcc ./uC-OS3/Source/os_core.o
                0x08005f68                OS_SchedRoundRobin
 .text.OS_TaskBlock
                0x08006034       0x44 ./uC-OS3/Source/os_core.o
                0x08006034                OS_TaskBlock
 .text.OS_Dbg_Init
                0x08006078      0x240 ./uC-OS3/Source/os_dbg.o
                0x08006078                OS_Dbg_Init
 .text.OSFlagCreate
                0x080062b8       0xa4 ./uC-OS3/Source/os_flag.o
                0x080062b8                OSFlagCreate
 .text.OSFlagPend
                0x0800635c      0x4d4 ./uC-OS3/Source/os_flag.o
                0x0800635c                OSFlagPend
 .text.OSFlagPost
                0x08006830      0x218 ./uC-OS3/Source/os_flag.o
                0x08006830                OSFlagPost
 .text.OS_FlagBlock
                0x08006a48       0x48 ./uC-OS3/Source/os_flag.o
                0x08006a48                OS_FlagBlock
 .text.OS_FlagDbgListAdd
                0x08006a90       0x50 ./uC-OS3/Source/os_flag.o
                0x08006a90                OS_FlagDbgListAdd
 .text.OS_FlagTaskRdy
                0x08006ae0       0x86 ./uC-OS3/Source/os_flag.o
                0x08006ae0                OS_FlagTaskRdy
 *fill*         0x08006b66        0x2 
 .text.OS_MemInit
                0x08006b68       0x30 ./uC-OS3/Source/os_mem.o
                0x08006b68                OS_MemInit
 .text.OS_MsgPoolInit
                0x08006b98       0xc4 ./uC-OS3/Source/os_msg.o
                0x08006b98                OS_MsgPoolInit
 .text.OS_MsgQFreeAll
                0x08006c5c       0x78 ./uC-OS3/Source/os_msg.o
                0x08006c5c                OS_MsgQFreeAll
 .text.OS_MsgQInit
                0x08006cd4       0x36 ./uC-OS3/Source/os_msg.o
                0x08006cd4                OS_MsgQInit
 *fill*         0x08006d0a        0x2 
 .text.OSMutexCreate
                0x08006d0c       0xb0 ./uC-OS3/Source/os_mutex.o
                0x08006d0c                OSMutexCreate
 .text.OSMutexPend
                0x08006dbc      0x1e0 ./uC-OS3/Source/os_mutex.o
                0x08006dbc                OSMutexPend
 .text.OS_MutexDbgListAdd
                0x08006f9c       0x50 ./uC-OS3/Source/os_mutex.o
                0x08006f9c                OS_MutexDbgListAdd
 .text.OS_MutexGrpAdd
                0x08006fec       0x24 ./uC-OS3/Source/os_mutex.o
                0x08006fec                OS_MutexGrpAdd
 .text.OS_MutexGrpRemove
                0x08007010       0x3a ./uC-OS3/Source/os_mutex.o
                0x08007010                OS_MutexGrpRemove
 .text.OS_MutexGrpPrioFindHighest
                0x0800704a       0x54 ./uC-OS3/Source/os_mutex.o
                0x0800704a                OS_MutexGrpPrioFindHighest
 .text.OS_MutexGrpPostAll
                0x0800709e       0x80 ./uC-OS3/Source/os_mutex.o
                0x0800709e                OS_MutexGrpPostAll
 *fill*         0x0800711e        0x2 
 .text.OS_PrioInit
                0x08007120       0x34 ./uC-OS3/Source/os_prio.o
                0x08007120                OS_PrioInit
 .text.OS_PrioGetHighest
                0x08007154       0x38 ./uC-OS3/Source/os_prio.o
                0x08007154                OS_PrioGetHighest
 .text.OS_PrioInsert
                0x0800718c       0x4c ./uC-OS3/Source/os_prio.o
                0x0800718c                OS_PrioInsert
 .text.OS_PrioRemove
                0x080071d8       0x50 ./uC-OS3/Source/os_prio.o
                0x080071d8                OS_PrioRemove
 .text.OSStatReset
                0x08007228       0xf4 ./uC-OS3/Source/os_stat.o
                0x08007228                OSStatReset
 .text.OS_StatTask
                0x0800731c      0x358 ./uC-OS3/Source/os_stat.o
                0x0800731c                OS_StatTask
 .text.OS_StatTaskInit
                0x08007674       0xe8 ./uC-OS3/Source/os_stat.o
                0x08007674                OS_StatTaskInit
 .text.OSTaskCreate
                0x0800775c      0x244 ./uC-OS3/Source/os_task.o
                0x0800775c                OSTaskCreate
 .text.OSTaskDel
                0x080079a0      0x218 ./uC-OS3/Source/os_task.o
                0x080079a0                OSTaskDel
 .text.OSTaskStkChk
                0x08007bb8      0x100 ./uC-OS3/Source/os_task.o
                0x08007bb8                OSTaskStkChk
 .text.OS_TaskDbgListAdd
                0x08007cb8       0x4c ./uC-OS3/Source/os_task.o
                0x08007cb8                OS_TaskDbgListAdd
 .text.OS_TaskDbgListRemove
                0x08007d04       0x84 ./uC-OS3/Source/os_task.o
                0x08007d04                OS_TaskDbgListRemove
 .text.OS_TaskInit
                0x08007d88       0x38 ./uC-OS3/Source/os_task.o
                0x08007d88                OS_TaskInit
 .text.OS_TaskInitTCB
                0x08007dc0      0x194 ./uC-OS3/Source/os_task.o
                0x08007dc0                OS_TaskInitTCB
 .text.OS_TaskReturn
                0x08007f54       0x28 ./uC-OS3/Source/os_task.o
                0x08007f54                OS_TaskReturn
 .text.OS_TaskChangePrio
                0x08007f7c      0x13c ./uC-OS3/Source/os_task.o
                0x08007f7c                OS_TaskChangePrio
 .text.OS_TickInit
                0x080080b8       0x3c ./uC-OS3/Source/os_tick.o
                0x080080b8                OS_TickInit
 .text.OS_TickUpdate
                0x080080f4       0x38 ./uC-OS3/Source/os_tick.o
                0x080080f4                OS_TickUpdate
 .text.OS_TickListInsert
                0x0800812c      0x154 ./uC-OS3/Source/os_tick.o
                0x0800812c                OS_TickListInsert
 .text.OS_TickListInsertDly
                0x08008280       0xd0 ./uC-OS3/Source/os_tick.o
                0x08008280                OS_TickListInsertDly
 .text.OS_TickListRemove
                0x08008350       0xbc ./uC-OS3/Source/os_tick.o
                0x08008350                OS_TickListRemove
 .text.OS_TickListUpdate
                0x0800840c      0x1a8 ./uC-OS3/Source/os_tick.o
 .text.OSTimeDly
                0x080085b4       0xd0 ./uC-OS3/Source/os_time.o
                0x080085b4                OSTimeDly
 .text.OSTimeTick
                0x08008684       0x40 ./uC-OS3/Source/os_time.o
                0x08008684                OSTimeTick
 .text.OS_TmrInit
                0x080086c4      0x108 ./uC-OS3/Source/os_tmr.o
                0x080086c4                OS_TmrInit
 .text.OS_TmrLink
                0x080087cc      0x138 ./uC-OS3/Source/os_tmr.o
                0x080087cc                OS_TmrLink
 .text.OS_TmrUnlink
                0x08008904      0x138 ./uC-OS3/Source/os_tmr.o
                0x08008904                OS_TmrUnlink
 .text.OS_TmrTask
                0x08008a3c      0x144 ./uC-OS3/Source/os_tmr.o
                0x08008a3c                OS_TmrTask
 .text.OS_TmrLock
                0x08008b80       0x24 ./uC-OS3/Source/os_tmr.o
 .text.OS_TmrCondCreate
                0x08008ba4       0x44 ./uC-OS3/Source/os_tmr.o
 .text.OS_TmrCondWait
                0x08008be8      0x128 ./uC-OS3/Source/os_tmr.o
 .text.OS_TmrCondSignal
                0x08008d10       0x54 ./uC-OS3/Source/os_tmr.o
 .text.memset   0x08008d64       0x10 C:/ST/STM32CubeIDE_1.15.1/STM32CubeIDE/plugins/com.st.stm32cube.ide.mcu.externaltools.gnu-tools-for-stm32.12.3.rel1.win32_1.0.200.202406191623/tools/bin/../lib/gcc/arm-none-eabi/12.3.1/../../../../arm-none-eabi/lib/thumb/v7e-m+fp/hard\libc_nano.a(libc_a-memset.o)
                0x08008d64                memset
 .text.__libc_init_array
                0x08008d74       0x48 C:/ST/STM32CubeIDE_1.15.1/STM32CubeIDE/plugins/com.st.stm32cube.ide.mcu.externaltools.gnu-tools-for-stm32.12.3.rel1.win32_1.0.200.202406191623/tools/bin/../lib/gcc/arm-none-eabi/12.3.1/../../../../arm-none-eabi/lib/thumb/v7e-m+fp/hard\libc_nano.a(libc_a-init.o)
                0x08008d74                __libc_init_array
 *(.glue_7)
 .glue_7        0x08008dbc        0x0 linker stubs
 *(.glue_7t)
 .glue_7t       0x08008dbc        0x0 linker stubs
 *(.eh_frame)
 .eh_frame      0x08008dbc        0x0 C:/ST/STM32CubeIDE_1.15.1/STM32CubeIDE/plugins/com.st.stm32cube.ide.mcu.externaltools.gnu-tools-for-stm32.12.3.rel1.win32_1.0.200.202406191623/tools/bin/../lib/gcc/arm-none-eabi/12.3.1/thumb/v7e-m+fp/hard/crtbegin.o
 *(.init)
 .init          0x08008dbc        0x4 C:/ST/STM32CubeIDE_1.15.1/STM32CubeIDE/plugins/com.st.stm32cube.ide.mcu.externaltools.gnu-tools-for-stm32.12.3.rel1.win32_1.0.200.202406191623/tools/bin/../lib/gcc/arm-none-eabi/12.3.1/thumb/v7e-m+fp/hard/crti.o
                0x08008dbc                _init
 .init          0x08008dc0        0x8 C:/ST/STM32CubeIDE_1.15.1/STM32CubeIDE/plugins/com.st.stm32cube.ide.mcu.externaltools.gnu-tools-for-stm32.12.3.rel1.win32_1.0.200.202406191623/tools/bin/../lib/gcc/arm-none-eabi/12.3.1/thumb/v7e-m+fp/hard/crtn.o
 *(.fini)
 .fini          0x08008dc8        0x4 C:/ST/STM32CubeIDE_1.15.1/STM32CubeIDE/plugins/com.st.stm32cube.ide.mcu.externaltools.gnu-tools-for-stm32.12.3.rel1.win32_1.0.200.202406191623/tools/bin/../lib/gcc/arm-none-eabi/12.3.1/thumb/v7e-m+fp/hard/crti.o
                0x08008dc8                _fini
 .fini          0x08008dcc        0x8 C:/ST/STM32CubeIDE_1.15.1/STM32CubeIDE/plugins/com.st.stm32cube.ide.mcu.externaltools.gnu-tools-for-stm32.12.3.rel1.win32_1.0.200.202406191623/tools/bin/../lib/gcc/arm-none-eabi/12.3.1/thumb/v7e-m+fp/hard/crtn.o
                0x08008dd4                        . = ALIGN (0x4)
                0x08008dd4                        _etext = .

.vfp11_veneer   0x08008dd4        0x0
 .vfp11_veneer  0x08008dd4        0x0 linker stubs

.v4_bx          0x08008dd4        0x0
 .v4_bx         0x08008dd4        0x0 linker stubs

.iplt           0x08008dd4        0x0
 .iplt          0x08008dd4        0x0 C:/ST/STM32CubeIDE_1.15.1/STM32CubeIDE/plugins/com.st.stm32cube.ide.mcu.externaltools.gnu-tools-for-stm32.12.3.rel1.win32_1.0.200.202406191623/tools/bin/../lib/gcc/arm-none-eabi/12.3.1/thumb/v7e-m+fp/hard/crtbegin.o

.rodata         0x08008dd4      0x2ec
                0x08008dd4                        . = ALIGN (0x4)
 *(.rodata)
 .rodata        0x08008dd4       0x26 ./App/Src/bobina.o
 *fill*         0x08008dfa        0x2 
 .rodata        0x08008dfc       0x31 ./App/Src/carroTransversal.o
 *fill*         0x08008e2d        0x3 
 .rodata        0x08008e30       0x31 ./App/Src/main.o
 *fill*         0x08008e61        0x3 
 .rodata        0x08008e64       0x2a ./uC-OS3/Source/os_core.o
 *fill*         0x08008e8e        0x2 
 .rodata        0x08008e90        0xa ./uC-OS3/Source/os_flag.o
 *fill*         0x08008e9a        0x2 
 .rodata        0x08008e9c        0xa ./uC-OS3/Source/os_mutex.o
 *fill*         0x08008ea6        0x2 
 .rodata        0x08008ea8       0x14 ./uC-OS3/Source/os_stat.o
 .rodata        0x08008ebc        0xa ./uC-OS3/Source/os_task.o
 *fill*         0x08008ec6        0x2 
 .rodata        0x08008ec8       0x2d ./uC-OS3/Source/os_tmr.o
 *(.rodata*)
 *fill*         0x08008ef5        0x3 
 .rodata.userConfig_start
                0x08008ef8        0x4 ./App/Src/flash.o
                0x08008ef8                userConfig_start
 .rodata.userConfig_end
                0x08008efc        0x4 ./App/Src/flash.o
                0x08008efc                userConfig_end
 .rodata.flagBitshiftOffset.0
                0x08008f00        0x8 ./Drivers/STM32F4xx_HAL_Driver/Src/stm32f4xx_hal_dma.o
 .rodata.AHBPrescTable
                0x08008f08       0x10 ./System/system_stm32f4xx.o
                0x08008f08                AHBPrescTable
 .rodata.OSCfg_IdleTaskStkBasePtr
                0x08008f18        0x4 ./uC-OS3/Source/os_cfg_app.o
                0x08008f18                OSCfg_IdleTaskStkBasePtr
 .rodata.OSCfg_IdleTaskStkLimit
                0x08008f1c        0x4 ./uC-OS3/Source/os_cfg_app.o
                0x08008f1c                OSCfg_IdleTaskStkLimit
 .rodata.OSCfg_IdleTaskStkSize
                0x08008f20        0x4 ./uC-OS3/Source/os_cfg_app.o
                0x08008f20                OSCfg_IdleTaskStkSize
 .rodata.OSCfg_ISRStkBasePtr
                0x08008f24        0x4 ./uC-OS3/Source/os_cfg_app.o
                0x08008f24                OSCfg_ISRStkBasePtr
 .rodata.OSCfg_ISRStkSize
                0x08008f28        0x4 ./uC-OS3/Source/os_cfg_app.o
                0x08008f28                OSCfg_ISRStkSize
 .rodata.OSCfg_MsgPoolSize
                0x08008f2c        0x2 ./uC-OS3/Source/os_cfg_app.o
                0x08008f2c                OSCfg_MsgPoolSize
 *fill*         0x08008f2e        0x2 
 .rodata.OSCfg_MsgPoolBasePtr
                0x08008f30        0x4 ./uC-OS3/Source/os_cfg_app.o
                0x08008f30                OSCfg_MsgPoolBasePtr
 .rodata.OSCfg_StatTaskPrio
                0x08008f34        0x1 ./uC-OS3/Source/os_cfg_app.o
                0x08008f34                OSCfg_StatTaskPrio
 *fill*         0x08008f35        0x3 
 .rodata.OSCfg_StatTaskRate_Hz
                0x08008f38        0x4 ./uC-OS3/Source/os_cfg_app.o
                0x08008f38                OSCfg_StatTaskRate_Hz
 .rodata.OSCfg_StatTaskStkBasePtr
                0x08008f3c        0x4 ./uC-OS3/Source/os_cfg_app.o
                0x08008f3c                OSCfg_StatTaskStkBasePtr
 .rodata.OSCfg_StatTaskStkLimit
                0x08008f40        0x4 ./uC-OS3/Source/os_cfg_app.o
                0x08008f40                OSCfg_StatTaskStkLimit
 .rodata.OSCfg_StatTaskStkSize
                0x08008f44        0x4 ./uC-OS3/Source/os_cfg_app.o
                0x08008f44                OSCfg_StatTaskStkSize
 .rodata.OSCfg_StkSizeMin
                0x08008f48        0x4 ./uC-OS3/Source/os_cfg_app.o
                0x08008f48                OSCfg_StkSizeMin
 .rodata.OSCfg_TickRate_Hz
                0x08008f4c        0x4 ./uC-OS3/Source/os_cfg_app.o
                0x08008f4c                OSCfg_TickRate_Hz
 .rodata.OSCfg_TmrTaskPrio
                0x08008f50        0x1 ./uC-OS3/Source/os_cfg_app.o
                0x08008f50                OSCfg_TmrTaskPrio
 *fill*         0x08008f51        0x3 
 .rodata.OSCfg_TmrTaskRate_Hz
                0x08008f54        0x4 ./uC-OS3/Source/os_cfg_app.o
                0x08008f54                OSCfg_TmrTaskRate_Hz
 .rodata.OSCfg_TmrTaskStkBasePtr
                0x08008f58        0x4 ./uC-OS3/Source/os_cfg_app.o
                0x08008f58                OSCfg_TmrTaskStkBasePtr
 .rodata.OSCfg_TmrTaskStkLimit
                0x08008f5c        0x4 ./uC-OS3/Source/os_cfg_app.o
                0x08008f5c                OSCfg_TmrTaskStkLimit
 .rodata.OSCfg_TmrTaskStkSize
                0x08008f60        0x4 ./uC-OS3/Source/os_cfg_app.o
                0x08008f60                OSCfg_TmrTaskStkSize
 .rodata.OSDbg_DbgEn
                0x08008f64        0x1 ./uC-OS3/Source/os_dbg.o
                0x08008f64                OSDbg_DbgEn
 .rodata.OSDbg_ArgChkEn
                0x08008f65        0x1 ./uC-OS3/Source/os_dbg.o
                0x08008f65                OSDbg_ArgChkEn
 .rodata.OSDbg_AppHooksEn
                0x08008f66        0x1 ./uC-OS3/Source/os_dbg.o
                0x08008f66                OSDbg_AppHooksEn
 *fill*         0x08008f67        0x1 
 .rodata.OSDbg_EndiannessTest
                0x08008f68        0x4 ./uC-OS3/Source/os_dbg.o
                0x08008f68                OSDbg_EndiannessTest
 .rodata.OSDbg_CalledFromISRChkEn
                0x08008f6c        0x1 ./uC-OS3/Source/os_dbg.o
                0x08008f6c                OSDbg_CalledFromISRChkEn
 .rodata.OSDbg_FlagEn
                0x08008f6d        0x1 ./uC-OS3/Source/os_dbg.o
                0x08008f6d                OSDbg_FlagEn
 *fill*         0x08008f6e        0x2 
 .rodata.OSDbg_FlagGrp
                0x08008f70       0x24 ./uC-OS3/Source/os_dbg.o
                0x08008f70                OSDbg_FlagGrp
 .rodata.OSDbg_FlagDelEn
                0x08008f94        0x1 ./uC-OS3/Source/os_dbg.o
                0x08008f94                OSDbg_FlagDelEn
 .rodata.OSDbg_FlagModeClrEn
                0x08008f95        0x1 ./uC-OS3/Source/os_dbg.o
                0x08008f95                OSDbg_FlagModeClrEn
 .rodata.OSDbg_FlagPendAbortEn
                0x08008f96        0x1 ./uC-OS3/Source/os_dbg.o
                0x08008f96                OSDbg_FlagPendAbortEn
 *fill*         0x08008f97        0x1 
 .rodata.OSDbg_FlagGrpSize
                0x08008f98        0x2 ./uC-OS3/Source/os_dbg.o
                0x08008f98                OSDbg_FlagGrpSize
 .rodata.OSDbg_FlagWidth
                0x08008f9a        0x2 ./uC-OS3/Source/os_dbg.o
                0x08008f9a                OSDbg_FlagWidth
 .rodata.OSDbg_Mem
                0x08008f9c       0x20 ./uC-OS3/Source/os_dbg.o
                0x08008f9c                OSDbg_Mem
 .rodata.OSDbg_MemEn
                0x08008fbc        0x1 ./uC-OS3/Source/os_dbg.o
                0x08008fbc                OSDbg_MemEn
 *fill*         0x08008fbd        0x1 
 .rodata.OSDbg_MemSize
                0x08008fbe        0x2 ./uC-OS3/Source/os_dbg.o
                0x08008fbe                OSDbg_MemSize
 .rodata.OSDbg_MsgEn
                0x08008fc0        0x1 ./uC-OS3/Source/os_dbg.o
                0x08008fc0                OSDbg_MsgEn
 *fill*         0x08008fc1        0x1 
 .rodata.OSDbg_MsgSize
                0x08008fc2        0x2 ./uC-OS3/Source/os_dbg.o
                0x08008fc2                OSDbg_MsgSize
 .rodata.OSDbg_MsgPoolSize
                0x08008fc4        0x2 ./uC-OS3/Source/os_dbg.o
                0x08008fc4                OSDbg_MsgPoolSize
 .rodata.OSDbg_MsgQSize
                0x08008fc6        0x2 ./uC-OS3/Source/os_dbg.o
                0x08008fc6                OSDbg_MsgQSize
 .rodata.OSDbg_Mutex
                0x08008fc8       0x2c ./uC-OS3/Source/os_dbg.o
                0x08008fc8                OSDbg_Mutex
 .rodata.OSDbg_MutexEn
                0x08008ff4        0x1 ./uC-OS3/Source/os_dbg.o
                0x08008ff4                OSDbg_MutexEn
 .rodata.OSDbg_MutexDelEn
                0x08008ff5        0x1 ./uC-OS3/Source/os_dbg.o
                0x08008ff5                OSDbg_MutexDelEn
 .rodata.OSDbg_MutexPendAbortEn
                0x08008ff6        0x1 ./uC-OS3/Source/os_dbg.o
                0x08008ff6                OSDbg_MutexPendAbortEn
 *fill*         0x08008ff7        0x1 
 .rodata.OSDbg_MutexSize
                0x08008ff8        0x2 ./uC-OS3/Source/os_dbg.o
                0x08008ff8                OSDbg_MutexSize
 .rodata.OSDbg_ObjTypeChkEn
                0x08008ffa        0x1 ./uC-OS3/Source/os_dbg.o
                0x08008ffa                OSDbg_ObjTypeChkEn
 .rodata.OSDbg_ObjCreatedChkEn
                0x08008ffb        0x1 ./uC-OS3/Source/os_dbg.o
                0x08008ffb                OSDbg_ObjCreatedChkEn
 .rodata.OSDbg_PendListSize
                0x08008ffc        0x2 ./uC-OS3/Source/os_dbg.o
                0x08008ffc                OSDbg_PendListSize
 .rodata.OSDbg_PendObjSize
                0x08008ffe        0x2 ./uC-OS3/Source/os_dbg.o
                0x08008ffe                OSDbg_PendObjSize
 .rodata.OSDbg_PrioMax
                0x08009000        0x2 ./uC-OS3/Source/os_dbg.o
                0x08009000                OSDbg_PrioMax
 .rodata.OSDbg_PrioTblSize
                0x08009002        0x2 ./uC-OS3/Source/os_dbg.o
                0x08009002                OSDbg_PrioTblSize
 .rodata.OSDbg_PtrSize
                0x08009004        0x2 ./uC-OS3/Source/os_dbg.o
                0x08009004                OSDbg_PtrSize
 *fill*         0x08009006        0x2 
 .rodata.OSDbg_Q
                0x08009008       0x30 ./uC-OS3/Source/os_dbg.o
                0x08009008                OSDbg_Q
 .rodata.OSDbg_QEn
                0x08009038        0x1 ./uC-OS3/Source/os_dbg.o
                0x08009038                OSDbg_QEn
 .rodata.OSDbg_QDelEn
                0x08009039        0x1 ./uC-OS3/Source/os_dbg.o
                0x08009039                OSDbg_QDelEn
 .rodata.OSDbg_QFlushEn
                0x0800903a        0x1 ./uC-OS3/Source/os_dbg.o
                0x0800903a                OSDbg_QFlushEn
 .rodata.OSDbg_QPendAbortEn
                0x0800903b        0x1 ./uC-OS3/Source/os_dbg.o
                0x0800903b                OSDbg_QPendAbortEn
 .rodata.OSDbg_QSize
                0x0800903c        0x2 ./uC-OS3/Source/os_dbg.o
                0x0800903c                OSDbg_QSize
 .rodata.OSDbg_SchedRoundRobinEn
                0x0800903e        0x1 ./uC-OS3/Source/os_dbg.o
                0x0800903e                OSDbg_SchedRoundRobinEn
 *fill*         0x0800903f        0x1 
 .rodata.OSDbg_Sem
                0x08009040       0x24 ./uC-OS3/Source/os_dbg.o
                0x08009040                OSDbg_Sem
 .rodata.OSDbg_SemEn
                0x08009064        0x1 ./uC-OS3/Source/os_dbg.o
                0x08009064                OSDbg_SemEn
 .rodata.OSDbg_SemDelEn
                0x08009065        0x1 ./uC-OS3/Source/os_dbg.o
                0x08009065                OSDbg_SemDelEn
 .rodata.OSDbg_SemPendAbortEn
                0x08009066        0x1 ./uC-OS3/Source/os_dbg.o
                0x08009066                OSDbg_SemPendAbortEn
 .rodata.OSDbg_SemSetEn
                0x08009067        0x1 ./uC-OS3/Source/os_dbg.o
                0x08009067                OSDbg_SemSetEn
 .rodata.OSDbg_SemSize
                0x08009068        0x2 ./uC-OS3/Source/os_dbg.o
                0x08009068                OSDbg_SemSize
 .rodata.OSDbg_RdyList
                0x0800906a        0x2 ./uC-OS3/Source/os_dbg.o
                0x0800906a                OSDbg_RdyList
 .rodata.OSDbg_RdyListSize
                0x0800906c        0x4 ./uC-OS3/Source/os_dbg.o
                0x0800906c                OSDbg_RdyListSize
 .rodata.OSDbg_StkWidth
                0x08009070        0x1 ./uC-OS3/Source/os_dbg.o
                0x08009070                OSDbg_StkWidth
 .rodata.OSDbg_StatTaskEn
                0x08009071        0x1 ./uC-OS3/Source/os_dbg.o
                0x08009071                OSDbg_StatTaskEn
 .rodata.OSDbg_StatTaskStkChkEn
                0x08009072        0x1 ./uC-OS3/Source/os_dbg.o
                0x08009072                OSDbg_StatTaskStkChkEn
 .rodata.OSDbg_TaskChangePrioEn
                0x08009073        0x1 ./uC-OS3/Source/os_dbg.o
                0x08009073                OSDbg_TaskChangePrioEn
 .rodata.OSDbg_TaskDelEn
                0x08009074        0x1 ./uC-OS3/Source/os_dbg.o
                0x08009074                OSDbg_TaskDelEn
 .rodata.OSDbg_TaskQEn
                0x08009075        0x1 ./uC-OS3/Source/os_dbg.o
                0x08009075                OSDbg_TaskQEn
 .rodata.OSDbg_TaskQPendAbortEn
                0x08009076        0x1 ./uC-OS3/Source/os_dbg.o
                0x08009076                OSDbg_TaskQPendAbortEn
 .rodata.OSDbg_TaskProfileEn
                0x08009077        0x1 ./uC-OS3/Source/os_dbg.o
                0x08009077                OSDbg_TaskProfileEn
 .rodata.OSDbg_TaskRegTblSize
                0x08009078        0x2 ./uC-OS3/Source/os_dbg.o
                0x08009078                OSDbg_TaskRegTblSize
 .rodata.OSDbg_TaskSemPendAbortEn
                0x0800907a        0x1 ./uC-OS3/Source/os_dbg.o
                0x0800907a                OSDbg_TaskSemPendAbortEn
 .rodata.OSDbg_TaskSuspendEn
                0x0800907b        0x1 ./uC-OS3/Source/os_dbg.o
                0x0800907b                OSDbg_TaskSuspendEn
 .rodata.OSDbg_TCBSize
                0x0800907c        0x2 ./uC-OS3/Source/os_dbg.o
                0x0800907c                OSDbg_TCBSize
 .rodata.OSDbg_TickListSize
                0x0800907e        0x2 ./uC-OS3/Source/os_dbg.o
                0x0800907e                OSDbg_TickListSize
 .rodata.OSDbg_TimeDlyHMSMEn
                0x08009080        0x1 ./uC-OS3/Source/os_dbg.o
                0x08009080                OSDbg_TimeDlyHMSMEn
 .rodata.OSDbg_TimeDlyResumeEn
                0x08009081        0x1 ./uC-OS3/Source/os_dbg.o
                0x08009081                OSDbg_TimeDlyResumeEn
 .rodata.OSDbg_TLS_TblSize
                0x08009082        0x2 ./uC-OS3/Source/os_dbg.o
                0x08009082                OSDbg_TLS_TblSize
 .rodata.OSDbg_Tmr
                0x08009084       0x30 ./uC-OS3/Source/os_dbg.o
                0x08009084                OSDbg_Tmr
 .rodata.OSDbg_TmrEn
                0x080090b4        0x1 ./uC-OS3/Source/os_dbg.o
                0x080090b4                OSDbg_TmrEn
 .rodata.OSDbg_TmrDelEn
                0x080090b5        0x1 ./uC-OS3/Source/os_dbg.o
                0x080090b5                OSDbg_TmrDelEn
 .rodata.OSDbg_TmrSize
                0x080090b6        0x2 ./uC-OS3/Source/os_dbg.o
                0x080090b6                OSDbg_TmrSize
 .rodata.OSDbg_VersionNbr
                0x080090b8        0x2 ./uC-OS3/Source/os_dbg.o
                0x080090b8                OSDbg_VersionNbr
 *fill*         0x080090ba        0x2 
 .rodata.OSDbg_DataSize
                0x080090bc        0x4 ./uC-OS3/Source/os_dbg.o
                0x080090bc                OSDbg_DataSize
                0x080090c0                        . = ALIGN (0x4)

.ARM.extab      0x080090c0        0x0
                0x080090c0                        . = ALIGN (0x4)
 *(.ARM.extab* .gnu.linkonce.armextab.*)
                0x080090c0                        . = ALIGN (0x4)

.ARM            0x080090c0        0x8
                0x080090c0                        . = ALIGN (0x4)
                0x080090c0                        __exidx_start = .
 *(.ARM.exidx*)
 .ARM.exidx     0x080090c0        0x8 C:/ST/STM32CubeIDE_1.15.1/STM32CubeIDE/plugins/com.st.stm32cube.ide.mcu.externaltools.gnu-tools-for-stm32.12.3.rel1.win32_1.0.200.202406191623/tools/bin/../lib/gcc/arm-none-eabi/12.3.1/thumb/v7e-m+fp/hard\libgcc.a(_udivmoddi4.o)
                0x080090c8                        __exidx_end = .
                0x080090c8                        . = ALIGN (0x4)

.preinit_array  0x080090c8        0x0
                0x080090c8                        . = ALIGN (0x4)
                0x080090c8                        PROVIDE (__preinit_array_start = .)
 *(.preinit_array*)
                0x080090c8                        PROVIDE (__preinit_array_end = .)
                0x080090c8                        . = ALIGN (0x4)

.init_array     0x080090c8        0x4
                0x080090c8                        . = ALIGN (0x4)
                0x080090c8                        PROVIDE (__init_array_start = .)
 *(SORT_BY_NAME(.init_array.*))
 *(.init_array*)
 .init_array    0x080090c8        0x4 C:/ST/STM32CubeIDE_1.15.1/STM32CubeIDE/plugins/com.st.stm32cube.ide.mcu.externaltools.gnu-tools-for-stm32.12.3.rel1.win32_1.0.200.202406191623/tools/bin/../lib/gcc/arm-none-eabi/12.3.1/thumb/v7e-m+fp/hard/crtbegin.o
                0x080090cc                        PROVIDE (__init_array_end = .)
                0x080090cc                        . = ALIGN (0x4)

.fini_array     0x080090cc        0x4
                0x080090cc                        . = ALIGN (0x4)
                [!provide]                        PROVIDE (__fini_array_start = .)
 *(SORT_BY_NAME(.fini_array.*))
 *(.fini_array*)
 .fini_array    0x080090cc        0x4 C:/ST/STM32CubeIDE_1.15.1/STM32CubeIDE/plugins/com.st.stm32cube.ide.mcu.externaltools.gnu-tools-for-stm32.12.3.rel1.win32_1.0.200.202406191623/tools/bin/../lib/gcc/arm-none-eabi/12.3.1/thumb/v7e-m+fp/hard/crtbegin.o
                [!provide]                        PROVIDE (__fini_array_end = .)
                0x080090d0                        . = ALIGN (0x4)
                0x080090d0                        _sidata = LOADADDR (.data)

.rel.dyn        0x080090d0        0x0
 .rel.iplt      0x080090d0        0x0 C:/ST/STM32CubeIDE_1.15.1/STM32CubeIDE/plugins/com.st.stm32cube.ide.mcu.externaltools.gnu-tools-for-stm32.12.3.rel1.win32_1.0.200.202406191623/tools/bin/../lib/gcc/arm-none-eabi/12.3.1/thumb/v7e-m+fp/hard/crtbegin.o

.data           0x20000000        0xc load address 0x080090d0
                0x20000000                        . = ALIGN (0x4)
                0x20000000                        _sdata = .
 *(.data)
 *(.data*)
 .data.uwTickPrio
                0x20000000        0x4 ./Drivers/STM32F4xx_HAL_Driver/Src/stm32f4xx_hal.o
                0x20000000                uwTickPrio
 .data.uwTickFreq
                0x20000004        0x1 ./Drivers/STM32F4xx_HAL_Driver/Src/stm32f4xx_hal.o
                0x20000004                uwTickFreq
 *fill*         0x20000005        0x3 
 .data.SystemCoreClock
                0x20000008        0x4 ./System/system_stm32f4xx.o
                0x20000008                SystemCoreClock
 *(.RamFunc)
 *(.RamFunc*)
                0x2000000c                        . = ALIGN (0x4)
                0x2000000c                        _edata = .
                0x080090dc                        _siccmram = LOADADDR (.ccmram)

.igot.plt       0x2000000c        0x0 load address 0x080090dc
 .igot.plt      0x2000000c        0x0 C:/ST/STM32CubeIDE_1.15.1/STM32CubeIDE/plugins/com.st.stm32cube.ide.mcu.externaltools.gnu-tools-for-stm32.12.3.rel1.win32_1.0.200.202406191623/tools/bin/../lib/gcc/arm-none-eabi/12.3.1/thumb/v7e-m+fp/hard/crtbegin.o

.ccmram         0x10000000        0x0 load address 0x080090dc
                0x10000000                        . = ALIGN (0x4)
                0x10000000                        _sccmram = .
 *(.ccmram)
 *(.ccmram*)
                0x10000000                        . = ALIGN (0x4)
                0x10000000                        _eccmram = .
                0x10000000                        . = ALIGN (0x4)

.bss            0x2000000c     0x1f18
                0x2000000c                        _sbss = .
                0x2000000c                        __bss_start__ = _sbss
 *(.bss)
 .bss           0x2000000c       0x1c C:/ST/STM32CubeIDE_1.15.1/STM32CubeIDE/plugins/com.st.stm32cube.ide.mcu.externaltools.gnu-tools-for-stm32.12.3.rel1.win32_1.0.200.202406191623/tools/bin/../lib/gcc/arm-none-eabi/12.3.1/thumb/v7e-m+fp/hard/crtbegin.o
 *(.bss*)
 .bss.motorBobinaTaskTCB
                0x20000028       0xc4 ./App/Src/bobina.o
 .bss.motorBobinaTaskStk
                0x200000ec      0x400 ./App/Src/bobina.o
 .bss.motorBobinaTensaoRead
                0x200004ec        0x2 ./App/Src/bobina.o
 .bss.motorBobinaVel
                0x200004ee        0x2 ./App/Src/bobina.o
 .bss.carroTransversalTaskTCB
                0x200004f0       0xc4 ./App/Src/carroTransversal.o
 .bss.carroTransversalStk
                0x200005b4      0x400 ./App/Src/carroTransversal.o
 .bss.bobinaTick
                0x200009b4        0x1 ./App/Src/carroTransversal.o
 .bss.carroTransversalTick
                0x200009b5        0x1 ./App/Src/carroTransversal.o
 .bss.carroTransversalAndar
                0x200009b6        0x1 ./App/Src/carroTransversal.o
 *fill*         0x200009b7        0x1 
 .bss.flagsGrp  0x200009b8       0x24 ./App/Src/main.o
                0x200009b8                flagsGrp
 .bss.programStartTaskTCB
                0x200009dc       0xc4 ./App/Src/main.o
 .bss.programStartTaskStk
                0x20000aa0      0x400 ./App/Src/main.o
 .bss.hadc2     0x20000ea0       0x48 ./App/Src/perifericos.o
                0x20000ea0                hadc2
 .bss.hdma_adc2
                0x20000ee8       0x60 ./App/Src/perifericos.o
                0x20000ee8                hdma_adc2
 .bss.hdac      0x20000f48       0x14 ./App/Src/perifericos.o
                0x20000f48                hdac
 .bss.hdma_dac1
                0x20000f5c       0x60 ./App/Src/perifericos.o
                0x20000f5c                hdma_dac1
 .bss.hdma_dac2
                0x20000fbc       0x60 ./App/Src/perifericos.o
                0x20000fbc                hdma_dac2
 .bss.htim1     0x2000101c       0x48 ./App/Src/perifericos.o
                0x2000101c                htim1
 .bss.htim2     0x20001064       0x48 ./App/Src/perifericos.o
                0x20001064                htim2
 .bss.uwTick    0x200010ac        0x4 ./Drivers/STM32F4xx_HAL_Driver/Src/stm32f4xx_hal.o
                0x200010ac                uwTick
 .bss.OS_CPU_ExceptStkBase
                0x200010b0        0x4 ./uC-OS3/Ports/ARM-Cortex-M/ARMv7-M/os_cpu_c.o
                0x200010b0                OS_CPU_ExceptStkBase
 .bss.OS_KA_BASEPRI_Boundary
                0x200010b4        0x4 ./uC-OS3/Ports/ARM-Cortex-M/ARMv7-M/os_cpu_c.o
                0x200010b4                OS_KA_BASEPRI_Boundary
 .bss.OSCfg_IdleTaskStk
                0x200010b8      0x100 ./uC-OS3/Source/os_cfg_app.o
                0x200010b8                OSCfg_IdleTaskStk
 .bss.OSCfg_ISRStk
                0x200011b8      0x200 ./uC-OS3/Source/os_cfg_app.o
                0x200011b8                OSCfg_ISRStk
 .bss.OSCfg_MsgPool
                0x200013b8      0x180 ./uC-OS3/Source/os_cfg_app.o
                0x200013b8                OSCfg_MsgPool
 .bss.OSCfg_StatTaskStk
                0x20001538      0x190 ./uC-OS3/Source/os_cfg_app.o
                0x20001538                OSCfg_StatTaskStk
 .bss.OSCfg_TmrTaskStk
                0x200016c8      0x200 ./uC-OS3/Source/os_cfg_app.o
                0x200016c8                OSCfg_TmrTaskStk
 .bss.OS_AppTaskCreateHookPtr
                0x200018c8        0x4 ./uC-OS3/Source/os_var.o
                0x200018c8                OS_AppTaskCreateHookPtr
 .bss.OS_AppTaskDelHookPtr
                0x200018cc        0x4 ./uC-OS3/Source/os_var.o
                0x200018cc                OS_AppTaskDelHookPtr
 .bss.OS_AppTaskReturnHookPtr
                0x200018d0        0x4 ./uC-OS3/Source/os_var.o
                0x200018d0                OS_AppTaskReturnHookPtr
 .bss.OS_AppIdleTaskHookPtr
                0x200018d4        0x4 ./uC-OS3/Source/os_var.o
                0x200018d4                OS_AppIdleTaskHookPtr
 .bss.OS_AppStatTaskHookPtr
                0x200018d8        0x4 ./uC-OS3/Source/os_var.o
                0x200018d8                OS_AppStatTaskHookPtr
 .bss.OS_AppTaskSwHookPtr
                0x200018dc        0x4 ./uC-OS3/Source/os_var.o
                0x200018dc                OS_AppTaskSwHookPtr
 .bss.OS_AppTimeTickHookPtr
                0x200018e0        0x4 ./uC-OS3/Source/os_var.o
                0x200018e0                OS_AppTimeTickHookPtr
 .bss.OSIdleTaskCtr
                0x200018e4        0x4 ./uC-OS3/Source/os_var.o
                0x200018e4                OSIdleTaskCtr
 .bss.OSIdleTaskTCB
                0x200018e8       0xc4 ./uC-OS3/Source/os_var.o
                0x200018e8                OSIdleTaskTCB
 .bss.OSIntNestingCtr
                0x200019ac        0x1 ./uC-OS3/Source/os_var.o
                0x200019ac                OSIntNestingCtr
 .bss.OSRunning
                0x200019ad        0x1 ./uC-OS3/Source/os_var.o
                0x200019ad                OSRunning
 .bss.OSInitialized
                0x200019ae        0x1 ./uC-OS3/Source/os_var.o
                0x200019ae                OSInitialized
 *fill*         0x200019af        0x1 
 .bss.OSISRStkFree
                0x200019b0        0x4 ./uC-OS3/Source/os_var.o
                0x200019b0                OSISRStkFree
 .bss.OSISRStkUsed
                0x200019b4        0x4 ./uC-OS3/Source/os_var.o
                0x200019b4                OSISRStkUsed
 .bss.OSFlagDbgListPtr
                0x200019b8        0x4 ./uC-OS3/Source/os_var.o
                0x200019b8                OSFlagDbgListPtr
 .bss.OSFlagQty
                0x200019bc        0x2 ./uC-OS3/Source/os_var.o
                0x200019bc                OSFlagQty
 *fill*         0x200019be        0x2 
 .bss.OSMemDbgListPtr
                0x200019c0        0x4 ./uC-OS3/Source/os_var.o
                0x200019c0                OSMemDbgListPtr
 .bss.OSMemQty  0x200019c4        0x2 ./uC-OS3/Source/os_var.o
                0x200019c4                OSMemQty
 *fill*         0x200019c6        0x2 
 .bss.OSMsgPool
                0x200019c8        0xc ./uC-OS3/Source/os_var.o
                0x200019c8                OSMsgPool
 .bss.OSMutexDbgListPtr
                0x200019d4        0x4 ./uC-OS3/Source/os_var.o
                0x200019d4                OSMutexDbgListPtr
 .bss.OSMutexQty
                0x200019d8        0x2 ./uC-OS3/Source/os_var.o
                0x200019d8                OSMutexQty
 .bss.OSPrioCur
                0x200019da        0x1 ./uC-OS3/Source/os_var.o
                0x200019da                OSPrioCur
 .bss.OSPrioHighRdy
                0x200019db        0x1 ./uC-OS3/Source/os_var.o
                0x200019db                OSPrioHighRdy
 .bss.OSPrioTbl
                0x200019dc        0x8 ./uC-OS3/Source/os_var.o
                0x200019dc                OSPrioTbl
 .bss.OSQDbgListPtr
                0x200019e4        0x4 ./uC-OS3/Source/os_var.o
                0x200019e4                OSQDbgListPtr
 .bss.OSQQty    0x200019e8        0x2 ./uC-OS3/Source/os_var.o
                0x200019e8                OSQQty
 *fill*         0x200019ea        0x2 
 .bss.OSRdyList
                0x200019ec      0x300 ./uC-OS3/Source/os_var.o
                0x200019ec                OSRdyList
 .bss.OSSchedLockNestingCtr
                0x20001cec        0x1 ./uC-OS3/Source/os_var.o
                0x20001cec                OSSchedLockNestingCtr
 *fill*         0x20001ced        0x3 
 .bss.OSSchedRoundRobinDfltTimeQuanta
                0x20001cf0        0x4 ./uC-OS3/Source/os_var.o
                0x20001cf0                OSSchedRoundRobinDfltTimeQuanta
 .bss.OSSchedRoundRobinEn
                0x20001cf4        0x1 ./uC-OS3/Source/os_var.o
                0x20001cf4                OSSchedRoundRobinEn
 *fill*         0x20001cf5        0x3 
 .bss.OSSemDbgListPtr
                0x20001cf8        0x4 ./uC-OS3/Source/os_var.o
                0x20001cf8                OSSemDbgListPtr
 .bss.OSSemQty  0x20001cfc        0x2 ./uC-OS3/Source/os_var.o
                0x20001cfc                OSSemQty
 .bss.OSStatResetFlag
                0x20001cfe        0x1 ./uC-OS3/Source/os_var.o
                0x20001cfe                OSStatResetFlag
 *fill*         0x20001cff        0x1 
 .bss.OSStatTaskCPUUsage
                0x20001d00        0x2 ./uC-OS3/Source/os_var.o
                0x20001d00                OSStatTaskCPUUsage
 .bss.OSStatTaskCPUUsageMax
                0x20001d02        0x2 ./uC-OS3/Source/os_var.o
                0x20001d02                OSStatTaskCPUUsageMax
 .bss.OSStatTaskCtr
                0x20001d04        0x4 ./uC-OS3/Source/os_var.o
                0x20001d04                OSStatTaskCtr
 .bss.OSStatTaskCtrMax
                0x20001d08        0x4 ./uC-OS3/Source/os_var.o
                0x20001d08                OSStatTaskCtrMax
 .bss.OSStatTaskCtrRun
                0x20001d0c        0x4 ./uC-OS3/Source/os_var.o
                0x20001d0c                OSStatTaskCtrRun
 .bss.OSStatTaskRdy
                0x20001d10        0x1 ./uC-OS3/Source/os_var.o
                0x20001d10                OSStatTaskRdy
 *fill*         0x20001d11        0x3 
 .bss.OSStatTaskTCB
                0x20001d14       0xc4 ./uC-OS3/Source/os_var.o
                0x20001d14                OSStatTaskTCB
 .bss.OSTaskCtxSwCtr
                0x20001dd8        0x4 ./uC-OS3/Source/os_var.o
                0x20001dd8                OSTaskCtxSwCtr
 .bss.OSTaskDbgListPtr
                0x20001ddc        0x4 ./uC-OS3/Source/os_var.o
                0x20001ddc                OSTaskDbgListPtr
 .bss.OSTaskQty
                0x20001de0        0x2 ./uC-OS3/Source/os_var.o
                0x20001de0                OSTaskQty
 .bss.OSTaskRegNextAvailID
                0x20001de2        0x1 ./uC-OS3/Source/os_var.o
                0x20001de2                OSTaskRegNextAvailID
 *fill*         0x20001de3        0x1 
 .bss.OSTickCtr
                0x20001de4        0x4 ./uC-OS3/Source/os_var.o
                0x20001de4                OSTickCtr
 .bss.OSTickList
                0x20001de8        0x8 ./uC-OS3/Source/os_var.o
                0x20001de8                OSTickList
 .bss.OSTmrDbgListPtr
                0x20001df0        0x4 ./uC-OS3/Source/os_var.o
                0x20001df0                OSTmrDbgListPtr
 .bss.OSTmrListEntries
                0x20001df4        0x2 ./uC-OS3/Source/os_var.o
                0x20001df4                OSTmrListEntries
 *fill*         0x20001df6        0x2 
 .bss.OSTmrListPtr
                0x20001df8        0x4 ./uC-OS3/Source/os_var.o
                0x20001df8                OSTmrListPtr
 .bss.OSTmrCond
                0x20001dfc       0x24 ./uC-OS3/Source/os_var.o
                0x20001dfc                OSTmrCond
 .bss.OSTmrMutex
                0x20001e20       0x2c ./uC-OS3/Source/os_var.o
                0x20001e20                OSTmrMutex
 .bss.OSTmrQty  0x20001e4c        0x2 ./uC-OS3/Source/os_var.o
                0x20001e4c                OSTmrQty
 *fill*         0x20001e4e        0x2 
 .bss.OSTmrTaskTCB
                0x20001e50       0xc4 ./uC-OS3/Source/os_var.o
                0x20001e50                OSTmrTaskTCB
 .bss.OSTmrTaskTickBase
                0x20001f14        0x4 ./uC-OS3/Source/os_var.o
                0x20001f14                OSTmrTaskTickBase
 .bss.OSTmrToTicksMult
                0x20001f18        0x4 ./uC-OS3/Source/os_var.o
                0x20001f18                OSTmrToTicksMult
 .bss.OSTCBCurPtr
                0x20001f1c        0x4 ./uC-OS3/Source/os_var.o
                0x20001f1c                OSTCBCurPtr
 .bss.OSTCBHighRdyPtr
                0x20001f20        0x4 ./uC-OS3/Source/os_var.o
                0x20001f20                OSTCBHighRdyPtr
 *(COMMON)
                0x20001f24                        . = ALIGN (0x4)
                0x20001f24                        _ebss = .
                0x20001f24                        __bss_end__ = _ebss

._user_heap_stack
                0x20001f24      0x604
                0x20001f28                        . = ALIGN (0x8)
 *fill*         0x20001f24        0x4 
                [!provide]                        PROVIDE (end = .)
                0x20001f28                        PROVIDE (_end = .)
                0x20002128                        . = (. + _Min_Heap_Size)
 *fill*         0x20001f28      0x200 
                0x20002528                        . = (. + _Min_Stack_Size)
 *fill*         0x20002128      0x400 
                0x20002528                        . = ALIGN (0x8)

/DISCARD/
 libc.a(*)
 libm.a(*)
 libgcc.a(*)

.ARM.attributes
                0x00000000       0x30
 *(.ARM.attributes)
 .ARM.attributes
                0x00000000       0x22 C:/ST/STM32CubeIDE_1.15.1/STM32CubeIDE/plugins/com.st.stm32cube.ide.mcu.externaltools.gnu-tools-for-stm32.12.3.rel1.win32_1.0.200.202406191623/tools/bin/../lib/gcc/arm-none-eabi/12.3.1/thumb/v7e-m+fp/hard/crti.o
 .ARM.attributes
                0x00000022       0x34 C:/ST/STM32CubeIDE_1.15.1/STM32CubeIDE/plugins/com.st.stm32cube.ide.mcu.externaltools.gnu-tools-for-stm32.12.3.rel1.win32_1.0.200.202406191623/tools/bin/../lib/gcc/arm-none-eabi/12.3.1/thumb/v7e-m+fp/hard/crtbegin.o
 .ARM.attributes
                0x00000056       0x34 ./App/Src/bobina.o
 .ARM.attributes
                0x0000008a       0x34 ./App/Src/carroTransversal.o
 .ARM.attributes
                0x000000be       0x34 ./App/Src/flash.o
 .ARM.attributes
                0x000000f2       0x34 ./App/Src/main.o
 .ARM.attributes
                0x00000126       0x34 ./App/Src/perifericos.o
 .ARM.attributes
                0x0000015a       0x34 ./App/Src/stm32f4xx_hal_msp.o
 .ARM.attributes
                0x0000018e       0x34 ./App/Src/stm32f4xx_it.o
 .ARM.attributes
                0x000001c2       0x34 ./Drivers/STM32F4xx_HAL_Driver/Src/stm32f4xx_hal.o
 .ARM.attributes
                0x000001f6       0x34 ./Drivers/STM32F4xx_HAL_Driver/Src/stm32f4xx_hal_adc.o
 .ARM.attributes
                0x0000022a       0x34 ./Drivers/STM32F4xx_HAL_Driver/Src/stm32f4xx_hal_cortex.o
 .ARM.attributes
                0x0000025e       0x34 ./Drivers/STM32F4xx_HAL_Driver/Src/stm32f4xx_hal_dac.o
 .ARM.attributes
                0x00000292       0x34 ./Drivers/STM32F4xx_HAL_Driver/Src/stm32f4xx_hal_dac_ex.o
 .ARM.attributes
                0x000002c6       0x34 ./Drivers/STM32F4xx_HAL_Driver/Src/stm32f4xx_hal_dma.o
 .ARM.attributes
                0x000002fa       0x34 ./Drivers/STM32F4xx_HAL_Driver/Src/stm32f4xx_hal_gpio.o
 .ARM.attributes
                0x0000032e       0x34 ./Drivers/STM32F4xx_HAL_Driver/Src/stm32f4xx_hal_pwr.o
 .ARM.attributes
                0x00000362       0x34 ./Drivers/STM32F4xx_HAL_Driver/Src/stm32f4xx_hal_rcc.o
 .ARM.attributes
                0x00000396       0x34 ./Drivers/STM32F4xx_HAL_Driver/Src/stm32f4xx_hal_tim.o
 .ARM.attributes
                0x000003ca       0x34 ./Drivers/STM32F4xx_HAL_Driver/Src/stm32f4xx_hal_tim_ex.o
 .ARM.attributes
                0x000003fe       0x21 ./System/Startup/startup_stm32f439zitx.o
 .ARM.attributes
                0x0000041f       0x34 ./System/system_stm32f4xx.o
 .ARM.attributes
                0x00000453       0x20 ./uC-CPU/ARM-Cortex-M/ARMv7-M/GNU/cpu_a.o
 .ARM.attributes
                0x00000473       0x20 ./uC-OS3/Ports/ARM-Cortex-M/ARMv7-M/GNU/os_cpu_a.o
 .ARM.attributes
                0x00000493       0x34 ./uC-OS3/Ports/ARM-Cortex-M/ARMv7-M/os_cpu_c.o
 .ARM.attributes
                0x000004c7       0x34 ./uC-OS3/Source/os_cfg_app.o
 .ARM.attributes
                0x000004fb       0x34 ./uC-OS3/Source/os_core.o
 .ARM.attributes
                0x0000052f       0x34 ./uC-OS3/Source/os_dbg.o
 .ARM.attributes
                0x00000563       0x34 ./uC-OS3/Source/os_flag.o
 .ARM.attributes
                0x00000597       0x34 ./uC-OS3/Source/os_mem.o
 .ARM.attributes
                0x000005cb       0x34 ./uC-OS3/Source/os_msg.o
 .ARM.attributes
                0x000005ff       0x34 ./uC-OS3/Source/os_mutex.o
 .ARM.attributes
                0x00000633       0x34 ./uC-OS3/Source/os_prio.o
 .ARM.attributes
                0x00000667       0x34 ./uC-OS3/Source/os_stat.o
 .ARM.attributes
                0x0000069b       0x34 ./uC-OS3/Source/os_task.o
 .ARM.attributes
                0x000006cf       0x34 ./uC-OS3/Source/os_tick.o
 .ARM.attributes
                0x00000703       0x34 ./uC-OS3/Source/os_time.o
 .ARM.attributes
                0x00000737       0x34 ./uC-OS3/Source/os_tmr.o
 .ARM.attributes
                0x0000076b       0x34 ./uC-OS3/Source/os_var.o
 .ARM.attributes
                0x0000079f       0x34 C:/ST/STM32CubeIDE_1.15.1/STM32CubeIDE/plugins/com.st.stm32cube.ide.mcu.externaltools.gnu-tools-for-stm32.12.3.rel1.win32_1.0.200.202406191623/tools/bin/../lib/gcc/arm-none-eabi/12.3.1/../../../../arm-none-eabi/lib/thumb/v7e-m+fp/hard\libc_nano.a(libc_a-memset.o)
 .ARM.attributes
                0x000007d3       0x34 C:/ST/STM32CubeIDE_1.15.1/STM32CubeIDE/plugins/com.st.stm32cube.ide.mcu.externaltools.gnu-tools-for-stm32.12.3.rel1.win32_1.0.200.202406191623/tools/bin/../lib/gcc/arm-none-eabi/12.3.1/../../../../arm-none-eabi/lib/thumb/v7e-m+fp/hard\libc_nano.a(libc_a-init.o)
 .ARM.attributes
                0x00000807       0x22 C:/ST/STM32CubeIDE_1.15.1/STM32CubeIDE/plugins/com.st.stm32cube.ide.mcu.externaltools.gnu-tools-for-stm32.12.3.rel1.win32_1.0.200.202406191623/tools/bin/../lib/gcc/arm-none-eabi/12.3.1/thumb/v7e-m+fp/hard\libgcc.a(_arm_muldf3.o)
 .ARM.attributes
                0x00000829       0x22 C:/ST/STM32CubeIDE_1.15.1/STM32CubeIDE/plugins/com.st.stm32cube.ide.mcu.externaltools.gnu-tools-for-stm32.12.3.rel1.win32_1.0.200.202406191623/tools/bin/../lib/gcc/arm-none-eabi/12.3.1/thumb/v7e-m+fp/hard\libgcc.a(_arm_addsubdf3.o)
 .ARM.attributes
                0x0000084b       0x22 C:/ST/STM32CubeIDE_1.15.1/STM32CubeIDE/plugins/com.st.stm32cube.ide.mcu.externaltools.gnu-tools-for-stm32.12.3.rel1.win32_1.0.200.202406191623/tools/bin/../lib/gcc/arm-none-eabi/12.3.1/thumb/v7e-m+fp/hard\libgcc.a(_arm_truncdfsf2.o)
 .ARM.attributes
                0x0000086d       0x22 C:/ST/STM32CubeIDE_1.15.1/STM32CubeIDE/plugins/com.st.stm32cube.ide.mcu.externaltools.gnu-tools-for-stm32.12.3.rel1.win32_1.0.200.202406191623/tools/bin/../lib/gcc/arm-none-eabi/12.3.1/thumb/v7e-m+fp/hard\libgcc.a(_aeabi_uldivmod.o)
 .ARM.attributes
                0x0000088f       0x34 C:/ST/STM32CubeIDE_1.15.1/STM32CubeIDE/plugins/com.st.stm32cube.ide.mcu.externaltools.gnu-tools-for-stm32.12.3.rel1.win32_1.0.200.202406191623/tools/bin/../lib/gcc/arm-none-eabi/12.3.1/thumb/v7e-m+fp/hard\libgcc.a(_udivmoddi4.o)
 .ARM.attributes
                0x000008c3       0x22 C:/ST/STM32CubeIDE_1.15.1/STM32CubeIDE/plugins/com.st.stm32cube.ide.mcu.externaltools.gnu-tools-for-stm32.12.3.rel1.win32_1.0.200.202406191623/tools/bin/../lib/gcc/arm-none-eabi/12.3.1/thumb/v7e-m+fp/hard\libgcc.a(_dvmd_tls.o)
 .ARM.attributes
                0x000008e5       0x22 C:/ST/STM32CubeIDE_1.15.1/STM32CubeIDE/plugins/com.st.stm32cube.ide.mcu.externaltools.gnu-tools-for-stm32.12.3.rel1.win32_1.0.200.202406191623/tools/bin/../lib/gcc/arm-none-eabi/12.3.1/thumb/v7e-m+fp/hard/crtn.o
OUTPUT(Controle_Cabo.elf elf32-littlearm)
LOAD linker stubs
LOAD C:/ST/STM32CubeIDE_1.15.1/STM32CubeIDE/plugins/com.st.stm32cube.ide.mcu.externaltools.gnu-tools-for-stm32.12.3.rel1.win32_1.0.200.202406191623/tools/bin/../lib/gcc/arm-none-eabi/12.3.1/../../../../arm-none-eabi/lib/thumb/v7e-m+fp/hard\libc.a
LOAD C:/ST/STM32CubeIDE_1.15.1/STM32CubeIDE/plugins/com.st.stm32cube.ide.mcu.externaltools.gnu-tools-for-stm32.12.3.rel1.win32_1.0.200.202406191623/tools/bin/../lib/gcc/arm-none-eabi/12.3.1/../../../../arm-none-eabi/lib/thumb/v7e-m+fp/hard\libm.a
LOAD C:/ST/STM32CubeIDE_1.15.1/STM32CubeIDE/plugins/com.st.stm32cube.ide.mcu.externaltools.gnu-tools-for-stm32.12.3.rel1.win32_1.0.200.202406191623/tools/bin/../lib/gcc/arm-none-eabi/12.3.1/thumb/v7e-m+fp/hard\libgcc.a

.debug_info     0x00000000    0x1d7b0
 .debug_info    0x00000000     0x19ec ./App/Src/bobina.o
 .debug_info    0x000019ec     0x1626 ./App/Src/carroTransversal.o
 .debug_info    0x00003012      0x593 ./App/Src/flash.o
 .debug_info    0x000035a5      0xf70 ./App/Src/main.o
 .debug_info    0x00004515     0x1838 ./App/Src/perifericos.o
 .debug_info    0x00005d4d     0x100f ./App/Src/stm32f4xx_hal_msp.o
 .debug_info    0x00006d5c      0x411 ./App/Src/stm32f4xx_it.o
 .debug_info    0x0000716d      0x9c0 ./Drivers/STM32F4xx_HAL_Driver/Src/stm32f4xx_hal.o
 .debug_info    0x00007b2d      0xcd4 ./Drivers/STM32F4xx_HAL_Driver/Src/stm32f4xx_hal_adc.o
 .debug_info    0x00008801      0xd93 ./Drivers/STM32F4xx_HAL_Driver/Src/stm32f4xx_hal_cortex.o
 .debug_info    0x00009594      0xa01 ./Drivers/STM32F4xx_HAL_Driver/Src/stm32f4xx_hal_dac.o
 .debug_info    0x00009f95      0x750 ./Drivers/STM32F4xx_HAL_Driver/Src/stm32f4xx_hal_dac_ex.o
 .debug_info    0x0000a6e5      0x8e7 ./Drivers/STM32F4xx_HAL_Driver/Src/stm32f4xx_hal_dma.o
 .debug_info    0x0000afcc      0x6db ./Drivers/STM32F4xx_HAL_Driver/Src/stm32f4xx_hal_gpio.o
 .debug_info    0x0000b6a7      0x715 ./Drivers/STM32F4xx_HAL_Driver/Src/stm32f4xx_hal_pwr.o
 .debug_info    0x0000bdbc      0x8c9 ./Drivers/STM32F4xx_HAL_Driver/Src/stm32f4xx_hal_rcc.o
 .debug_info    0x0000c685     0x299d ./Drivers/STM32F4xx_HAL_Driver/Src/stm32f4xx_hal_tim.o
 .debug_info    0x0000f022     0x14db ./Drivers/STM32F4xx_HAL_Driver/Src/stm32f4xx_hal_tim_ex.o
 .debug_info    0x000104fd       0x30 ./System/Startup/startup_stm32f439zitx.o
 .debug_info    0x0001052d      0x52e ./System/system_stm32f4xx.o
 .debug_info    0x00010a5b       0x24 ./uC-CPU/ARM-Cortex-M/ARMv7-M/GNU/cpu_a.o
 .debug_info    0x00010a7f       0x25 ./uC-OS3/Ports/ARM-Cortex-M/ARMv7-M/GNU/os_cpu_a.o
 .debug_info    0x00010aa4      0x99f ./uC-OS3/Ports/ARM-Cortex-M/ARMv7-M/os_cpu_c.o
 .debug_info    0x00011443      0x493 ./uC-OS3/Source/os_cfg_app.o
 .debug_info    0x000118d6     0x1769 ./uC-OS3/Source/os_core.o
 .debug_info    0x0001303f      0xdc0 ./uC-OS3/Source/os_dbg.o
 .debug_info    0x00013dff     0x10d8 ./uC-OS3/Source/os_flag.o
 .debug_info    0x00014ed7      0x843 ./uC-OS3/Source/os_mem.o
 .debug_info    0x0001571a      0x84c ./uC-OS3/Source/os_msg.o
 .debug_info    0x00015f66     0x10bf ./uC-OS3/Source/os_mutex.o
 .debug_info    0x00017025      0x156 ./uC-OS3/Source/os_prio.o
 .debug_info    0x0001717b      0xfb8 ./uC-OS3/Source/os_stat.o
 .debug_info    0x00018133     0x16db ./uC-OS3/Source/os_task.o
 .debug_info    0x0001980e      0xe08 ./uC-OS3/Source/os_tick.o
 .debug_info    0x0001a616      0xe55 ./uC-OS3/Source/os_time.o
 .debug_info    0x0001b46b     0x14e5 ./uC-OS3/Source/os_tmr.o
 .debug_info    0x0001c950      0xe60 ./uC-OS3/Source/os_var.o

.debug_abbrev   0x00000000     0x4496
 .debug_abbrev  0x00000000      0x271 ./App/Src/bobina.o
 .debug_abbrev  0x00000271      0x27d ./App/Src/carroTransversal.o
 .debug_abbrev  0x000004ee      0x1d1 ./App/Src/flash.o
 .debug_abbrev  0x000006bf      0x224 ./App/Src/main.o
 .debug_abbrev  0x000008e3      0x25c ./App/Src/perifericos.o
 .debug_abbrev  0x00000b3f      0x256 ./App/Src/stm32f4xx_hal_msp.o
 .debug_abbrev  0x00000d95      0x191 ./App/Src/stm32f4xx_it.o
 .debug_abbrev  0x00000f26      0x214 ./Drivers/STM32F4xx_HAL_Driver/Src/stm32f4xx_hal.o
 .debug_abbrev  0x0000113a      0x252 ./Drivers/STM32F4xx_HAL_Driver/Src/stm32f4xx_hal_adc.o
 .debug_abbrev  0x0000138c      0x328 ./Drivers/STM32F4xx_HAL_Driver/Src/stm32f4xx_hal_cortex.o
 .debug_abbrev  0x000016b4      0x1fa ./Drivers/STM32F4xx_HAL_Driver/Src/stm32f4xx_hal_dac.o
 .debug_abbrev  0x000018ae      0x1ef ./Drivers/STM32F4xx_HAL_Driver/Src/stm32f4xx_hal_dac_ex.o
 .debug_abbrev  0x00001a9d      0x264 ./Drivers/STM32F4xx_HAL_Driver/Src/stm32f4xx_hal_dma.o
 .debug_abbrev  0x00001d01      0x1d4 ./Drivers/STM32F4xx_HAL_Driver/Src/stm32f4xx_hal_gpio.o
 .debug_abbrev  0x00001ed5      0x19c ./Drivers/STM32F4xx_HAL_Driver/Src/stm32f4xx_hal_pwr.o
 .debug_abbrev  0x00002071      0x2b6 ./Drivers/STM32F4xx_HAL_Driver/Src/stm32f4xx_hal_rcc.o
 .debug_abbrev  0x00002327      0x278 ./Drivers/STM32F4xx_HAL_Driver/Src/stm32f4xx_hal_tim.o
 .debug_abbrev  0x0000259f      0x283 ./Drivers/STM32F4xx_HAL_Driver/Src/stm32f4xx_hal_tim_ex.o
 .debug_abbrev  0x00002822       0x24 ./System/Startup/startup_stm32f439zitx.o
 .debug_abbrev  0x00002846      0x11a ./System/system_stm32f4xx.o
 .debug_abbrev  0x00002960       0x14 ./uC-CPU/ARM-Cortex-M/ARMv7-M/GNU/cpu_a.o
 .debug_abbrev  0x00002974       0x14 ./uC-OS3/Ports/ARM-Cortex-M/ARMv7-M/GNU/os_cpu_a.o
 .debug_abbrev  0x00002988      0x25a ./uC-OS3/Ports/ARM-Cortex-M/ARMv7-M/os_cpu_c.o
 .debug_abbrev  0x00002be2       0xd5 ./uC-OS3/Source/os_cfg_app.o
 .debug_abbrev  0x00002cb7      0x25d ./uC-OS3/Source/os_core.o
 .debug_abbrev  0x00002f14      0x108 ./uC-OS3/Source/os_dbg.o
 .debug_abbrev  0x0000301c      0x24a ./uC-OS3/Source/os_flag.o
 .debug_abbrev  0x00003266      0x1b6 ./uC-OS3/Source/os_mem.o
 .debug_abbrev  0x0000341c      0x1a1 ./uC-OS3/Source/os_msg.o