Archive member included to satisfy reference by file (symbol)

C:/ST/STM32CubeIDE_1.15.1/STM32CubeIDE/plugins/com.st.stm32cube.ide.mcu.externaltools.gnu-tools-for-stm32.12.3.rel1.win32_1.0.200.202406191623/tools/bin/../lib/gcc/arm-none-eabi/12.3.1/../../../../arm-none-eabi/lib/thumb/v7e-m+fp/hard\libc_nano.a(libc_a-exit.o)
                              C:/ST/STM32CubeIDE_1.15.1/STM32CubeIDE/plugins/com.st.stm32cube.ide.mcu.externaltools.gnu-tools-for-stm32.12.3.rel1.win32_1.0.200.202406191623/tools/bin/../lib/gcc/arm-none-eabi/12.3.1/../../../../arm-none-eabi/lib/thumb/v7e-m+fp/hard/crt0.o (exit)
C:/ST/STM32CubeIDE_1.15.1/STM32CubeIDE/plugins/com.st.stm32cube.ide.mcu.externaltools.gnu-tools-for-stm32.12.3.rel1.win32_1.0.200.202406191623/tools/bin/../lib/gcc/arm-none-eabi/12.3.1/../../../../arm-none-eabi/lib/thumb/v7e-m+fp/hard\libc_nano.a(libc_a-findfp.o)
                              C:/ST/STM32CubeIDE_1.15.1/STM32CubeIDE/plugins/com.st.stm32cube.ide.mcu.externaltools.gnu-tools-for-stm32.12.3.rel1.win32_1.0.200.202406191623/tools/bin/../lib/gcc/arm-none-eabi/12.3.1/../../../../arm-none-eabi/lib/thumb/v7e-m+fp/hard\libc_nano.a(libc_a-exit.o) (__stdio_exit_handler)
C:/ST/STM32CubeIDE_1.15.1/STM32CubeIDE/plugins/com.st.stm32cube.ide.mcu.externaltools.gnu-tools-for-stm32.12.3.rel1.win32_1.0.200.202406191623/tools/bin/../lib/gcc/arm-none-eabi/12.3.1/../../../../arm-none-eabi/lib/thumb/v7e-m+fp/hard\libc_nano.a(libc_a-fwalk.o)
                              C:/ST/STM32CubeIDE_1.15.1/STM32CubeIDE/plugins/com.st.stm32cube.ide.mcu.externaltools.gnu-tools-for-stm32.12.3.rel1.win32_1.0.200.202406191623/tools/bin/../lib/gcc/arm-none-eabi/12.3.1/../../../../arm-none-eabi/lib/thumb/v7e-m+fp/hard\libc_nano.a(libc_a-findfp.o) (_fwalk_sglue)
C:/ST/STM32CubeIDE_1.15.1/STM32CubeIDE/plugins/com.st.stm32cube.ide.mcu.externaltools.gnu-tools-for-stm32.12.3.rel1.win32_1.0.200.202406191623/tools/bin/../lib/gcc/arm-none-eabi/12.3.1/../../../../arm-none-eabi/lib/thumb/v7e-m+fp/hard\libc_nano.a(libc_a-stdio.o)
                              C:/ST/STM32CubeIDE_1.15.1/STM32CubeIDE/plugins/com.st.stm32cube.ide.mcu.externaltools.gnu-tools-for-stm32.12.3.rel1.win32_1.0.200.202406191623/tools/bin/../lib/gcc/arm-none-eabi/12.3.1/../../../../arm-none-eabi/lib/thumb/v7e-m+fp/hard\libc_nano.a(libc_a-findfp.o) (__sread)
C:/ST/STM32CubeIDE_1.15.1/STM32CubeIDE/plugins/com.st.stm32cube.ide.mcu.externaltools.gnu-tools-for-stm32.12.3.rel1.win32_1.0.200.202406191623/tools/bin/../lib/gcc/arm-none-eabi/12.3.1/../../../../arm-none-eabi/lib/thumb/v7e-m+fp/hard\libc_nano.a(libc_a-memset.o)
                              C:/ST/STM32CubeIDE_1.15.1/STM32CubeIDE/plugins/com.st.stm32cube.ide.mcu.externaltools.gnu-tools-for-stm32.12.3.rel1.win32_1.0.200.202406191623/tools/bin/../lib/gcc/arm-none-eabi/12.3.1/../../../../arm-none-eabi/lib/thumb/v7e-m+fp/hard/crt0.o (memset)
C:/ST/STM32CubeIDE_1.15.1/STM32CubeIDE/plugins/com.st.stm32cube.ide.mcu.externaltools.gnu-tools-for-stm32.12.3.rel1.win32_1.0.200.202406191623/tools/bin/../lib/gcc/arm-none-eabi/12.3.1/../../../../arm-none-eabi/lib/thumb/v7e-m+fp/hard\libc_nano.a(libc_a-closer.o)
                              C:/ST/STM32CubeIDE_1.15.1/STM32CubeIDE/plugins/com.st.stm32cube.ide.mcu.externaltools.gnu-tools-for-stm32.12.3.rel1.win32_1.0.200.202406191623/tools/bin/../lib/gcc/arm-none-eabi/12.3.1/../../../../arm-none-eabi/lib/thumb/v7e-m+fp/hard\libc_nano.a(libc_a-stdio.o) (_close_r)
C:/ST/STM32CubeIDE_1.15.1/STM32CubeIDE/plugins/com.st.stm32cube.ide.mcu.externaltools.gnu-tools-for-stm32.12.3.rel1.win32_1.0.200.202406191623/tools/bin/../lib/gcc/arm-none-eabi/12.3.1/../../../../arm-none-eabi/lib/thumb/v7e-m+fp/hard\libc_nano.a(libc_a-reent.o)
                              C:/ST/STM32CubeIDE_1.15.1/STM32CubeIDE/plugins/com.st.stm32cube.ide.mcu.externaltools.gnu-tools-for-stm32.12.3.rel1.win32_1.0.200.202406191623/tools/bin/../lib/gcc/arm-none-eabi/12.3.1/../../../../arm-none-eabi/lib/thumb/v7e-m+fp/hard\libc_nano.a(libc_a-closer.o) (errno)
C:/ST/STM32CubeIDE_1.15.1/STM32CubeIDE/plugins/com.st.stm32cube.ide.mcu.externaltools.gnu-tools-for-stm32.12.3.rel1.win32_1.0.200.202406191623/tools/bin/../lib/gcc/arm-none-eabi/12.3.1/../../../../arm-none-eabi/lib/thumb/v7e-m+fp/hard\libc_nano.a(libc_a-impure.o)
                              C:/ST/STM32CubeIDE_1.15.1/STM32CubeIDE/plugins/com.st.stm32cube.ide.mcu.externaltools.gnu-tools-for-stm32.12.3.rel1.win32_1.0.200.202406191623/tools/bin/../lib/gcc/arm-none-eabi/12.3.1/../../../../arm-none-eabi/lib/thumb/v7e-m+fp/hard\libc_nano.a(libc_a-reent.o) (_impure_ptr)
C:/ST/STM32CubeIDE_1.15.1/STM32CubeIDE/plugins/com.st.stm32cube.ide.mcu.externaltools.gnu-tools-for-stm32.12.3.rel1.win32_1.0.200.202406191623/tools/bin/../lib/gcc/arm-none-eabi/12.3.1/../../../../arm-none-eabi/lib/thumb/v7e-m+fp/hard\libc_nano.a(libc_a-lseekr.o)
[...]
Memory Configuration

Name             Origin             Length             Attributes
CCMRAM           0x10000000         0x00010000         xrw
RAM              0x20000000         0x00020000         xrw
FLASH            0x08000000         0x00100000         xr
*default*        0x00000000         0xffffffff

Linker script and memory map

LOAD C:/ST/STM32CubeIDE_1.15.1/STM32CubeIDE/plugins/com.st.stm32cube.ide.mcu.externaltools.gnu-tools-for-stm32.12.3.rel1.win32_1.0.200.202406191623/tools/bin/../lib/gcc/arm-none-eabi/12.3.1/thumb/v7e-m+fp/hard/crti.o
LOAD C:/ST/STM32CubeIDE_1.15.1/STM32CubeIDE/plugins/com.st.stm32cube.ide.mcu.externaltools.gnu-tools-for-stm32.12.3.rel1.win32_1.0.200.202406191623/tools/bin/../lib/gcc/arm-none-eabi/12.3.1/thumb/v7e-m+fp/hard/crtbegin.o
LOAD C:/ST/STM32CubeIDE_1.15.1/STM32CubeIDE/plugins/com.st.stm32cube.ide.mcu.externaltools.gnu-tools-for-stm32.12.3.rel1.win32_1.0.200.202406191623/tools/bin/../lib/gcc/arm-none-eabi/12.3.1/../../../../arm-none-eabi/lib/thumb/v7e-m+fp/hard/crt0.o
LOAD ./App/Config/os_app_hooks.o
LOAD ./App/Src/bobina.o
LOAD ./App/Src/carroTransversal.o
LOAD ./App/Src/main.o
LOAD ./App/Src/perifericos.o
LOAD ./App/Src/stm32f4xx_hal_msp.o
LOAD ./App/Src/stm32f4xx_it.o
LOAD ./Drivers/STM32F4xx_HAL_Driver/Src/stm32f4xx_hal.o
LOAD ./Drivers/STM32F4xx_HAL_Driver/Src/stm32f4xx_hal_adc.o
LOAD ./Drivers/STM32F4xx_HAL_Driver/Src/stm32f4xx_hal_adc_ex.o
LOAD ./Drivers/STM32F4xx_HAL_Driver/Src/stm32f4xx_hal_cortex.o
LOAD ./Drivers/STM32F4xx_HAL_Driver/Src/stm32f4xx_hal_dac.o
LOAD ./Drivers/STM32F4xx_HAL_Driver/Src/stm32f4xx_hal_dac_ex.o
LOAD ./Drivers/STM32F4xx_HAL_Driver/Src/stm32f4xx_hal_dma.o
LOAD ./Drivers/STM32F4xx_HAL_Driver/Src/stm32f4xx_hal_dma_ex.o
LOAD ./Drivers/STM32F4xx_HAL_Driver/Src/stm32f4xx_hal_exti.o
LOAD ./Drivers/STM32F4xx_HAL_Driver/Src/stm32f4xx_hal_flash.o
LOAD ./Drivers/STM32F4xx_HAL_Driver/Src/stm32f4xx_hal_flash_ex.o
LOAD ./Drivers/STM32F4xx_HAL_Driver/Src/stm32f4xx_hal_flash_ramfunc.o
LOAD ./Drivers/STM32F4xx_HAL_Driver/Src/stm32f4xx_hal_gpio.o
LOAD ./Drivers/STM32F4xx_HAL_Driver/Src/stm32f4xx_hal_pwr.o
LOAD ./Drivers/STM32F4xx_HAL_Driver/Src/stm32f4xx_hal_pwr_ex.o
LOAD ./Drivers/STM32F4xx_HAL_Driver/Src/stm32f4xx_hal_rcc.o
LOAD ./Drivers/STM32F4xx_HAL_Driver/Src/stm32f4xx_hal_rcc_ex.o
LOAD ./Drivers/STM32F4xx_HAL_Driver/Src/stm32f4xx_hal_tim.o
LOAD ./Drivers/STM32F4xx_HAL_Driver/Src/stm32f4xx_hal_tim_ex.o
LOAD ./Drivers/STM32F4xx_HAL_Driver/Src/stm32f4xx_ll_adc.o
LOAD ./System/Startup/startup_stm32f407zgtx.o
LOAD ./System/syscalls.o
LOAD ./System/sysmem.o
LOAD ./System/system_stm32f4xx.o
LOAD ./uC-CPU/ARM-Cortex-M/ARMv7-M/GNU/cpu_a.o
LOAD ./uC-CPU/ARM-Cortex-M/ARMv7-M/cpu_c.o
LOAD ./uC-CPU/Cache/ARM/armv7m_generic_l1/cpu_cache_armv7m_generic_l1.o
LOAD ./uC-CPU/bsp_cpu.o
LOAD ./uC-CPU/cpu_core.o
LOAD ./uC-LIB/Ports/ARM-Cortex-M4/GNU/lib_mem_a.o
LOAD ./uC-LIB/lib_ascii.o
LOAD ./uC-LIB/lib_math.o
LOAD ./uC-LIB/lib_mem.o
LOAD ./uC-LIB/lib_str.o
LOAD ./uC-OS3/Ports/ARM-Cortex-M/ARMv7-M/GNU/os_cpu_a.o
LOAD ./uC-OS3/Ports/ARM-Cortex-M/ARMv7-M/os_cpu_c.o
LOAD ./uC-OS3/Source/os_cfg_app.o
LOAD ./uC-OS3/Source/os_core.o
LOAD ./uC-OS3/Source/os_dbg.o
LOAD ./uC-OS3/Source/os_flag.o
LOAD ./uC-OS3/Source/os_mem.o
LOAD ./uC-OS3/Source/os_msg.o
LOAD ./uC-OS3/Source/os_mutex.o
LOAD ./uC-OS3/Source/os_prio.o
LOAD ./uC-OS3/Source/os_q.o
LOAD ./uC-OS3/Source/os_sem.o
LOAD ./uC-OS3/Source/os_stat.o
LOAD ./uC-OS3/Source/os_task.o
LOAD ./uC-OS3/Source/os_tick.o
LOAD ./uC-OS3/Source/os_time.o
LOAD ./uC-OS3/Source/os_tmr.o
LOAD ./uC-OS3/Source/os_var.o
LOAD ./uC-OS3/TLS/NewLib/os_tls.o
LOAD ./uC-OS3/Template/bsp_os_dt.o
START GROUP
LOAD C:/ST/STM32CubeIDE_1.15.1/STM32CubeIDE/plugins/com.st.stm32cube.ide.mcu.externaltools.gnu-tools-for-stm32.12.3.rel1.win32_1.0.200.202406191623/tools/bin/../lib/gcc/arm-none-eabi/12.3.1/../../../../arm-none-eabi/lib/thumb/v7e-m+fp/hard\libc_nano.a
LOAD C:/ST/STM32CubeIDE_1.15.1/STM32CubeIDE/plugins/com.st.stm32cube.ide.mcu.externaltools.gnu-tools-for-stm32.12.3.rel1.win32_1.0.200.202406191623/tools/bin/../lib/gcc/arm-none-eabi/12.3.1/../../../../arm-none-eabi/lib/thumb/v7e-m+fp/hard\libm.a
END GROUP
START GROUP
LOAD C:/ST/STM32CubeIDE_1.15.1/STM32CubeIDE/plugins/com.st.stm32cube.ide.mcu.externaltools.gnu-tools-for-stm32.12.3.rel1.win32_1.0.200.202406191623/tools/bin/../lib/gcc/arm-none-eabi/12.3.1/thumb/v7e-m+fp/hard\libgcc.a
LOAD C:/ST/STM32CubeIDE_1.15.1/STM32CubeIDE/plugins/com.st.stm32cube.ide.mcu.externaltools.gnu-tools-for-stm32.12.3.rel1.win32_1.0.200.202406191623/tools/bin/../lib/gcc/arm-none-eabi/12.3.1/../../../../arm-none-eabi/lib/thumb/v7e-m+fp/hard\libc_nano.a
END GROUP
START GROUP
LOAD C:/ST/STM32CubeIDE_1.15.1/STM32CubeIDE/plugins/com.st.stm32cube.ide.mcu.externaltools.gnu-tools-for-stm32.12.3.rel1.win32_1.0.200.202406191623/tools/bin/../lib/gcc/arm-none-eabi/12.3.1/thumb/v7e-m+fp/hard\libgcc.a
LOAD C:/ST/STM32CubeIDE_1.15.1/STM32CubeIDE/plugins/com.st.stm32cube.ide.mcu.externaltools.gnu-tools-for-stm32.12.3.rel1.win32_1.0.200.202406191623/tools/bin/../lib/gcc/arm-none-eabi/12.3.1/../../../../arm-none-eabi/lib/thumb/v7e-m+fp/hard\libc_nano.a
LOAD C:/ST/STM32CubeIDE_1.15.1/STM32CubeIDE/plugins/com.st.stm32cube.ide.mcu.externaltools.gnu-tools-for-stm32.12.3.rel1.win32_1.0.200.202406191623/tools/bin/../lib/gcc/arm-none-eabi/12.3.1/../../../../arm-none-eabi/lib/thumb/v7e-m+fp/hard\libnosys.a
END GROUP
START GROUP
LOAD C:/ST/STM32CubeIDE_1.15.1/STM32CubeIDE/plugins/com.st.stm32cube.ide.mcu.externaltools.gnu-tools-for-stm32.12.3.rel1.win32_1.0.200.202406191623/tools/bin/../lib/gcc/arm-none-eabi/12.3.1/thumb/v7e-m+fp/hard\libgcc.a
LOAD C:/ST/STM32CubeIDE_1.15.1/STM32CubeIDE/plugins/com.st.stm32cube.ide.mcu.externaltools.gnu-tools-for-stm32.12.3.rel1.win32_1.0.200.202406191623/tools/bin/../lib/gcc/arm-none-eabi/12.3.1/../../../../arm-none-eabi/lib/thumb/v7e-m+fp/hard\libc_nano.a
LOAD C:/ST/STM32CubeIDE_1.15.1/STM32CubeIDE/plugins/com.st.stm32cube.ide.mcu.externaltools.gnu-tools-for-stm32.12.3.rel1.win32_1.0.200.202406191623/tools/bin/../lib/gcc/arm-none-eabi/12.3.1/../../../../arm-none-eabi/lib/thumb/v7e-m+fp/hard\libnosys.a
END GROUP
LOAD C:/ST/STM32CubeIDE_1.15.1/STM32CubeIDE/plugins/com.st.stm32cube.ide.mcu.externaltools.gnu-tools-for-stm32.12.3.rel1.win32_1.0.200.202406191623/tools/bin/../lib/gcc/arm-none-eabi/12.3.1/thumb/v7e-m+fp/hard/crtend.o
LOAD C:/ST/STM32CubeIDE_1.15.1/STM32CubeIDE/plugins/com.st.stm32cube.ide.mcu.externaltools.gnu-tools-for-stm32.12.3.rel1.win32_1.0.200.202406191623/tools/bin/../lib/gcc/arm-none-eabi/12.3.1/thumb/v7e-m+fp/hard/crtn.o
                0x20020000                        _estack = (ORIGIN (RAM) + LENGTH (RAM))
                0x00000200                        _Min_Heap_Size = 0x200
                0x00000400                        _Min_Stack_Size = 0x400

.isr_vector     0x08000000      0x188
                0x08000000                        . = ALIGN (0x4)
 *(.isr_vector)
 .isr_vector    0x08000000      0x188 ./System/Startup/startup_stm32f407zgtx.o
                0x08000000                g_pfnVectors
                0x08000188                        . = ALIGN (0x4)

.text           0x08000188     0x6060
                0x08000188                        . = ALIGN (0x4)
 *(.text)
 .text          0x08000188       0x40 C:/ST/STM32CubeIDE_1.15.1/STM32CubeIDE/plugins/com.st.stm32cube.ide.mcu.externaltools.gnu-tools-for-stm32.12.3.rel1.win32_1.0.200.202406191623/tools/bin/../lib/gcc/arm-none-eabi/12.3.1/thumb/v7e-m+fp/hard/crtbegin.o
 .text          0x080001c8       0x54 ./uC-CPU/ARM-Cortex-M/ARMv7-M/GNU/cpu_a.o
                0x080001c8                CPU_IntDis
                0x080001cc                CPU_IntEn
                0x080001d0                CPU_SR_Save
                0x080001ec                CPU_SR_Restore
                0x080001fe                CPU_WaitForInt
                0x08000202                CPU_WaitForExcept
                0x08000206                CPU_CntLeadZeros
                0x0800020c                CPU_CntTrailZeros
                0x08000216                CPU_RevBits
 .text          0x0800021c      0x118 ./uC-OS3/Ports/ARM-Cortex-M/ARMv7-M/GNU/os_cpu_a.o
                0x0800021c                OSStartHighRdy
                0x0800029a                OSIntCtxSw
                0x0800029a                OSCtxSw
                0x080002a4                OS_CPU_PendSVHandler
 .text          0x08000334      0x254 C:/ST/STM32CubeIDE_1.15.1/STM32CubeIDE/plugins/com.st.stm32cube.ide.mcu.externaltools.gnu-tools-for-stm32.12.3.rel1.win32_1.0.200.202406191623/tools/bin/../lib/gcc/arm-none-eabi/12.3.1/thumb/v7e-m+fp/hard\libgcc.a(_arm_muldf3.o)
                0x08000334                __muldf3
                0x08000334                __aeabi_dmul
 .text          0x08000588      0x378 C:/ST/STM32CubeIDE_1.15.1/STM32CubeIDE/plugins/com.st.stm32cube.ide.mcu.externaltools.gnu-tools-for-stm32.12.3.rel1.win32_1.0.200.202406191623/tools/bin/../lib/gcc/arm-none-eabi/12.3.1/thumb/v7e-m+fp/hard\libgcc.a(_arm_addsubdf3.o)
                0x08000588                __aeabi_drsub
                0x08000590                __aeabi_dsub
                0x08000590                __subdf3
                0x08000594                __aeabi_dadd
                0x08000594                __adddf3
                0x0800080c                __floatunsidf
                0x0800080c                __aeabi_ui2d
                0x0800082c                __floatsidf
                0x0800082c                __aeabi_i2d
                0x08000850                __aeabi_f2d
                0x08000850                __extendsfdf2
                0x08000894                __floatundidf
                0x08000894                __aeabi_ul2d
                0x080008a4                __floatdidf
                0x080008a4                __aeabi_l2d
 .text          0x08000900       0xa0 C:/ST/STM32CubeIDE_1.15.1/STM32CubeIDE/plugins/com.st.stm32cube.ide.mcu.externaltools.gnu-tools-for-stm32.12.3.rel1.win32_1.0.200.202406191623/tools/bin/../lib/gcc/arm-none-eabi/12.3.1/thumb/v7e-m+fp/hard\libgcc.a(_arm_truncdfsf2.o)
                0x08000900                __truncdfsf2
                0x08000900                __aeabi_d2f
 .text          0x080009a0       0x30 C:/ST/STM32CubeIDE_1.15.1/STM32CubeIDE/plugins/com.st.stm32cube.ide.mcu.externaltools.gnu-tools-for-stm32.12.3.rel1.win32_1.0.200.202406191623/tools/bin/../lib/gcc/arm-none-eabi/12.3.1/thumb/v7e-m+fp/hard\libgcc.a(_aeabi_uldivmod.o)
                0x080009a0                __aeabi_uldivmod
 .text          0x080009d0      0x2bc C:/ST/STM32CubeIDE_1.15.1/STM32CubeIDE/plugins/com.st.stm32cube.ide.mcu.externaltools.gnu-tools-for-stm32.12.3.rel1.win32_1.0.200.202406191623/tools/bin/../lib/gcc/arm-none-eabi/12.3.1/thumb/v7e-m+fp/hard\libgcc.a(_udivmoddi4.o)
                0x080009d0                __udivmoddi4
 .text          0x08000c8c        0x4 C:/ST/STM32CubeIDE_1.15.1/STM32CubeIDE/plugins/com.st.stm32cube.ide.mcu.externaltools.gnu-tools-for-stm32.12.3.rel1.win32_1.0.200.202406191623/tools/bin/../lib/gcc/arm-none-eabi/12.3.1/thumb/v7e-m+fp/hard\libgcc.a(_dvmd_tls.o)
                0x08000c8c                __aeabi_idiv0
                0x08000c8c                __aeabi_ldiv0
 *(.text*)
 .text.motorBobinaTask
                0x08000c90       0xe0 ./App/Src/bobina.o
 .text.HAL_ADC_ConvCpltCallback
                0x08000d70       0x2c ./App/Src/bobina.o
                0x08000d70                HAL_ADC_ConvCpltCallback
 .text.motorBobinaCreateTask
                0x08000d9c       0x50 ./App/Src/bobina.o
                0x08000d9c                motorBobinaCreateTask
 .text.carroTransversalSetDuty
                0x08000dec       0x50 ./App/Src/carroTransversal.o
 .text.carroTransversalDir
                0x08000e3c       0x70 ./App/Src/carroTransversal.o
 .text.carroTransversalHome
                0x08000eac       0x44 ./App/Src/carroTransversal.o
 .text.carroTransversalTask
                0x08000ef0      0x11c ./App/Src/carroTransversal.o
 .text.HAL_GPIO_EXTI_Callback
                0x0800100c      0x11c ./App/Src/carroTransversal.o
                0x0800100c                HAL_GPIO_EXTI_Callback
 .text.carroTransversalCreateTask
                0x08001128       0x54 ./App/Src/carroTransversal.o
                0x08001128                carroTransversalCreateTask
 .text.programStartTask
                0x0800117c       0x5c ./App/Src/main.o
 .text.Error_Handler
                0x080011d8       0x18 ./App/Src/main.o
                0x080011d8                Error_Handler
 .text.main     0x080011f0       0xa0 ./App/Src/main.o
                0x080011f0                main
 .text.SystemClock_Config
                0x08001290       0xb0 ./App/Src/perifericos.o
                0x08001290                SystemClock_Config
 .text.MX_ADC2_Init
                0x08001340       0x74 ./App/Src/perifericos.o
                0x08001340                MX_ADC2_Init
 .text.MX_DAC_Init
                0x080013b4       0x54 ./App/Src/perifericos.o
                0x080013b4                MX_DAC_Init
 .text.MX_TIM1_Init
                0x08001408       0xe4 ./App/Src/perifericos.o
                0x08001408                MX_TIM1_Init
 .text.MX_TIM2_Init
                0x080014ec       0x70 ./App/Src/perifericos.o
                0x080014ec                MX_TIM2_Init
 .text.MX_DMA_Init
                0x0800155c       0x48 ./App/Src/perifericos.o
                0x0800155c                MX_DMA_Init
 .text.MX_GPIO_Init
                0x080015a4      0x1d0 ./App/Src/perifericos.o
                0x080015a4                MX_GPIO_Init
 .text.HAL_MspInit
                0x08001774       0x38 ./App/Src/stm32f4xx_hal_msp.o
                0x08001774                HAL_MspInit
 .text.HAL_ADC_MspInit
                0x080017ac       0xd8 ./App/Src/stm32f4xx_hal_msp.o
                0x080017ac                HAL_ADC_MspInit
 .text.HAL_DAC_MspInit
                0x08001884       0xf8 ./App/Src/stm32f4xx_hal_msp.o
                0x08001884                HAL_DAC_MspInit
 .text.HAL_TIM_Base_MspInit
                0x0800197c       0x50 ./App/Src/stm32f4xx_hal_msp.o
                0x0800197c                HAL_TIM_Base_MspInit
 .text.HAL_TIM_MspPostInit
                0x080019cc       0x5c ./App/Src/stm32f4xx_hal_msp.o
                0x080019cc                HAL_TIM_MspPostInit
 .text.NMI_Handler
                0x08001a28        0x8 ./App/Src/stm32f4xx_it.o
                0x08001a28                NMI_Handler
 .text.HardFault_Handler
                0x08001a30        0x2 ./App/Src/stm32f4xx_it.o
                0x08001a30                HardFault_Handler
 .text.MemManage_Handler
                0x08001a32        0x2 ./App/Src/stm32f4xx_it.o
                0x08001a32                MemManage_Handler
 .text.BusFault_Handler
                0x08001a34        0x2 ./App/Src/stm32f4xx_it.o
                0x08001a34                BusFault_Handler
 .text.UsageFault_Handler
                0x08001a36        0x2 ./App/Src/stm32f4xx_it.o
                0x08001a36                UsageFault_Handler
 .text.SVC_Handler
                0x08001a38        0x2 ./App/Src/stm32f4xx_it.o
                0x08001a38                SVC_Handler
 .text.DebugMon_Handler
                0x08001a3a        0x2 ./App/Src/stm32f4xx_it.o
                0x08001a3a                DebugMon_Handler
 .text.EXTI3_IRQHandler
                0x08001a3c        0xa ./App/Src/stm32f4xx_it.o
                0x08001a3c                EXTI3_IRQHandler
 .text.EXTI15_10_IRQHandler
                0x08001a46       0x14 ./App/Src/stm32f4xx_it.o
                0x08001a46                EXTI15_10_IRQHandler
 *fill*         0x08001a5a        0x2 
 .text.DMA2_Stream2_IRQHandler
                0x08001a5c       0x10 ./App/Src/stm32f4xx_it.o
                0x08001a5c                DMA2_Stream2_IRQHandler
 .text.HAL_InitTick
                0x08001a6c       0x4c ./Drivers/STM32F4xx_HAL_Driver/Src/stm32f4xx_hal.o
                0x08001a6c                HAL_InitTick
 .text.HAL_Init
                0x08001ab8       0x34 ./Drivers/STM32F4xx_HAL_Driver/Src/stm32f4xx_hal.o
                0x08001ab8                HAL_Init
 .text.HAL_GetTick
                0x08001aec        0xc ./Drivers/STM32F4xx_HAL_Driver/Src/stm32f4xx_hal.o
                0x08001aec                HAL_GetTick
 .text.ADC_Init
                0x08001af8      0x134 ./Drivers/STM32F4xx_HAL_Driver/Src/stm32f4xx_hal_adc.o
 .text.HAL_ADC_Init
                0x08001c2c       0x56 ./Drivers/STM32F4xx_HAL_Driver/Src/stm32f4xx_hal_adc.o
                0x08001c2c                HAL_ADC_Init
 *fill*         0x08001c82        0x2 
 .text.HAL_ADC_Start_DMA
                0x08001c84      0x19c ./Drivers/STM32F4xx_HAL_Driver/Src/stm32f4xx_hal_adc.o
                0x08001c84                HAL_ADC_Start_DMA
 .text.HAL_ADC_ConvHalfCpltCallback
                0x08001e20        0x2 ./Drivers/STM32F4xx_HAL_Driver/Src/stm32f4xx_hal_adc.o
                0x08001e20                HAL_ADC_ConvHalfCpltCallback
 .text.ADC_DMAHalfConvCplt
                0x08001e22        0xa ./Drivers/STM32F4xx_HAL_Driver/Src/stm32f4xx_hal_adc.o
 .text.HAL_ADC_ErrorCallback
                0x08001e2c        0x2 ./Drivers/STM32F4xx_HAL_Driver/Src/stm32f4xx_hal_adc.o
                0x08001e2c                HAL_ADC_ErrorCallback
 .text.ADC_DMAError
                0x08001e2e       0x16 ./Drivers/STM32F4xx_HAL_Driver/Src/stm32f4xx_hal_adc.o
 .text.ADC_DMAConvCplt
                0x08001e44       0x72 ./Drivers/STM32F4xx_HAL_Driver/Src/stm32f4xx_hal_adc.o
 *fill*         0x08001eb6        0x2 
 .text.HAL_ADC_ConfigChannel
                0x08001eb8      0x194 ./Drivers/STM32F4xx_HAL_Driver/Src/stm32f4xx_hal_adc.o
                0x08001eb8                HAL_ADC_ConfigChannel
 .text.__NVIC_EnableIRQ
                0x0800204c       0x1c ./Drivers/STM32F4xx_HAL_Driver/Src/stm32f4xx_hal_cortex.o
 .text.__NVIC_SetPriority
                0x08002068       0x28 ./Drivers/STM32F4xx_HAL_Driver/Src/stm32f4xx_hal_cortex.o
 .text.NVIC_EncodePriority
                0x08002090       0x3e ./Drivers/STM32F4xx_HAL_Driver/Src/stm32f4xx_hal_cortex.o
 *fill*         0x080020ce        0x2 
 .text.HAL_NVIC_SetPriorityGrouping
                0x080020d0       0x24 ./Drivers/STM32F4xx_HAL_Driver/Src/stm32f4xx_hal_cortex.o
                0x080020d0                HAL_NVIC_SetPriorityGrouping
 .text.HAL_NVIC_SetPriority
                0x080020f4       0x20 ./Drivers/STM32F4xx_HAL_Driver/Src/stm32f4xx_hal_cortex.o
                0x080020f4                HAL_NVIC_SetPriority
 .text.HAL_NVIC_EnableIRQ
                0x08002114        0x8 ./Drivers/STM32F4xx_HAL_Driver/Src/stm32f4xx_hal_cortex.o
                0x08002114                HAL_NVIC_EnableIRQ
 .text.HAL_SYSTICK_Config
                0x0800211c       0x28 ./Drivers/STM32F4xx_HAL_Driver/Src/stm32f4xx_hal_cortex.o
                0x0800211c                HAL_SYSTICK_Config
 .text.HAL_DAC_Init
                0x08002144       0x24 ./Drivers/STM32F4xx_HAL_Driver/Src/stm32f4xx_hal_dac.o
                0x08002144                HAL_DAC_Init
 .text.HAL_DAC_Start_DMA
                0x08002168       0xf0 ./Drivers/STM32F4xx_HAL_Driver/Src/stm32f4xx_hal_dac.o
                0x08002168                HAL_DAC_Start_DMA
 .text.HAL_DAC_ConvCpltCallbackCh1
                0x08002258        0x2 ./Drivers/STM32F4xx_HAL_Driver/Src/stm32f4xx_hal_dac.o
                0x08002258                HAL_DAC_ConvCpltCallbackCh1
 .text.DAC_DMAConvCpltCh1
                0x0800225a       0x10 ./Drivers/STM32F4xx_HAL_Driver/Src/stm32f4xx_hal_dac.o
                0x0800225a                DAC_DMAConvCpltCh1
 .text.HAL_DAC_ConvHalfCpltCallbackCh1
                0x0800226a        0x2 ./Drivers/STM32F4xx_HAL_Driver/Src/stm32f4xx_hal_dac.o
                0x0800226a                HAL_DAC_ConvHalfCpltCallbackCh1
 .text.DAC_DMAHalfConvCpltCh1
                0x0800226c        0xa ./Drivers/STM32F4xx_HAL_Driver/Src/stm32f4xx_hal_dac.o
                0x0800226c                DAC_DMAHalfConvCpltCh1
 .text.HAL_DAC_ErrorCallbackCh1
                0x08002276        0x2 ./Drivers/STM32F4xx_HAL_Driver/Src/stm32f4xx_hal_dac.o
                0x08002276                HAL_DAC_ErrorCallbackCh1
 .text.DAC_DMAErrorCh1
                0x08002278       0x18 ./Drivers/STM32F4xx_HAL_Driver/Src/stm32f4xx_hal_dac.o
                0x08002278                DAC_DMAErrorCh1
 .text.HAL_DAC_ConfigChannel
                0x08002290       0x62 ./Drivers/STM32F4xx_HAL_Driver/Src/stm32f4xx_hal_dac.o
                0x08002290                HAL_DAC_ConfigChannel
 .text.HAL_DACEx_ConvCpltCallbackCh2
                0x080022f2        0x2 ./Drivers/STM32F4xx_HAL_Driver/Src/stm32f4xx_hal_dac_ex.o
                0x080022f2                HAL_DACEx_ConvCpltCallbackCh2
 .text.HAL_DACEx_ConvHalfCpltCallbackCh2
                0x080022f4        0x2 ./Drivers/STM32F4xx_HAL_Driver/Src/stm32f4xx_hal_dac_ex.o
                0x080022f4                HAL_DACEx_ConvHalfCpltCallbackCh2
 .text.HAL_DACEx_ErrorCallbackCh2
                0x080022f6        0x2 ./Drivers/STM32F4xx_HAL_Driver/Src/stm32f4xx_hal_dac_ex.o
                0x080022f6                HAL_DACEx_ErrorCallbackCh2
 .text.DAC_DMAConvCpltCh2
                0x080022f8       0x10 ./Drivers/STM32F4xx_HAL_Driver/Src/stm32f4xx_hal_dac_ex.o
                0x080022f8                DAC_DMAConvCpltCh2
 .text.DAC_DMAHalfConvCpltCh2
                0x08002308        0xa ./Drivers/STM32F4xx_HAL_Driver/Src/stm32f4xx_hal_dac_ex.o
                0x08002308                DAC_DMAHalfConvCpltCh2
 .text.DAC_DMAErrorCh2
                0x08002312       0x18 ./Drivers/STM32F4xx_HAL_Driver/Src/stm32f4xx_hal_dac_ex.o
                0x08002312                DAC_DMAErrorCh2
 .text.DMA_SetConfig
                0x0800232a       0x2c ./Drivers/STM32F4xx_HAL_Driver/Src/stm32f4xx_hal_dma.o
 *fill*         0x08002356        0x2 
 .text.DMA_CalcBaseAndBitshift
                0x08002358       0x44 ./Drivers/STM32F4xx_HAL_Driver/Src/stm32f4xx_hal_dma.o
 .text.DMA_CheckFifoParam
                0x0800239c       0x8e ./Drivers/STM32F4xx_HAL_Driver/Src/stm32f4xx_hal_dma.o
 *fill*         0x0800242a        0x2 
 .text.HAL_DMA_Init
                0x0800242c       0xcc ./Drivers/STM32F4xx_HAL_Driver/Src/stm32f4xx_hal_dma.o
                0x0800242c                HAL_DMA_Init
 .text.HAL_DMA_Start_IT
                0x080024f8       0x6a ./Drivers/STM32F4xx_HAL_Driver/Src/stm32f4xx_hal_dma.o
                0x080024f8                HAL_DMA_Start_IT
 *fill*         0x08002562        0x2 
 .text.HAL_DMA_IRQHandler
                0x08002564      0x1dc ./Drivers/STM32F4xx_HAL_Driver/Src/stm32f4xx_hal_dma.o
                0x08002564                HAL_DMA_IRQHandler
 .text.HAL_GPIO_Init
                0x08002740      0x1ec ./Drivers/STM32F4xx_HAL_Driver/Src/stm32f4xx_hal_gpio.o
                0x08002740                HAL_GPIO_Init
 .text.HAL_GPIO_ReadPin
                0x0800292c        0xe ./Drivers/STM32F4xx_HAL_Driver/Src/stm32f4xx_hal_gpio.o
                0x0800292c                HAL_GPIO_ReadPin
 .text.HAL_GPIO_WritePin
                0x0800293a        0xc ./Drivers/STM32F4xx_HAL_Driver/Src/stm32f4xx_hal_gpio.o
                0x0800293a                HAL_GPIO_WritePin
 .text.HAL_GPIO_TogglePin
                0x08002946       0x12 ./Drivers/STM32F4xx_HAL_Driver/Src/stm32f4xx_hal_gpio.o
                0x08002946                HAL_GPIO_TogglePin
 .text.HAL_GPIO_EXTI_IRQHandler
                0x08002958       0x1c ./Drivers/STM32F4xx_HAL_Driver/Src/stm32f4xx_hal_gpio.o
                0x08002958                HAL_GPIO_EXTI_IRQHandler
 .text.HAL_RCC_OscConfig
                0x08002974      0x3f8 ./Drivers/STM32F4xx_HAL_Driver/Src/stm32f4xx_hal_rcc.o
                0x08002974                HAL_RCC_OscConfig
 .text.HAL_RCC_EnableCSS
                0x08002d6c        0xc ./Drivers/STM32F4xx_HAL_Driver/Src/stm32f4xx_hal_rcc.o
                0x08002d6c                HAL_RCC_EnableCSS
 .text.HAL_RCC_GetSysClockFreq
                0x08002d78       0xa8 ./Drivers/STM32F4xx_HAL_Driver/Src/stm32f4xx_hal_rcc.o
                0x08002d78                HAL_RCC_GetSysClockFreq
 .text.HAL_RCC_ClockConfig
                0x08002e20      0x160 ./Drivers/STM32F4xx_HAL_Driver/Src/stm32f4xx_hal_rcc.o
                0x08002e20                HAL_RCC_ClockConfig
 .text.HAL_RCC_CSSCallback
                0x08002f80        0x2 ./Drivers/STM32F4xx_HAL_Driver/Src/stm32f4xx_hal_rcc.o
                0x08002f80                HAL_RCC_CSSCallback
 *fill*         0x08002f82        0x2 
 .text.HAL_RCC_NMI_IRQHandler
                0x08002f84       0x20 ./Drivers/STM32F4xx_HAL_Driver/Src/stm32f4xx_hal_rcc.o
                0x08002f84                HAL_RCC_NMI_IRQHandler
 .text.TIM_OC1_SetConfig
                0x08002fa4       0x70 ./Drivers/STM32F4xx_HAL_Driver/Src/stm32f4xx_hal_tim.o
 .text.TIM_OC3_SetConfig
                0x08003014       0x70 ./Drivers/STM32F4xx_HAL_Driver/Src/stm32f4xx_hal_tim.o
 .text.TIM_OC4_SetConfig
                0x08003084       0x50 ./Drivers/STM32F4xx_HAL_Driver/Src/stm32f4xx_hal_tim.o
 .text.TIM_TI1_ConfigInputStage
                0x080030d4       0x26 ./Drivers/STM32F4xx_HAL_Driver/Src/stm32f4xx_hal_tim.o
 .text.TIM_TI2_ConfigInputStage
                0x080030fa       0x28 ./Drivers/STM32F4xx_HAL_Driver/Src/stm32f4xx_hal_tim.o
 .text.TIM_ITRx_SetConfig
                0x08003122       0x10 ./Drivers/STM32F4xx_HAL_Driver/Src/stm32f4xx_hal_tim.o
 *fill*         0x08003132        0x2 
 .text.HAL_TIM_Base_Start
                0x08003134       0x7c ./Drivers/STM32F4xx_HAL_Driver/Src/stm32f4xx_hal_tim.o
                0x08003134                HAL_TIM_Base_Start
 .text.HAL_TIM_PWM_MspInit
                0x080031b0        0x2 ./Drivers/STM32F4xx_HAL_Driver/Src/stm32f4xx_hal_tim.o
                0x080031b0                HAL_TIM_PWM_MspInit
 *fill*         0x080031b2        0x2 
 .text.TIM_Base_SetConfig
                0x080031b4       0xd8 ./Drivers/STM32F4xx_HAL_Driver/Src/stm32f4xx_hal_tim.o
                0x080031b4                TIM_Base_SetConfig
 .text.HAL_TIM_Base_Init
                0x0800328c       0x58 ./Drivers/STM32F4xx_HAL_Driver/Src/stm32f4xx_hal_tim.o
                0x0800328c                HAL_TIM_Base_Init
 .text.HAL_TIM_PWM_Init
                0x080032e4       0x58 ./Drivers/STM32F4xx_HAL_Driver/Src/stm32f4xx_hal_tim.o
                0x080032e4                HAL_TIM_PWM_Init
 .text.TIM_OC2_SetConfig
                0x0800333c       0x70 ./Drivers/STM32F4xx_HAL_Driver/Src/stm32f4xx_hal_tim.o
                0x0800333c                TIM_OC2_SetConfig
 .text.HAL_TIM_PWM_ConfigChannel
                0x080033ac       0xdc ./Drivers/STM32F4xx_HAL_Driver/Src/stm32f4xx_hal_tim.o
                0x080033ac                HAL_TIM_PWM_ConfigChannel
 .text.TIM_ETR_SetConfig
                0x08003488       0x1a ./Drivers/STM32F4xx_HAL_Driver/Src/stm32f4xx_hal_tim.o
                0x08003488                TIM_ETR_SetConfig
 .text.HAL_TIM_ConfigClockSource
                0x080034a2       0xfe ./Drivers/STM32F4xx_HAL_Driver/Src/stm32f4xx_hal_tim.o
                0x080034a2                HAL_TIM_ConfigClockSource
 .text.TIM_CCxChannelCmd
                0x080035a0       0x1e ./Drivers/STM32F4xx_HAL_Driver/Src/stm32f4xx_hal_tim.o
                0x080035a0                TIM_CCxChannelCmd
 *fill*         0x080035be        0x2 
 .text.HAL_TIM_PWM_Start
                0x080035c0      0x104 ./Drivers/STM32F4xx_HAL_Driver/Src/stm32f4xx_hal_tim.o
                0x080035c0                HAL_TIM_PWM_Start
 .text.HAL_TIMEx_MasterConfigSynchronization
                0x080036c4       0x8c ./Drivers/STM32F4xx_HAL_Driver/Src/stm32f4xx_hal_tim_ex.o
                0x080036c4                HAL_TIMEx_MasterConfigSynchronization
 .text.HAL_TIMEx_ConfigBreakDeadTime
                0x08003750       0x52 ./Drivers/STM32F4xx_HAL_Driver/Src/stm32f4xx_hal_tim_ex.o
                0x08003750                HAL_TIMEx_ConfigBreakDeadTime
 *fill*         0x080037a2        0x2 
 .text.Reset_Handler
                0x080037a4       0x50 ./System/Startup/startup_stm32f407zgtx.o
                0x080037a4                Reset_Handler
 .text.Default_Handler
                0x080037f4        0x2 ./System/Startup/startup_stm32f407zgtx.o
                0x080037f4                RTC_Alarm_IRQHandler
                0x080037f4                HASH_RNG_IRQHandler
                0x080037f4                EXTI2_IRQHandler
                0x080037f4                TIM8_CC_IRQHandler
                0x080037f4                TIM1_CC_IRQHandler
                0x080037f4                DMA2_Stream5_IRQHandler
                0x080037f4                DMA1_Stream5_IRQHandler
                0x080037f4                PVD_IRQHandler
                0x080037f4                SDIO_IRQHandler
                0x080037f4                TAMP_STAMP_IRQHandler
                0x080037f4                CAN2_RX1_IRQHandler
                0x080037f4                TIM8_TRG_COM_TIM14_IRQHandler
                0x080037f4                TIM1_UP_TIM10_IRQHandler
                0x080037f4                TIM8_UP_TIM13_IRQHandler
                0x080037f4                I2C3_ER_IRQHandler
                0x080037f4                EXTI0_IRQHandler
                0x080037f4                I2C2_EV_IRQHandler
                0x080037f4                DMA1_Stream2_IRQHandler
                0x080037f4                CAN1_RX0_IRQHandler
                0x080037f4                FPU_IRQHandler
                0x080037f4                OTG_HS_WKUP_IRQHandler
                0x080037f4                CAN2_SCE_IRQHandler
                0x080037f4                SPI1_IRQHandler
                0x080037f4                TIM6_DAC_IRQHandler
                0x080037f4                TIM1_BRK_TIM9_IRQHandler
                0x080037f4                DCMI_IRQHandler
                0x080037f4                CAN2_RX0_IRQHandler
                0x080037f4                DMA2_Stream3_IRQHandler
                0x080037f4                USART6_IRQHandler
                0x080037f4                USART3_IRQHandler
                0x080037f4                CAN1_RX1_IRQHandler
                0x080037f4                UART5_IRQHandler
                0x080037f4                DMA2_Stream0_IRQHandler
                0x080037f4                TIM4_IRQHandler
                0x080037f4                I2C1_EV_IRQHandler
                0x080037f4                DMA1_Stream6_IRQHandler
                0x080037f4                DMA1_Stream1_IRQHandler
                0x080037f4                UART4_IRQHandler
                0x080037f4                TIM3_IRQHandler
                0x080037f4                RCC_IRQHandler
                0x080037f4                TIM8_BRK_TIM12_IRQHandler
                0x080037f4                Default_Handler
                0x080037f4                ADC_IRQHandler
                0x080037f4                DMA1_Stream7_IRQHandler
                0x080037f4                TIM7_IRQHandler
                0x080037f4                CAN2_TX_IRQHandler
                0x080037f4                TIM5_IRQHandler
                0x080037f4                DMA2_Stream7_IRQHandler
                0x080037f4                I2C3_EV_IRQHandler
                0x080037f4                EXTI9_5_IRQHandler
                0x080037f4                RTC_WKUP_IRQHandler
                0x080037f4                ETH_WKUP_IRQHandler
                0x080037f4                SPI2_IRQHandler
                0x080037f4                OTG_HS_EP1_IN_IRQHandler
                0x080037f4                DMA1_Stream0_IRQHandler
                0x080037f4                CAN1_TX_IRQHandler
                0x080037f4                EXTI4_IRQHandler
                0x080037f4                FSMC_IRQHandler
                0x080037f4                ETH_IRQHandler
                0x080037f4                OTG_HS_EP1_OUT_IRQHandler
                0x080037f4                WWDG_IRQHandler
                0x080037f4                TIM2_IRQHandler
                0x080037f4                OTG_FS_WKUP_IRQHandler
                0x080037f4                TIM1_TRG_COM_TIM11_IRQHandler
                0x080037f4                OTG_HS_IRQHandler
                0x080037f4                EXTI1_IRQHandler
                0x080037f4                USART2_IRQHandler
                0x080037f4                I2C2_ER_IRQHandler
                0x080037f4                DMA2_Stream1_IRQHandler
                0x080037f4                CAN1_SCE_IRQHandler
                0x080037f4                FLASH_IRQHandler
                0x080037f4                DMA2_Stream4_IRQHandler
                0x080037f4                USART1_IRQHandler
                0x080037f4                OTG_FS_IRQHandler
                0x080037f4                SPI3_IRQHandler
                0x080037f4                DMA1_Stream4_IRQHandler
                0x080037f4                I2C1_ER_IRQHandler
                0x080037f4                DMA2_Stream6_IRQHandler
                0x080037f4                DMA1_Stream3_IRQHandler
 *fill*         0x080037f6        0x2 
 .text.SystemInit
                0x080037f8       0x14 ./System/system_stm32f4xx.o
                0x080037f8                SystemInit
 .text.CPU_DCache_LineSizeGet
                0x0800380c       0x14 ./uC-CPU/Cache/ARM/armv7m_generic_l1/cpu_cache_armv7m_generic_l1.o
 .text.CPU_Cache_Init
                0x08003820       0x10 ./uC-CPU/Cache/ARM/armv7m_generic_l1/cpu_cache_armv7m_generic_l1.o
                0x08003820                CPU_Cache_Init
 .text.CPU_NameClr
                0x08003830       0x20 ./uC-CPU/cpu_core.o
                0x08003830                CPU_NameClr
 .text.CPU_NameInit
                0x08003850        0x8 ./uC-CPU/cpu_core.o
 .text.CPU_Init
                0x08003858        0xc ./uC-CPU/cpu_core.o
                0x08003858                CPU_Init
 .text.Mem_Set  0x08003864       0x4a ./uC-LIB/lib_mem.o
                0x08003864                Mem_Set
 .text.Mem_Clr  0x080038ae        0xc ./uC-LIB/lib_mem.o
                0x080038ae                Mem_Clr
 *fill*         0x080038ba        0x2 
 .text.OSIdleTaskHook
                0x080038bc       0x10 ./uC-OS3/Ports/ARM-Cortex-M/ARMv7-M/os_cpu_c.o
                0x080038bc                OSIdleTaskHook
 .text.OSInitHook
                0x080038cc       0x44 ./uC-OS3/Ports/ARM-Cortex-M/ARMv7-M/os_cpu_c.o
                0x080038cc                OSInitHook
 .text.OSStatTaskHook
                0x08003910       0x10 ./uC-OS3/Ports/ARM-Cortex-M/ARMv7-M/os_cpu_c.o
                0x08003910                OSStatTaskHook
 .text.OSTaskCreateHook
                0x08003920       0x10 ./uC-OS3/Ports/ARM-Cortex-M/ARMv7-M/os_cpu_c.o
                0x08003920                OSTaskCreateHook
 .text.OSTaskDelHook
                0x08003930       0x10 ./uC-OS3/Ports/ARM-Cortex-M/ARMv7-M/os_cpu_c.o
                0x08003930                OSTaskDelHook
 .text.OSTaskReturnHook
                0x08003940       0x10 ./uC-OS3/Ports/ARM-Cortex-M/ARMv7-M/os_cpu_c.o
                0x08003940                OSTaskReturnHook
 .text.OSTaskStkInit
                0x08003950       0x94 ./uC-OS3/Ports/ARM-Cortex-M/ARMv7-M/os_cpu_c.o
                0x08003950                OSTaskStkInit
 .text.OSTaskSwHook
                0x080039e4       0x40 ./uC-OS3/Ports/ARM-Cortex-M/ARMv7-M/os_cpu_c.o
                0x080039e4                OSTaskSwHook
 .text.OSTimeTickHook
                0x08003a24       0x10 ./uC-OS3/Ports/ARM-Cortex-M/ARMv7-M/os_cpu_c.o
                0x08003a24                OSTimeTickHook
 .text.OS_CPU_SysTickHandler
                0x08003a34       0x1e ./uC-OS3/Ports/ARM-Cortex-M/ARMv7-M/os_cpu_c.o
                0x08003a34                OS_CPU_SysTickHandler
 .text.OSCfg_Init
                0x08003a52        0x2 ./uC-OS3/Source/os_cfg_app.o
                0x08003a52                OSCfg_Init
 .text.OS_IdleTask
                0x08003a54       0x2c ./uC-OS3/Source/os_core.o
                0x08003a54                OS_IdleTask
 .text.OSIntEnter
                0x08003a80       0x20 ./uC-OS3/Source/os_core.o
                0x08003a80                OSIntEnter
 .text.OSIntExit
                0x08003aa0       0xa0 ./uC-OS3/Source/os_core.o
                0x08003aa0                OSIntExit
 .text.OSSched  0x08003b40       0x88 ./uC-OS3/Source/os_core.o
                0x08003b40                OSSched
 .text.OSStart  0x08003bc8       0x84 ./uC-OS3/Source/os_core.o
                0x08003bc8                OSStart
 .text.OS_IdleTaskInit
                0x08003c4c       0x58 ./uC-OS3/Source/os_core.o
                0x08003c4c                OS_IdleTaskInit
 .text.OS_PendDbgNameAdd
                0x08003ca4       0x40 ./uC-OS3/Source/os_core.o
                0x08003ca4                OS_PendDbgNameAdd
 .text.OS_PendDbgNameRemove
                0x08003ce4       0x1c ./uC-OS3/Source/os_core.o
                0x08003ce4                OS_PendDbgNameRemove
 .text.OS_PendListInit
                0x08003d00        0xa ./uC-OS3/Source/os_core.o
                0x08003d00                OS_PendListInit
 .text.OS_PendListInsertPrio
                0x08003d0a       0x54 ./uC-OS3/Source/os_core.o
                0x08003d0a                OS_PendListInsertPrio
 .text.OS_PendListRemove
                0x08003d5e       0x3c ./uC-OS3/Source/os_core.o
                0x08003d5e                OS_PendListRemove
 .text.OS_PendListChangePrio
                0x08003d9a       0x20 ./uC-OS3/Source/os_core.o
                0x08003d9a                OS_PendListChangePrio
 *fill*         0x08003dba        0x2 
 .text.OS_RdyListInit
                0x08003dbc       0x2c ./uC-OS3/Source/os_core.o
                0x08003dbc                OS_RdyListInit
 .text.OSInit   0x08003de8      0x178 ./uC-OS3/Source/os_core.o
                0x08003de8                OSInit
 .text.OS_RdyListInsertHead
                0x08003f60       0x5c ./uC-OS3/Source/os_core.o
                0x08003f60                OS_RdyListInsertHead
 .text.OS_RdyListInsertTail
                0x08003fbc       0x68 ./uC-OS3/Source/os_core.o
                0x08003fbc                OS_RdyListInsertTail
 .text.OS_RdyListInsert
                0x08004024       0x2c ./uC-OS3/Source/os_core.o
                0x08004024                OS_RdyListInsert
 .text.OS_Post  0x08004050       0x90 ./uC-OS3/Source/os_core.o
                0x08004050                OS_Post
 .text.OS_RdyListMoveHeadToTail
                0x080040e0       0x36 ./uC-OS3/Source/os_core.o
                0x080040e0                OS_RdyListMoveHeadToTail
 *fill*         0x08004116        0x2 
 .text.OS_RdyListRemove
                0x08004118       0x78 ./uC-OS3/Source/os_core.o
                0x08004118                OS_RdyListRemove
 .text.OS_SchedRoundRobin
                0x08004190       0x8c ./uC-OS3/Source/os_core.o
                0x08004190                OS_SchedRoundRobin
 .text.OS_TaskBlock
                0x0800421c       0x2c ./uC-OS3/Source/os_core.o
                0x0800421c                OS_TaskBlock
 .text.OS_Pend  0x08004248       0x36 ./uC-OS3/Source/os_core.o
                0x08004248                OS_Pend
 *fill*         0x0800427e        0x2 
 .text.OS_Dbg_Init
                0x08004280      0x234 ./uC-OS3/Source/os_dbg.o
                0x08004280                OS_Dbg_Init
 .text.OS_FlagBlock
                0x080044b4       0x24 ./uC-OS3/Source/os_flag.o
                0x080044b4                OS_FlagBlock
 .text.OSFlagPend
                0x080044d8      0x3ec ./uC-OS3/Source/os_flag.o
                0x080044d8                OSFlagPend
 .text.OS_FlagDbgListAdd
                0x080048c4       0x24 ./uC-OS3/Source/os_flag.o
                0x080048c4                OS_FlagDbgListAdd
 .text.OSFlagCreate
                0x080048e8       0x78 ./uC-OS3/Source/os_flag.o
                0x080048e8                OSFlagCreate
 .text.OS_FlagTaskRdy
                0x08004960       0x58 ./uC-OS3/Source/os_flag.o
                0x08004960                OS_FlagTaskRdy
 .text.OSFlagPost
                0x080049b8      0x15c ./uC-OS3/Source/os_flag.o
                0x080049b8                OSFlagPost
 .text.OS_MemInit
                0x08004b14       0x18 ./uC-OS3/Source/os_mem.o
                0x08004b14                OS_MemInit
 .text.OS_MsgPoolInit
                0x08004b2c       0x68 ./uC-OS3/Source/os_msg.o
                0x08004b2c                OS_MsgPoolInit
 .text.OS_MsgQFreeAll
                0x08004b94       0x40 ./uC-OS3/Source/os_msg.o
                0x08004b94                OS_MsgQFreeAll
 .text.OS_MsgQInit
                0x08004bd4        0xe ./uC-OS3/Source/os_msg.o
                0x08004bd4                OS_MsgQInit
 *fill*         0x08004be2        0x2 
 .text.OS_MutexDbgListAdd
                0x08004be4       0x24 ./uC-OS3/Source/os_mutex.o
                0x08004be4                OS_MutexDbgListAdd
 .text.OSMutexCreate
                0x08004c08       0x78 ./uC-OS3/Source/os_mutex.o
                0x08004c08                OSMutexCreate
 .text.OS_MutexGrpAdd
                0x08004c80        0x8 ./uC-OS3/Source/os_mutex.o
                0x08004c80                OS_MutexGrpAdd
 .text.OSMutexPend
                0x08004c88      0x174 ./uC-OS3/Source/os_mutex.o
                0x08004c88                OSMutexPend
 .text.OS_MutexGrpRemove
                0x08004dfc       0x14 ./uC-OS3/Source/os_mutex.o
                0x08004dfc                OS_MutexGrpRemove
 .text.OS_MutexGrpPrioFindHighest
                0x08004e10       0x22 ./uC-OS3/Source/os_mutex.o
                0x08004e10                OS_MutexGrpPrioFindHighest
 .text.OS_MutexGrpPostAll
                0x08004e32       0x4a ./uC-OS3/Source/os_mutex.o
                0x08004e32                OS_MutexGrpPostAll
 .text.OS_PrioInit
                0x08004e7c       0x18 ./uC-OS3/Source/os_prio.o
                0x08004e7c                OS_PrioInit
 .text.OS_PrioGetHighest
                0x08004e94       0x14 ./uC-OS3/Source/os_prio.o
                0x08004e94                OS_PrioGetHighest
 .text.OS_PrioInsert
                0x08004ea8       0x14 ./uC-OS3/Source/os_prio.o
                0x08004ea8                OS_PrioInsert
 .text.OS_PrioRemove
                0x08004ebc       0x18 ./uC-OS3/Source/os_prio.o
                0x08004ebc                OS_PrioRemove
 .text.OSStatReset
                0x08004ed4       0x94 ./uC-OS3/Source/os_stat.o
                0x08004ed4                OSStatReset
 .text.OS_StatTask
                0x08004f68      0x254 ./uC-OS3/Source/os_stat.o
                0x08004f68                OS_StatTask
 .text.OS_StatTaskInit
                0x080051bc       0xb8 ./uC-OS3/Source/os_stat.o
                0x080051bc                OS_StatTaskInit
 .text.OSTaskStkChk
                0x08005274       0xa4 ./uC-OS3/Source/os_task.o
                0x08005274                OSTaskStkChk
 .text.OS_TaskDbgListAdd
                0x08005318       0x24 ./uC-OS3/Source/os_task.o
                0x08005318                OS_TaskDbgListAdd
 .text.OS_TaskDbgListRemove
                0x0800533c       0x44 ./uC-OS3/Source/os_task.o
                0x0800533c                OS_TaskDbgListRemove
 .text.OS_TaskInit
                0x08005380       0x20 ./uC-OS3/Source/os_task.o
                0x08005380                OS_TaskInit
 .text.OS_TaskInitTCB
                0x080053a0       0xc4 ./uC-OS3/Source/os_task.o
                0x080053a0                OS_TaskInitTCB
 .text.OSTaskCreate
                0x08005464      0x1b0 ./uC-OS3/Source/os_task.o
                0x08005464                OSTaskCreate
 .text.OS_TaskChangePrio
                0x08005614       0xe8 ./uC-OS3/Source/os_task.o
                0x08005614                OS_TaskChangePrio
 .text.OSTaskDel
                0x080056fc      0x158 ./uC-OS3/Source/os_task.o
                0x080056fc                OSTaskDel
 .text.OS_TaskReturn
                0x08005854       0x20 ./uC-OS3/Source/os_task.o
                0x08005854                OS_TaskReturn
 .text.OS_TickListUpdate
                0x08005874      0x10c ./uC-OS3/Source/os_tick.o
 .text.OS_TickInit
                0x08005980       0x1c ./uC-OS3/Source/os_tick.o
                0x08005980                OS_TickInit
 .text.OS_TickUpdate
                0x0800599c       0x28 ./uC-OS3/Source/os_tick.o
                0x0800599c                OS_TickUpdate
 .text.OS_TickListInsert
                0x080059c4       0xac ./uC-OS3/Source/os_tick.o
                0x080059c4                OS_TickListInsert
 .text.OS_TickListInsertDly
                0x08005a70       0x6c ./uC-OS3/Source/os_tick.o
                0x08005a70                OS_TickListInsertDly
 .text.OS_TickListRemove
                0x08005adc       0x58 ./uC-OS3/Source/os_tick.o
                0x08005adc                OS_TickListRemove
 .text.OSTimeDly
                0x08005b34       0x94 ./uC-OS3/Source/os_time.o
                0x08005b34                OSTimeDly
 .text.OSTimeDlyHMSM
                0x08005bc8      0x134 ./uC-OS3/Source/os_time.o
                0x08005bc8                OSTimeDlyHMSM
 .text.OSTimeTick
                0x08005cfc       0x38 ./uC-OS3/Source/os_time.o
                0x08005cfc                OSTimeTick
 .text.OS_TmrLock
                0x08005d34       0x20 ./uC-OS3/Source/os_tmr.o
 .text.OS_TmrCondCreate
                0x08005d54       0x30 ./uC-OS3/Source/os_tmr.o
 .text.OS_TmrCondSignal
                0x08005d84       0x38 ./uC-OS3/Source/os_tmr.o
 .text.OS_TmrCondWait
                0x08005dbc       0xdc ./uC-OS3/Source/os_tmr.o
 .text.OS_TmrInit
                0x08005e98       0xdc ./uC-OS3/Source/os_tmr.o
                0x08005e98                OS_TmrInit
 .text.OS_TmrLink
                0x08005f74       0x9c ./uC-OS3/Source/os_tmr.o
                0x08005f74                OS_TmrLink
 .text.OS_TmrUnlink
                0x08006010       0xa4 ./uC-OS3/Source/os_tmr.o
                0x08006010                OS_TmrUnlink
 .text.OS_TmrTask
                0x080060b4       0xc4 ./uC-OS3/Source/os_tmr.o
                0x080060b4                OS_TmrTask
 .text.memset   0x08006178       0x10 C:/ST/STM32CubeIDE_1.15.1/STM32CubeIDE/plugins/com.st.stm32cube.ide.mcu.externaltools.gnu-tools-for-stm32.12.3.rel1.win32_1.0.200.202406191623/tools/bin/../lib/gcc/arm-none-eabi/12.3.1/../../../../arm-none-eabi/lib/thumb/v7e-m+fp/hard\libc_nano.a(libc_a-memset.o)
                0x08006178                memset
 .text.__libc_init_array
                0x08006188       0x48 C:/ST/STM32CubeIDE_1.15.1/STM32CubeIDE/plugins/com.st.stm32cube.ide.mcu.externaltools.gnu-tools-for-stm32.12.3.rel1.win32_1.0.200.202406191623/tools/bin/../lib/gcc/arm-none-eabi/12.3.1/../../../../arm-none-eabi/lib/thumb/v7e-m+fp/hard\libc_nano.a(libc_a-init.o)
                0x08006188                __libc_init_array
 *(.glue_7)
 .glue_7        0x080061d0        0x0 linker stubs
 *(.glue_7t)
 .glue_7t       0x080061d0        0x0 linker stubs
 *(.eh_frame)
 .eh_frame      0x080061d0        0x0 C:/ST/STM32CubeIDE_1.15.1/STM32CubeIDE/plugins/com.st.stm32cube.ide.mcu.externaltools.gnu-tools-for-stm32.12.3.rel1.win32_1.0.200.202406191623/tools/bin/../lib/gcc/arm-none-eabi/12.3.1/thumb/v7e-m+fp/hard/crtbegin.o
 *(.init)
 .init          0x080061d0        0x4 C:/ST/STM32CubeIDE_1.15.1/STM32CubeIDE/plugins/com.st.stm32cube.ide.mcu.externaltools.gnu-tools-for-stm32.12.3.rel1.win32_1.0.200.202406191623/tools/bin/../lib/gcc/arm-none-eabi/12.3.1/thumb/v7e-m+fp/hard/crti.o
                0x080061d0                _init
 .init          0x080061d4        0x8 C:/ST/STM32CubeIDE_1.15.1/STM32CubeIDE/plugins/com.st.stm32cube.ide.mcu.externaltools.gnu-tools-for-stm32.12.3.rel1.win32_1.0.200.202406191623/tools/bin/../lib/gcc/arm-none-eabi/12.3.1/thumb/v7e-m+fp/hard/crtn.o
 *(.fini)
 .fini          0x080061dc        0x4 C:/ST/STM32CubeIDE_1.15.1/STM32CubeIDE/plugins/com.st.stm32cube.ide.mcu.externaltools.gnu-tools-for-stm32.12.3.rel1.win32_1.0.200.202406191623/tools/bin/../lib/gcc/arm-none-eabi/12.3.1/thumb/v7e-m+fp/hard/crti.o
                0x080061dc                _fini
 .fini          0x080061e0        0x8 C:/ST/STM32CubeIDE_1.15.1/STM32CubeIDE/plugins/com.st.stm32cube.ide.mcu.externaltools.gnu-tools-for-stm32.12.3.rel1.win32_1.0.200.202406191623/tools/bin/../lib/gcc/arm-none-eabi/12.3.1/thumb/v7e-m+fp/hard/crtn.o
                0x080061e8                        . = ALIGN (0x4)
                0x080061e8                        _etext = .

.vfp11_veneer   0x080061e8        0x0
 .vfp11_veneer  0x080061e8        0x0 linker stubs

.v4_bx          0x080061e8        0x0
 .v4_bx         0x080061e8        0x0 linker stubs

.iplt           0x080061e8        0x0
 .iplt          0x080061e8        0x0 C:/ST/STM32CubeIDE_1.15.1/STM32CubeIDE/plugins/com.st.stm32cube.ide.mcu.externaltools.gnu-tools-for-stm32.12.3.rel1.win32_1.0.200.202406191623/tools/bin/../lib/gcc/arm-none-eabi/12.3.1/thumb/v7e-m+fp/hard/crtbegin.o

.rodata         0x080061e8      0x2c0
                0x080061e8                        . = ALIGN (0x4)
 *(.rodata)
 *(.rodata*)
 .rodata.motorBobinaCreateTask.str1.4
                0x080061e8       0x26 ./App/Src/bobina.o
 *fill*         0x0800620e        0x2 
 .rodata.carroTransversalCreateTask.str1.4
                0x08006210       0x31 ./App/Src/carroTransversal.o
 *fill*         0x08006241        0x3 
 .rodata.main.str1.4
                0x08006244       0x31 ./App/Src/main.o
 *fill*         0x08006275        0x3 
 .rodata.flagBitshiftOffset.0
                0x08006278        0x8 ./Drivers/STM32F4xx_HAL_Driver/Src/stm32f4xx_hal_dma.o
 .rodata.AHBPrescTable
                0x08006280       0x10 ./System/system_stm32f4xx.o
                0x08006280                AHBPrescTable
 .rodata.OSCfg_TmrTaskStkSize
                0x08006290        0x4 ./uC-OS3/Source/os_cfg_app.o
                0x08006290                OSCfg_TmrTaskStkSize
 .rodata.OSCfg_TmrTaskStkLimit
                0x08006294        0x4 ./uC-OS3/Source/os_cfg_app.o
                0x08006294                OSCfg_TmrTaskStkLimit
 .rodata.OSCfg_TmrTaskStkBasePtr
                0x08006298        0x4 ./uC-OS3/Source/os_cfg_app.o
                0x08006298                OSCfg_TmrTaskStkBasePtr
 .rodata.OSCfg_TmrTaskRate_Hz
                0x0800629c        0x4 ./uC-OS3/Source/os_cfg_app.o
                0x0800629c                OSCfg_TmrTaskRate_Hz
 .rodata.OSCfg_TmrTaskPrio
                0x080062a0        0x1 ./uC-OS3/Source/os_cfg_app.o
                0x080062a0                OSCfg_TmrTaskPrio
 *fill*         0x080062a1        0x3 
 .rodata.OSCfg_TickRate_Hz
                0x080062a4        0x4 ./uC-OS3/Source/os_cfg_app.o
                0x080062a4                OSCfg_TickRate_Hz
 .rodata.OSCfg_StkSizeMin
                0x080062a8        0x4 ./uC-OS3/Source/os_cfg_app.o
                0x080062a8                OSCfg_StkSizeMin
 .rodata.OSCfg_StatTaskStkSize
                0x080062ac        0x4 ./uC-OS3/Source/os_cfg_app.o
                0x080062ac                OSCfg_StatTaskStkSize
 .rodata.OSCfg_StatTaskStkLimit
                0x080062b0        0x4 ./uC-OS3/Source/os_cfg_app.o
                0x080062b0                OSCfg_StatTaskStkLimit
 .rodata.OSCfg_StatTaskStkBasePtr
                0x080062b4        0x4 ./uC-OS3/Source/os_cfg_app.o
                0x080062b4                OSCfg_StatTaskStkBasePtr
 .rodata.OSCfg_StatTaskRate_Hz
                0x080062b8        0x4 ./uC-OS3/Source/os_cfg_app.o
                0x080062b8                OSCfg_StatTaskRate_Hz
 .rodata.OSCfg_StatTaskPrio
                0x080062bc        0x1 ./uC-OS3/Source/os_cfg_app.o
                0x080062bc                OSCfg_StatTaskPrio
 *fill*         0x080062bd        0x3 
 .rodata.OSCfg_MsgPoolBasePtr
                0x080062c0        0x4 ./uC-OS3/Source/os_cfg_app.o
                0x080062c0                OSCfg_MsgPoolBasePtr
 .rodata.OSCfg_MsgPoolSize
                0x080062c4        0x2 ./uC-OS3/Source/os_cfg_app.o
                0x080062c4                OSCfg_MsgPoolSize
 *fill*         0x080062c6        0x2 
 .rodata.OSCfg_ISRStkSize
                0x080062c8        0x4 ./uC-OS3/Source/os_cfg_app.o
                0x080062c8                OSCfg_ISRStkSize
 .rodata.OSCfg_ISRStkBasePtr
                0x080062cc        0x4 ./uC-OS3/Source/os_cfg_app.o
                0x080062cc                OSCfg_ISRStkBasePtr
 .rodata.OSCfg_IdleTaskStkSize
                0x080062d0        0x4 ./uC-OS3/Source/os_cfg_app.o
                0x080062d0                OSCfg_IdleTaskStkSize
 .rodata.OSCfg_IdleTaskStkLimit
                0x080062d4        0x4 ./uC-OS3/Source/os_cfg_app.o
                0x080062d4                OSCfg_IdleTaskStkLimit
 .rodata.OSCfg_IdleTaskStkBasePtr
                0x080062d8        0x4 ./uC-OS3/Source/os_cfg_app.o
                0x080062d8                OSCfg_IdleTaskStkBasePtr
 .rodata.OS_IdleTaskInit.str1.4
                0x080062dc       0x14 ./uC-OS3/Source/os_core.o
 .rodata.OS_PendDbgNameAdd.str1.4
                0x080062f0       0x16 ./uC-OS3/Source/os_core.o
 *fill*         0x08006306        0x2 
 .rodata.OSDbg_DataSize
                0x08006308        0x4 ./uC-OS3/Source/os_dbg.o
                0x08006308                OSDbg_DataSize
 .rodata.OSDbg_VersionNbr
                0x0800630c        0x2 ./uC-OS3/Source/os_dbg.o
                0x0800630c                OSDbg_VersionNbr
 .rodata.OSDbg_TmrSize
                0x0800630e        0x2 ./uC-OS3/Source/os_dbg.o
                0x0800630e                OSDbg_TmrSize
 .rodata.OSDbg_TmrDelEn
                0x08006310        0x1 ./uC-OS3/Source/os_dbg.o
                0x08006310                OSDbg_TmrDelEn
 .rodata.OSDbg_TmrEn
                0x08006311        0x1 ./uC-OS3/Source/os_dbg.o
                0x08006311                OSDbg_TmrEn
 *fill*         0x08006312        0x2 
 .rodata.OSDbg_Tmr
                0x08006314       0x30 ./uC-OS3/Source/os_dbg.o
                0x08006314                OSDbg_Tmr
 .rodata.OSDbg_TLS_TblSize
                0x08006344        0x2 ./uC-OS3/Source/os_dbg.o
                0x08006344                OSDbg_TLS_TblSize
 .rodata.OSDbg_TimeDlyResumeEn
                0x08006346        0x1 ./uC-OS3/Source/os_dbg.o
                0x08006346                OSDbg_TimeDlyResumeEn
 .rodata.OSDbg_TimeDlyHMSMEn
                0x08006347        0x1 ./uC-OS3/Source/os_dbg.o
                0x08006347                OSDbg_TimeDlyHMSMEn
 .rodata.OSDbg_TickListSize
                0x08006348        0x2 ./uC-OS3/Source/os_dbg.o
                0x08006348                OSDbg_TickListSize
 .rodata.OSDbg_TCBSize
                0x0800634a        0x2 ./uC-OS3/Source/os_dbg.o
                0x0800634a                OSDbg_TCBSize
 .rodata.OSDbg_TaskSuspendEn
                0x0800634c        0x1 ./uC-OS3/Source/os_dbg.o
                0x0800634c                OSDbg_TaskSuspendEn
 .rodata.OSDbg_TaskSemPendAbortEn
                0x0800634d        0x1 ./uC-OS3/Source/os_dbg.o
                0x0800634d                OSDbg_TaskSemPendAbortEn
 .rodata.OSDbg_TaskRegTblSize
                0x0800634e        0x2 ./uC-OS3/Source/os_dbg.o
                0x0800634e                OSDbg_TaskRegTblSize
 .rodata.OSDbg_TaskProfileEn
                0x08006350        0x1 ./uC-OS3/Source/os_dbg.o
                0x08006350                OSDbg_TaskProfileEn
 .rodata.OSDbg_TaskQPendAbortEn
                0x08006351        0x1 ./uC-OS3/Source/os_dbg.o
                0x08006351                OSDbg_TaskQPendAbortEn
 .rodata.OSDbg_TaskQEn
                0x08006352        0x1 ./uC-OS3/Source/os_dbg.o
                0x08006352                OSDbg_TaskQEn
 .rodata.OSDbg_TaskDelEn
                0x08006353        0x1 ./uC-OS3/Source/os_dbg.o
                0x08006353                OSDbg_TaskDelEn
 .rodata.OSDbg_TaskChangePrioEn
                0x08006354        0x1 ./uC-OS3/Source/os_dbg.o
                0x08006354                OSDbg_TaskChangePrioEn
 .rodata.OSDbg_StatTaskStkChkEn
                0x08006355        0x1 ./uC-OS3/Source/os_dbg.o
                0x08006355                OSDbg_StatTaskStkChkEn
 .rodata.OSDbg_StatTaskEn
                0x08006356        0x1 ./uC-OS3/Source/os_dbg.o
                0x08006356                OSDbg_StatTaskEn
 .rodata.OSDbg_StkWidth
                0x08006357        0x1 ./uC-OS3/Source/os_dbg.o
                0x08006357                OSDbg_StkWidth
 .rodata.OSDbg_RdyListSize
                0x08006358        0x4 ./uC-OS3/Source/os_dbg.o
                0x08006358                OSDbg_RdyListSize
 .rodata.OSDbg_RdyList
                0x0800635c        0x2 ./uC-OS3/Source/os_dbg.o
                0x0800635c                OSDbg_RdyList
 .rodata.OSDbg_SemSize
                0x0800635e        0x2 ./uC-OS3/Source/os_dbg.o
                0x0800635e                OSDbg_SemSize
 .rodata.OSDbg_SemSetEn
                0x08006360        0x1 ./uC-OS3/Source/os_dbg.o
                0x08006360                OSDbg_SemSetEn
 .rodata.OSDbg_SemPendAbortEn
                0x08006361        0x1 ./uC-OS3/Source/os_dbg.o
                0x08006361                OSDbg_SemPendAbortEn
 .rodata.OSDbg_SemDelEn
                0x08006362        0x1 ./uC-OS3/Source/os_dbg.o
                0x08006362                OSDbg_SemDelEn
 .rodata.OSDbg_SemEn
                0x08006363        0x1 ./uC-OS3/Source/os_dbg.o
                0x08006363                OSDbg_SemEn
 .rodata.OSDbg_Sem
                0x08006364       0x24 ./uC-OS3/Source/os_dbg.o
                0x08006364                OSDbg_Sem
 .rodata.OSDbg_SchedRoundRobinEn
                0x08006388        0x1 ./uC-OS3/Source/os_dbg.o
                0x08006388                OSDbg_SchedRoundRobinEn
 *fill*         0x08006389        0x1 
 .rodata.OSDbg_QSize
                0x0800638a        0x2 ./uC-OS3/Source/os_dbg.o
                0x0800638a                OSDbg_QSize
 .rodata.OSDbg_QPendAbortEn
                0x0800638c        0x1 ./uC-OS3/Source/os_dbg.o
                0x0800638c                OSDbg_QPendAbortEn
 .rodata.OSDbg_QFlushEn
                0x0800638d        0x1 ./uC-OS3/Source/os_dbg.o
                0x0800638d                OSDbg_QFlushEn
 .rodata.OSDbg_QDelEn
                0x0800638e        0x1 ./uC-OS3/Source/os_dbg.o
                0x0800638e                OSDbg_QDelEn
 .rodata.OSDbg_QEn
                0x0800638f        0x1 ./uC-OS3/Source/os_dbg.o
                0x0800638f                OSDbg_QEn
 .rodata.OSDbg_Q
                0x08006390       0x30 ./uC-OS3/Source/os_dbg.o
                0x08006390                OSDbg_Q
 .rodata.OSDbg_PtrSize
                0x080063c0        0x2 ./uC-OS3/Source/os_dbg.o
                0x080063c0                OSDbg_PtrSize
 .rodata.OSDbg_PrioTblSize
                0x080063c2        0x2 ./uC-OS3/Source/os_dbg.o
                0x080063c2                OSDbg_PrioTblSize
 .rodata.OSDbg_PrioMax
                0x080063c4        0x2 ./uC-OS3/Source/os_dbg.o
                0x080063c4                OSDbg_PrioMax
 .rodata.OSDbg_PendObjSize
                0x080063c6        0x2 ./uC-OS3/Source/os_dbg.o
                0x080063c6                OSDbg_PendObjSize
 .rodata.OSDbg_PendListSize
                0x080063c8        0x2 ./uC-OS3/Source/os_dbg.o
                0x080063c8                OSDbg_PendListSize
 .rodata.OSDbg_ObjCreatedChkEn
                0x080063ca        0x1 ./uC-OS3/Source/os_dbg.o
                0x080063ca                OSDbg_ObjCreatedChkEn
 .rodata.OSDbg_ObjTypeChkEn
                0x080063cb        0x1 ./uC-OS3/Source/os_dbg.o
                0x080063cb                OSDbg_ObjTypeChkEn
 .rodata.OSDbg_MutexSize
                0x080063cc        0x2 ./uC-OS3/Source/os_dbg.o
                0x080063cc                OSDbg_MutexSize
 .rodata.OSDbg_MutexPendAbortEn
                0x080063ce        0x1 ./uC-OS3/Source/os_dbg.o
                0x080063ce                OSDbg_MutexPendAbortEn
 .rodata.OSDbg_MutexDelEn
                0x080063cf        0x1 ./uC-OS3/Source/os_dbg.o
                0x080063cf                OSDbg_MutexDelEn
 .rodata.OSDbg_MutexEn
                0x080063d0        0x1 ./uC-OS3/Source/os_dbg.o
                0x080063d0                OSDbg_MutexEn
 *fill*         0x080063d1        0x3 
 .rodata.OSDbg_Mutex
                0x080063d4       0x2c ./uC-OS3/Source/os_dbg.o
                0x080063d4                OSDbg_Mutex
 .rodata.OSDbg_MsgQSize
                0x08006400        0x2 ./uC-OS3/Source/os_dbg.o
                0x08006400                OSDbg_MsgQSize
 .rodata.OSDbg_MsgPoolSize
                0x08006402        0x2 ./uC-OS3/Source/os_dbg.o
                0x08006402                OSDbg_MsgPoolSize
 .rodata.OSDbg_MsgSize
                0x08006404        0x2 ./uC-OS3/Source/os_dbg.o
                0x08006404                OSDbg_MsgSize
 .rodata.OSDbg_MsgEn
                0x08006406        0x1 ./uC-OS3/Source/os_dbg.o
                0x08006406                OSDbg_MsgEn
 *fill*         0x08006407        0x1 
 .rodata.OSDbg_MemSize
                0x08006408        0x2 ./uC-OS3/Source/os_dbg.o
                0x08006408                OSDbg_MemSize
 .rodata.OSDbg_MemEn
                0x0800640a        0x1 ./uC-OS3/Source/os_dbg.o
                0x0800640a                OSDbg_MemEn
 *fill*         0x0800640b        0x1 
 .rodata.OSDbg_Mem
                0x0800640c       0x20 ./uC-OS3/Source/os_dbg.o
                0x0800640c                OSDbg_Mem
 .rodata.OSDbg_FlagWidth
                0x0800642c        0x2 ./uC-OS3/Source/os_dbg.o
                0x0800642c                OSDbg_FlagWidth
 .rodata.OSDbg_FlagGrpSize
                0x0800642e        0x2 ./uC-OS3/Source/os_dbg.o
                0x0800642e                OSDbg_FlagGrpSize
 .rodata.OSDbg_FlagPendAbortEn
                0x08006430        0x1 ./uC-OS3/Source/os_dbg.o
                0x08006430                OSDbg_FlagPendAbortEn
 .rodata.OSDbg_FlagModeClrEn
                0x08006431        0x1 ./uC-OS3/Source/os_dbg.o
                0x08006431                OSDbg_FlagModeClrEn
 .rodata.OSDbg_FlagDelEn
                0x08006432        0x1 ./uC-OS3/Source/os_dbg.o
                0x08006432                OSDbg_FlagDelEn
 *fill*         0x08006433        0x1 
 .rodata.OSDbg_FlagGrp
                0x08006434       0x24 ./uC-OS3/Source/os_dbg.o
                0x08006434                OSDbg_FlagGrp
 .rodata.OSDbg_FlagEn
                0x08006458        0x1 ./uC-OS3/Source/os_dbg.o
                0x08006458                OSDbg_FlagEn
 .rodata.OSDbg_CalledFromISRChkEn
                0x08006459        0x1 ./uC-OS3/Source/os_dbg.o
                0x08006459                OSDbg_CalledFromISRChkEn
 *fill*         0x0800645a        0x2 
 .rodata.OSDbg_EndiannessTest
                0x0800645c        0x4 ./uC-OS3/Source/os_dbg.o
                0x0800645c                OSDbg_EndiannessTest
 .rodata.OSDbg_AppHooksEn
                0x08006460        0x1 ./uC-OS3/Source/os_dbg.o
                0x08006460                OSDbg_AppHooksEn
 .rodata.OSDbg_ArgChkEn
                0x08006461        0x1 ./uC-OS3/Source/os_dbg.o
                0x08006461                OSDbg_ArgChkEn
 .rodata.OSDbg_DbgEn
                0x08006462        0x1 ./uC-OS3/Source/os_dbg.o
                0x08006462                OSDbg_DbgEn
 .rodata.OS_FlagDbgListAdd.str1.4
                0x08006463        0x2 ./uC-OS3/Source/os_flag.o
 .rodata.OS_MutexDbgListAdd.str1.4
                0x08006463        0x2 ./uC-OS3/Source/os_mutex.o
 *fill*         0x08006463        0x1 
 .rodata.OS_StatTaskInit.str1.4
                0x08006464       0x14 ./uC-OS3/Source/os_stat.o
 .rodata.OS_TaskInitTCB.str1.4
                0x08006478        0x6 ./uC-OS3/Source/os_task.o
                                  0xa (size before relaxing)
 *fill*         0x0800647e        0x2 
 .rodata.OS_TmrInit.str1.4
                0x08006480       0x25 ./uC-OS3/Source/os_tmr.o
                0x080064a8                        . = ALIGN (0x4)
 *fill*         0x080064a5        0x3 

.ARM.extab      0x080064a8        0x0
                0x080064a8                        . = ALIGN (0x4)
 *(.ARM.extab* .gnu.linkonce.armextab.*)
                0x080064a8                        . = ALIGN (0x4)

.ARM            0x080064a8        0x8
                0x080064a8                        . = ALIGN (0x4)
                0x080064a8                        __exidx_start = .
 *(.ARM.exidx*)
 .ARM.exidx     0x080064a8        0x8 C:/ST/STM32CubeIDE_1.15.1/STM32CubeIDE/plugins/com.st.stm32cube.ide.mcu.externaltools.gnu-tools-for-stm32.12.3.rel1.win32_1.0.200.202406191623/tools/bin/../lib/gcc/arm-none-eabi/12.3.1/thumb/v7e-m+fp/hard\libgcc.a(_udivmoddi4.o)
                0x080064b0                        __exidx_end = .
                0x080064b0                        . = ALIGN (0x4)

.preinit_array  0x080064b0        0x0
                0x080064b0                        . = ALIGN (0x4)
                0x080064b0                        PROVIDE (__preinit_array_start = .)
 *(.preinit_array*)
                0x080064b0                        PROVIDE (__preinit_array_end = .)
                0x080064b0                        . = ALIGN (0x4)

.init_array     0x080064b0        0x4
                0x080064b0                        . = ALIGN (0x4)
                0x080064b0                        PROVIDE (__init_array_start = .)
 *(SORT_BY_NAME(.init_array.*))
 *(.init_array*)
 .init_array    0x080064b0        0x4 C:/ST/STM32CubeIDE_1.15.1/STM32CubeIDE/plugins/com.st.stm32cube.ide.mcu.externaltools.gnu-tools-for-stm32.12.3.rel1.win32_1.0.200.202406191623/tools/bin/../lib/gcc/arm-none-eabi/12.3.1/thumb/v7e-m+fp/hard/crtbegin.o
                0x080064b4                        PROVIDE (__init_array_end = .)
                0x080064b4                        . = ALIGN (0x4)

.fini_array     0x080064b4        0x4
                0x080064b4                        . = ALIGN (0x4)
                [!provide]                        PROVIDE (__fini_array_start = .)
 *(SORT_BY_NAME(.fini_array.*))
 *(.fini_array*)
 .fini_array    0x080064b4        0x4 C:/ST/STM32CubeIDE_1.15.1/STM32CubeIDE/plugins/com.st.stm32cube.ide.mcu.externaltools.gnu-tools-for-stm32.12.3.rel1.win32_1.0.200.202406191623/tools/bin/../lib/gcc/arm-none-eabi/12.3.1/thumb/v7e-m+fp/hard/crtbegin.o
                [!provide]                        PROVIDE (__fini_array_end = .)
                0x080064b8                        . = ALIGN (0x4)
                0x080064b8                        _sidata = LOADADDR (.data)

.rel.dyn        0x080064b8        0x0
 .rel.iplt      0x080064b8        0x0 C:/ST/STM32CubeIDE_1.15.1/STM32CubeIDE/plugins/com.st.stm32cube.ide.mcu.externaltools.gnu-tools-for-stm32.12.3.rel1.win32_1.0.200.202406191623/tools/bin/../lib/gcc/arm-none-eabi/12.3.1/thumb/v7e-m+fp/hard/crtbegin.o

.data           0x20000000        0xc load address 0x080064b8
                0x20000000                        . = ALIGN (0x4)
                0x20000000                        _sdata = .
 *(.data)
 *(.data*)
 .data.uwTickFreq
                0x20000000        0x1 ./Drivers/STM32F4xx_HAL_Driver/Src/stm32f4xx_hal.o
                0x20000000                uwTickFreq
 *fill*         0x20000001        0x3 
 .data.uwTickPrio
                0x20000004        0x4 ./Drivers/STM32F4xx_HAL_Driver/Src/stm32f4xx_hal.o
                0x20000004                uwTickPrio
 .data.SystemCoreClock
                0x20000008        0x4 ./System/system_stm32f4xx.o
                0x20000008                SystemCoreClock
 *(.RamFunc)
 *(.RamFunc*)
                0x2000000c                        . = ALIGN (0x4)
                0x2000000c                        _edata = .
                0x080064c4                        _siccmram = LOADADDR (.ccmram)

.igot.plt       0x2000000c        0x0 load address 0x080064c4
 .igot.plt      0x2000000c        0x0 C:/ST/STM32CubeIDE_1.15.1/STM32CubeIDE/plugins/com.st.stm32cube.ide.mcu.externaltools.gnu-tools-for-stm32.12.3.rel1.win32_1.0.200.202406191623/tools/bin/../lib/gcc/arm-none-eabi/12.3.1/thumb/v7e-m+fp/hard/crtbegin.o

.ccmram         0x10000000        0x0 load address 0x080064c4
                0x10000000                        . = ALIGN (0x4)
                0x10000000                        _sccmram = .
 *(.ccmram)
 *(.ccmram*)
                0x10000000                        . = ALIGN (0x4)
                0x10000000                        _eccmram = .
                0x10000000                        . = ALIGN (0x4)

.bss            0x2000000c     0x1dac
                0x2000000c                        _sbss = .
                0x2000000c                        __bss_start__ = _sbss
 *(.bss)
 .bss           0x2000000c       0x1c C:/ST/STM32CubeIDE_1.15.1/STM32CubeIDE/plugins/com.st.stm32cube.ide.mcu.externaltools.gnu-tools-for-stm32.12.3.rel1.win32_1.0.200.202406191623/tools/bin/../lib/gcc/arm-none-eabi/12.3.1/thumb/v7e-m+fp/hard/crtbegin.o
 *(.bss*)
 .bss.motorBobinaVel
                0x20000028        0x2 ./App/Src/bobina.o
 .bss.motorBobinaTensaoRead
                0x2000002a        0x2 ./App/Src/bobina.o
 .bss.motorBobinaTaskStk
                0x2000002c      0x400 ./App/Src/bobina.o
 .bss.motorBobinaTaskTCB
                0x2000042c       0xc4 ./App/Src/bobina.o
 .bss.opto_2_primeira
                0x200004f0        0x1 ./App/Src/carroTransversal.o
 .bss.opto_1_primeira
                0x200004f1        0x1 ./App/Src/carroTransversal.o
 .bss.carroTransversalAndar
                0x200004f2        0x1 ./App/Src/carroTransversal.o
 .bss.carroTransversalTick
                0x200004f3        0x1 ./App/Src/carroTransversal.o
 .bss.bobinaTick
                0x200004f4        0x1 ./App/Src/carroTransversal.o
 *fill*         0x200004f5        0x3 
 .bss.carroTransversalStk
                0x200004f8      0x400 ./App/Src/carroTransversal.o
 .bss.carroTransversalTaskTCB
                0x200008f8       0xc4 ./App/Src/carroTransversal.o
 .bss.programStartTaskStk
                0x200009bc      0x400 ./App/Src/main.o
 .bss.programStartTaskTCB
                0x20000dbc       0xc4 ./App/Src/main.o
 .bss.flagsGrp  0x20000e80       0x24 ./App/Src/main.o
                0x20000e80                flagsGrp
 .bss.htim2     0x20000ea4       0x48 ./App/Src/perifericos.o
                0x20000ea4                htim2
 .bss.htim1     0x20000eec       0x48 ./App/Src/perifericos.o
                0x20000eec                htim1
 .bss.hdma_dac2
                0x20000f34       0x60 ./App/Src/perifericos.o
                0x20000f34                hdma_dac2
 .bss.hdma_dac1
                0x20000f94       0x60 ./App/Src/perifericos.o
                0x20000f94                hdma_dac1
 .bss.hdac      0x20000ff4       0x14 ./App/Src/perifericos.o
                0x20000ff4                hdac
 .bss.hdma_adc2
                0x20001008       0x60 ./App/Src/perifericos.o
                0x20001008                hdma_adc2
 .bss.hadc2     0x20001068       0x48 ./App/Src/perifericos.o
                0x20001068                hadc2
 .bss.uwTick    0x200010b0        0x4 ./Drivers/STM32F4xx_HAL_Driver/Src/stm32f4xx_hal.o
                0x200010b0                uwTick
 .bss.CPU_Cache_Linesize
                0x200010b4        0x4 ./uC-CPU/Cache/ARM/armv7m_generic_l1/cpu_cache_armv7m_generic_l1.o
 .bss.CPU_Name  0x200010b8       0x10 ./uC-CPU/cpu_core.o
                0x200010b8                CPU_Name
 .bss.OS_KA_BASEPRI_Boundary
                0x200010c8        0x4 ./uC-OS3/Ports/ARM-Cortex-M/ARMv7-M/os_cpu_c.o
                0x200010c8                OS_KA_BASEPRI_Boundary
 .bss.OS_CPU_ExceptStkBase
                0x200010cc        0x4 ./uC-OS3/Ports/ARM-Cortex-M/ARMv7-M/os_cpu_c.o
                0x200010cc                OS_CPU_ExceptStkBase
 .bss.OSCfg_TmrTaskStk
                0x200010d0      0x200 ./uC-OS3/Source/os_cfg_app.o
                0x200010d0                OSCfg_TmrTaskStk
 .bss.OSCfg_StatTaskStk
                0x200012d0      0x190 ./uC-OS3/Source/os_cfg_app.o
                0x200012d0                OSCfg_StatTaskStk
 .bss.OSCfg_MsgPool
                0x20001460      0x180 ./uC-OS3/Source/os_cfg_app.o
                0x20001460                OSCfg_MsgPool
 .bss.OSCfg_ISRStk
                0x200015e0      0x200 ./uC-OS3/Source/os_cfg_app.o
                0x200015e0                OSCfg_ISRStk
 .bss.OSCfg_IdleTaskStk
                0x200017e0      0x100 ./uC-OS3/Source/os_cfg_app.o
                0x200017e0                OSCfg_IdleTaskStk
 .bss.OSTCBHighRdyPtr
                0x200018e0        0x4 ./uC-OS3/Source/os_var.o
                0x200018e0                OSTCBHighRdyPtr
 .bss.OSTCBCurPtr
                0x200018e4        0x4 ./uC-OS3/Source/os_var.o
                0x200018e4                OSTCBCurPtr
 .bss.OSTmrToTicksMult
                0x200018e8        0x4 ./uC-OS3/Source/os_var.o
                0x200018e8                OSTmrToTicksMult
 .bss.OSTmrTaskTickBase
                0x200018ec        0x4 ./uC-OS3/Source/os_var.o
                0x200018ec                OSTmrTaskTickBase
 .bss.OSTmrTaskTCB
                0x200018f0       0xc4 ./uC-OS3/Source/os_var.o
                0x200018f0                OSTmrTaskTCB
 .bss.OSTmrQty  0x200019b4        0x2 ./uC-OS3/Source/os_var.o
                0x200019b4                OSTmrQty
 *fill*         0x200019b6        0x2 
 .bss.OSTmrMutex
                0x200019b8       0x2c ./uC-OS3/Source/os_var.o
                0x200019b8                OSTmrMutex
 .bss.OSTmrCond
                0x200019e4       0x24 ./uC-OS3/Source/os_var.o
                0x200019e4                OSTmrCond
 .bss.OSTmrListPtr
                0x20001a08        0x4 ./uC-OS3/Source/os_var.o
                0x20001a08                OSTmrListPtr
 .bss.OSTmrListEntries
                0x20001a0c        0x2 ./uC-OS3/Source/os_var.o
                0x20001a0c                OSTmrListEntries
 *fill*         0x20001a0e        0x2 
 .bss.OSTmrDbgListPtr
                0x20001a10        0x4 ./uC-OS3/Source/os_var.o
                0x20001a10                OSTmrDbgListPtr
 .bss.OSTickList
                0x20001a14        0x8 ./uC-OS3/Source/os_var.o
                0x20001a14                OSTickList
 .bss.OSTickCtr
                0x20001a1c        0x4 ./uC-OS3/Source/os_var.o
                0x20001a1c                OSTickCtr
 .bss.OSTaskRegNextAvailID
                0x20001a20        0x1 ./uC-OS3/Source/os_var.o
                0x20001a20                OSTaskRegNextAvailID
 *fill*         0x20001a21        0x1 
 .bss.OSTaskQty
                0x20001a22        0x2 ./uC-OS3/Source/os_var.o
                0x20001a22                OSTaskQty
 .bss.OSTaskDbgListPtr
                0x20001a24        0x4 ./uC-OS3/Source/os_var.o
                0x20001a24                OSTaskDbgListPtr
 .bss.OSTaskCtxSwCtr
                0x20001a28        0x4 ./uC-OS3/Source/os_var.o
                0x20001a28                OSTaskCtxSwCtr
 .bss.OSStatTaskTCB
                0x20001a2c       0xc4 ./uC-OS3/Source/os_var.o
                0x20001a2c                OSStatTaskTCB
 .bss.OSStatTaskRdy
                0x20001af0        0x1 ./uC-OS3/Source/os_var.o
                0x20001af0                OSStatTaskRdy
 *fill*         0x20001af1        0x3 
 .bss.OSStatTaskCtrRun
                0x20001af4        0x4 ./uC-OS3/Source/os_var.o
                0x20001af4                OSStatTaskCtrRun
 .bss.OSStatTaskCtrMax
                0x20001af8        0x4 ./uC-OS3/Source/os_var.o
                0x20001af8                OSStatTaskCtrMax
 .bss.OSStatTaskCtr
                0x20001afc        0x4 ./uC-OS3/Source/os_var.o
                0x20001afc                OSStatTaskCtr
 .bss.OSStatTaskCPUUsageMax
                0x20001b00        0x2 ./uC-OS3/Source/os_var.o
                0x20001b00                OSStatTaskCPUUsageMax
 .bss.OSStatTaskCPUUsage
                0x20001b02        0x2 ./uC-OS3/Source/os_var.o
                0x20001b02                OSStatTaskCPUUsage
 .bss.OSStatResetFlag
                0x20001b04        0x1 ./uC-OS3/Source/os_var.o
                0x20001b04                OSStatResetFlag
 *fill*         0x20001b05        0x1 
 .bss.OSSemQty  0x20001b06        0x2 ./uC-OS3/Source/os_var.o
                0x20001b06                OSSemQty
 .bss.OSSemDbgListPtr
                0x20001b08        0x4 ./uC-OS3/Source/os_var.o
                0x20001b08                OSSemDbgListPtr
 .bss.OSSchedRoundRobinEn
                0x20001b0c        0x1 ./uC-OS3/Source/os_var.o
                0x20001b0c                OSSchedRoundRobinEn
 *fill*         0x20001b0d        0x3 
 .bss.OSSchedRoundRobinDfltTimeQuanta
                0x20001b10        0x4 ./uC-OS3/Source/os_var.o
                0x20001b10                OSSchedRoundRobinDfltTimeQuanta
 .bss.OSSchedLockNestingCtr
                0x20001b14        0x1 ./uC-OS3/Source/os_var.o
                0x20001b14                OSSchedLockNestingCtr
 *fill*         0x20001b15        0x3 
 .bss.OSRdyList
                0x20001b18      0x180 ./uC-OS3/Source/os_var.o
                0x20001b18                OSRdyList
 .bss.OSQQty    0x20001c98        0x2 ./uC-OS3/Source/os_var.o
                0x20001c98                OSQQty
 *fill*         0x20001c9a        0x2 
 .bss.OSQDbgListPtr
                0x20001c9c        0x4 ./uC-OS3/Source/os_var.o
                0x20001c9c                OSQDbgListPtr
 .bss.OSPrioTbl
                0x20001ca0        0x4 ./uC-OS3/Source/os_var.o
                0x20001ca0                OSPrioTbl
 .bss.OSPrioHighRdy
                0x20001ca4        0x1 ./uC-OS3/Source/os_var.o
                0x20001ca4                OSPrioHighRdy
 .bss.OSPrioCur
                0x20001ca5        0x1 ./uC-OS3/Source/os_var.o
                0x20001ca5                OSPrioCur
 .bss.OSMutexQty
                0x20001ca6        0x2 ./uC-OS3/Source/os_var.o
                0x20001ca6                OSMutexQty
 .bss.OSMutexDbgListPtr
                0x20001ca8        0x4 ./uC-OS3/Source/os_var.o
                0x20001ca8                OSMutexDbgListPtr
 .bss.OSMsgPool
                0x20001cac        0xc ./uC-OS3/Source/os_var.o
                0x20001cac                OSMsgPool
 .bss.OSMemQty  0x20001cb8        0x2 ./uC-OS3/Source/os_var.o
                0x20001cb8                OSMemQty
 *fill*         0x20001cba        0x2 
 .bss.OSMemDbgListPtr
                0x20001cbc        0x4 ./uC-OS3/Source/os_var.o
                0x20001cbc                OSMemDbgListPtr
 .bss.OSFlagQty
                0x20001cc0        0x2 ./uC-OS3/Source/os_var.o
                0x20001cc0                OSFlagQty
 *fill*         0x20001cc2        0x2 
 .bss.OSFlagDbgListPtr
                0x20001cc4        0x4 ./uC-OS3/Source/os_var.o
                0x20001cc4                OSFlagDbgListPtr
 .bss.OSISRStkUsed
                0x20001cc8        0x4 ./uC-OS3/Source/os_var.o
                0x20001cc8                OSISRStkUsed
 .bss.OSISRStkFree
                0x20001ccc        0x4 ./uC-OS3/Source/os_var.o
                0x20001ccc                OSISRStkFree
 .bss.OSInitialized
                0x20001cd0        0x1 ./uC-OS3/Source/os_var.o
                0x20001cd0                OSInitialized
 .bss.OSRunning
                0x20001cd1        0x1 ./uC-OS3/Source/os_var.o
                0x20001cd1                OSRunning
 .bss.OSIntNestingCtr
                0x20001cd2        0x1 ./uC-OS3/Source/os_var.o
                0x20001cd2                OSIntNestingCtr
 *fill*         0x20001cd3        0x1 
 .bss.OSIdleTaskTCB
                0x20001cd4       0xc4 ./uC-OS3/Source/os_var.o
                0x20001cd4                OSIdleTaskTCB
 .bss.OSIdleTaskCtr
                0x20001d98        0x4 ./uC-OS3/Source/os_var.o
                0x20001d98                OSIdleTaskCtr
 .bss.OS_AppTimeTickHookPtr
                0x20001d9c        0x4 ./uC-OS3/Source/os_var.o
                0x20001d9c                OS_AppTimeTickHookPtr
 .bss.OS_AppTaskSwHookPtr
                0x20001da0        0x4 ./uC-OS3/Source/os_var.o
                0x20001da0                OS_AppTaskSwHookPtr
 .bss.OS_AppStatTaskHookPtr
                0x20001da4        0x4 ./uC-OS3/Source/os_var.o
                0x20001da4                OS_AppStatTaskHookPtr
 .bss.OS_AppIdleTaskHookPtr
                0x20001da8        0x4 ./uC-OS3/Source/os_var.o
                0x20001da8                OS_AppIdleTaskHookPtr
 .bss.OS_AppTaskReturnHookPtr
                0x20001dac        0x4 ./uC-OS3/Source/os_var.o
                0x20001dac                OS_AppTaskReturnHookPtr
 .bss.OS_AppTaskDelHookPtr
                0x20001db0        0x4 ./uC-OS3/Source/os_var.o
                0x20001db0                OS_AppTaskDelHookPtr
 .bss.OS_AppTaskCreateHookPtr
                0x20001db4        0x4 ./uC-OS3/Source/os_var.o
                0x20001db4                OS_AppTaskCreateHookPtr
 *(COMMON)
                0x20001db8                        . = ALIGN (0x4)
                0x20001db8                        _ebss = .
                0x20001db8                        __bss_end__ = _ebss

._user_heap_stack
                0x20001db8      0x600
                0x20001db8                        . = ALIGN (0x8)
                [!provide]                        PROVIDE (end = .)
                0x20001db8                        PROVIDE (_end = .)
                0x20001fb8                        . = (. + _Min_Heap_Size)
 *fill*         0x20001db8      0x200 
                0x200023b8                        . = (. + _Min_Stack_Size)
 *fill*         0x20001fb8      0x400 
                0x200023b8                        . = ALIGN (0x8)

/DISCARD/
 libc.a(*)
 libm.a(*)
 libgcc.a(*)

.ARM.attributes
                0x00000000       0x30
 *(.ARM.attributes)
 .ARM.attributes
                0x00000000       0x22 C:/ST/STM32CubeIDE_1.15.1/STM32CubeIDE/plugins/com.st.stm32cube.ide.mcu.externaltools.gnu-tools-for-stm32.12.3.rel1.win32_1.0.200.202406191623/tools/bin/../lib/gcc/arm-none-eabi/12.3.1/thumb/v7e-m+fp/hard/crti.o
 .ARM.attributes
                0x00000022       0x34 C:/ST/STM32CubeIDE_1.15.1/STM32CubeIDE/plugins/com.st.stm32cube.ide.mcu.externaltools.gnu-tools-for-stm32.12.3.rel1.win32_1.0.200.202406191623/tools/bin/../lib/gcc/arm-none-eabi/12.3.1/thumb/v7e-m+fp/hard/crtbegin.o
 .ARM.attributes
                0x00000056       0x34 ./App/Src/bobina.o
 .ARM.attributes
                0x0000008a       0x34 ./App/Src/carroTransversal.o
 .ARM.attributes
                0x000000be       0x34 ./App/Src/main.o
 .ARM.attributes
                0x000000f2       0x34 ./App/Src/perifericos.o
 .ARM.attributes
                0x00000126       0x34 ./App/Src/stm32f4xx_hal_msp.o
 .ARM.attributes
                0x0000015a       0x34 ./App/Src/stm32f4xx_it.o
 .ARM.attributes
                0x0000018e       0x34 ./Drivers/STM32F4xx_HAL_Driver/Src/stm32f4xx_hal.o
 .ARM.attributes
                0x000001c2       0x34 ./Drivers/STM32F4xx_HAL_Driver/Src/stm32f4xx_hal_adc.o
 .ARM.attributes
                0x000001f6       0x34 ./Drivers/STM32F4xx_HAL_Driver/Src/stm32f4xx_hal_cortex.o
 .ARM.attributes
                0x0000022a       0x34 ./Drivers/STM32F4xx_HAL_Driver/Src/stm32f4xx_hal_dac.o
 .ARM.attributes
                0x0000025e       0x34 ./Drivers/STM32F4xx_HAL_Driver/Src/stm32f4xx_hal_dac_ex.o
 .ARM.attributes
                0x00000292       0x34 ./Drivers/STM32F4xx_HAL_Driver/Src/stm32f4xx_hal_dma.o
 .ARM.attributes
                0x000002c6       0x34 ./Drivers/STM32F4xx_HAL_Driver/Src/stm32f4xx_hal_gpio.o
 .ARM.attributes
                0x000002fa       0x34 ./Drivers/STM32F4xx_HAL_Driver/Src/stm32f4xx_hal_rcc.o
 .ARM.attributes
                0x0000032e       0x34 ./Drivers/STM32F4xx_HAL_Driver/Src/stm32f4xx_hal_tim.o
 .ARM.attributes
                0x00000362       0x34 ./Drivers/STM32F4xx_HAL_Driver/Src/stm32f4xx_hal_tim_ex.o
 .ARM.attributes
                0x00000396       0x21 ./System/Startup/startup_stm32f407zgtx.o
 .ARM.attributes
                0x000003b7       0x34 ./System/system_stm32f4xx.o
 .ARM.attributes
                0x000003eb       0x20 ./uC-CPU/ARM-Cortex-M/ARMv7-M/GNU/cpu_a.o
 .ARM.attributes
                0x0000040b       0x34 ./uC-CPU/Cache/ARM/armv7m_generic_l1/cpu_cache_armv7m_generic_l1.o
 .ARM.attributes
                0x0000043f       0x34 ./uC-CPU/cpu_core.o
 .ARM.attributes
                0x00000473       0x34 ./uC-LIB/lib_mem.o
 .ARM.attributes
                0x000004a7       0x20 ./uC-OS3/Ports/ARM-Cortex-M/ARMv7-M/GNU/os_cpu_a.o
 .ARM.attributes
                0x000004c7       0x34 ./uC-OS3/Ports/ARM-Cortex-M/ARMv7-M/os_cpu_c.o
 .ARM.attributes
                0x000004fb       0x34 ./uC-OS3/Source/os_cfg_app.o
 .ARM.attributes
                0x0000052f       0x34 ./uC-OS3/Source/os_core.o
 .ARM.attributes
                0x00000563       0x34 ./uC-OS3/Source/os_dbg.o
 .ARM.attributes
                0x00000597       0x34 ./uC-OS3/Source/os_flag.o
 .ARM.attributes
                0x000005cb       0x34 ./uC-OS3/Source/os_mem.o
 .ARM.attributes
                0x000005ff       0x34 ./uC-OS3/Source/os_msg.o
 .ARM.attributes
                0x00000633       0x34 ./uC-OS3/Source/os_mutex.o
 .ARM.attributes
                0x00000667       0x34 ./uC-OS3/Source/os_prio.o
 .ARM.attributes
                0x0000069b       0x34 ./uC-OS3/Source/os_stat.o
 .ARM.attributes
                0x000006cf       0x34 ./uC-OS3/Source/os_task.o
 .ARM.attributes
                0x00000703       0x34 ./uC-OS3/Source/os_tick.o
 .ARM.attributes
                0x00000737       0x34 ./uC-OS3/Source/os_time.o
 .ARM.attributes
                0x0000076b       0x34 ./uC-OS3/Source/os_tmr.o
 .ARM.attributes
                0x0000079f       0x34 ./uC-OS3/Source/os_var.o
 .ARM.attributes
                0x000007d3       0x34 C:/ST/STM32CubeIDE_1.15.1/STM32CubeIDE/plugins/com.st.stm32cube.ide.mcu.externaltools.gnu-tools-for-stm32.12.3.rel1.win32_1.0.200.202406191623/tools/bin/../lib/gcc/arm-none-eabi/12.3.1/../../../../arm-none-eabi/lib/thumb/v7e-m+fp/hard\libc_nano.a(libc_a-memset.o)
 .ARM.attributes
                0x00000807       0x34 C:/ST/STM32CubeIDE_1.15.1/STM32CubeIDE/plugins/com.st.stm32cube.ide.mcu.externaltools.gnu-tools-for-stm32.12.3.rel1.win32_1.0.200.202406191623/tools/bin/../lib/gcc/arm-none-eabi/12.3.1/../../../../arm-none-eabi/lib/thumb/v7e-m+fp/hard\libc_nano.a(libc_a-init.o)
 .ARM.attributes
                0x0000083b       0x22 C:/ST/STM32CubeIDE_1.15.1/STM32CubeIDE/plugins/com.st.stm32cube.ide.mcu.externaltools.gnu-tools-for-stm32.12.3.rel1.win32_1.0.200.202406191623/tools/bin/../lib/gcc/arm-none-eabi/12.3.1/thumb/v7e-m+fp/hard\libgcc.a(_arm_muldf3.o)
 .ARM.attributes
                0x0000085d       0x22 C:/ST/STM32CubeIDE_1.15.1/STM32CubeIDE/plugins/com.st.stm32cube.ide.mcu.externaltools.gnu-tools-for-stm32.12.3.rel1.win32_1.0.200.202406191623/tools/bin/../lib/gcc/arm-none-eabi/12.3.1/thumb/v7e-m+fp/hard\libgcc.a(_arm_addsubdf3.o)
 .ARM.attributes
                0x0000087f       0x22 C:/ST/STM32CubeIDE_1.15.1/STM32CubeIDE/plugins/com.st.stm32cube.ide.mcu.externaltools.gnu-tools-for-stm32.12.3.rel1.win32_1.0.200.202406191623/tools/bin/../lib/gcc/arm-none-eabi/12.3.1/thumb/v7e-m+fp/hard\libgcc.a(_arm_truncdfsf2.o)
 .ARM.attributes
                0x000008a1       0x22 C:/ST/STM32CubeIDE_1.15.1/STM32CubeIDE/plugins/com.st.stm32cube.ide.mcu.externaltools.gnu-tools-for-stm32.12.3.rel1.win32_1.0.200.202406191623/tools/bin/../lib/gcc/arm-none-eabi/12.3.1/thumb/v7e-m+fp/hard\libgcc.a(_aeabi_uldivmod.o)
 .ARM.attributes
                0x000008c3       0x34 C:/ST/STM32CubeIDE_1.15.1/STM32CubeIDE/plugins/com.st.stm32cube.ide.mcu.externaltools.gnu-tools-for-stm32.12.3.rel1.win32_1.0.200.202406191623/tools/bin/../lib/gcc/arm-none-eabi/12.3.1/thumb/v7e-m+fp/hard\libgcc.a(_udivmoddi4.o)
 .ARM.attributes
                0x000008f7       0x22 C:/ST/STM32CubeIDE_1.15.1/STM32CubeIDE/plugins/com.st.stm32cube.ide.mcu.externaltools.gnu-tools-for-stm32.12.3.rel1.win32_1.0.200.202406191623/tools/bin/../lib/gcc/arm-none-eabi/12.3.1/thumb/v7e-m+fp/hard\libgcc.a(_dvmd_tls.o)
 .ARM.attributes
                0x00000919       0x22 C:/ST/STM32CubeIDE_1.15.1/STM32CubeIDE/plugins/com.st.stm32cube.ide.mcu.externaltools.gnu-tools-for-stm32.12.3.rel1.win32_1.0.200.202406191623/tools/bin/../lib/gcc/arm-none-eabi/12.3.1/thumb/v7e-m+fp/hard/crtn.o
OUTPUT(Controle-Cabo.elf elf32-littlearm)
LOAD linker stubs
LOAD C:/ST/STM32CubeIDE_1.15.1/STM32CubeIDE/plugins/com.st.stm32cube.ide.mcu.externaltools.gnu-tools-for-stm32.12.3.rel1.win32_1.0.200.202406191623/tools/bin/../lib/gcc/arm-none-eabi/12.3.1/../../../../arm-none-eabi/lib/thumb/v7e-m+fp/hard\libc.a
LOAD C:/ST/STM32CubeIDE_1.15.1/STM32CubeIDE/plugins/com.st.stm32cube.ide.mcu.externaltools.gnu-tools-for-stm32.12.3.rel1.win32_1.0.200.202406191623/tools/bin/../lib/gcc/arm-none-eabi/12.3.1/../../../../arm-none-eabi/lib/thumb/v7e-m+fp/hard\libm.a
LOAD C:/ST/STM32CubeIDE_1.15.1/STM32CubeIDE/plugins/com.st.stm32cube.ide.mcu.externaltools.gnu-tools-for-stm32.12.3.rel1.win32_1.0.200.202406191623/tools/bin/../lib/gcc/arm-none-eabi/12.3.1/thumb/v7e-m+fp/hard\libgcc.a

.debug_info     0x00000000    0x24a4f
 .debug_info    0x00000000     0x1b8e ./App/Src/bobina.o
 .debug_info    0x00001b8e     0x1a81 ./App/Src/carroTransversal.o
 .debug_info    0x0000360f     0x1127 ./App/Src/main.o
 .debug_info    0x00004736     0x1c86 ./App/Src/perifericos.o
 .debug_info    0x000063bc     0x112d ./App/Src/stm32f4xx_hal_msp.o
 .debug_info    0x000074e9      0x478 ./App/Src/stm32f4xx_it.o
 .debug_info    0x00007961      0x9e6 ./Drivers/STM32F4xx_HAL_Driver/Src/stm32f4xx_hal.o
 .debug_info    0x00008347      0xe7a ./Drivers/STM32F4xx_HAL_Driver/Src/stm32f4xx_hal_adc.o
 .debug_info    0x000091c1      0xf8c ./Drivers/STM32F4xx_HAL_Driver/Src/stm32f4xx_hal_cortex.o
 .debug_info    0x0000a14d      0xb4a ./Drivers/STM32F4xx_HAL_Driver/Src/stm32f4xx_hal_dac.o
 .debug_info    0x0000ac97      0x7ef ./Drivers/STM32F4xx_HAL_Driver/Src/stm32f4xx_hal_dac_ex.o
 .debug_info    0x0000b486      0xadd ./Drivers/STM32F4xx_HAL_Driver/Src/stm32f4xx_hal_dma.o
 .debug_info    0x0000bf63      0x708 ./Drivers/STM32F4xx_HAL_Driver/Src/stm32f4xx_hal_gpio.o
 .debug_info    0x0000c66b      0xa73 ./Drivers/STM32F4xx_HAL_Driver/Src/stm32f4xx_hal_rcc.o
 .debug_info    0x0000d0de     0x3be4 ./Drivers/STM32F4xx_HAL_Driver/Src/stm32f4xx_hal_tim.o
 .debug_info    0x00010cc2     0x1acc ./Drivers/STM32F4xx_HAL_Driver/Src/stm32f4xx_hal_tim_ex.o
 .debug_info    0x0001278e       0x30 ./System/Startup/startup_stm32f407zgtx.o
 .debug_info    0x000127be      0x52b ./System/system_stm32f4xx.o
 .debug_info    0x00012ce9       0x24 ./uC-CPU/ARM-Cortex-M/ARMv7-M/GNU/cpu_a.o
 .debug_info    0x00012d0d      0x15a ./uC-CPU/Cache/ARM/armv7m_generic_l1/cpu_cache_armv7m_generic_l1.o
 .debug_info    0x00012e67      0x791 ./uC-CPU/cpu_core.o
 .debug_info    0x000135f8     0x1b09 ./uC-LIB/lib_mem.o
 .debug_info    0x00015101       0x25 ./uC-OS3/Ports/ARM-Cortex-M/ARMv7-M/GNU/os_cpu_a.o
 .debug_info    0x00015126      0xa58 ./uC-OS3/Ports/ARM-Cortex-M/ARMv7-M/os_cpu_c.o
 .debug_info    0x00015b7e      0x493 ./uC-OS3/Source/os_cfg_app.o
 .debug_info    0x00016011     0x1d72 ./uC-OS3/Source/os_core.o
 .debug_info    0x00017d83      0xdc0 ./uC-OS3/Source/os_dbg.o
 .debug_info    0x00018b43     0x16c1 ./uC-OS3/Source/os_flag.o
 .debug_info    0x0001a204      0x931 ./uC-OS3/Source/os_mem.o
 .debug_info    0x0001ab35      0x8a0 ./uC-OS3/Source/os_msg.o
 .debug_info    0x0001b3d5     0x161e ./uC-OS3/Source/os_mutex.o
 .debug_info    0x0001c9f3      0x167 ./uC-OS3/Source/os_prio.o
 .debug_info    0x0001cb5a     0x12e4 ./uC-OS3/Source/os_stat.o
 .debug_info    0x0001de3e     0x2312 ./uC-OS3/Source/os_task.o
 .debug_info    0x00020150      0xf25 ./uC-OS3/Source/os_tick.o
 .debug_info    0x00021075     0x1097 ./uC-OS3/Source/os_time.o
 .debug_info    0x0002210c     0x1ae3 ./uC-OS3/Source/os_tmr.o
 .debug_info    0x00023bef      0xe60 ./uC-OS3/Source/os_var.o

.debug_abbrev   0x00000000     0x4c43
 .debug_abbrev  0x00000000      0x2ca ./App/Src/bobina.o
 .debug_abbrev  0x000002ca      0x2a9 ./App/Src/carroTransversal.o
 .debug_abbrev  0x00000573      0x267 ./App/Src/main.o
 .debug_abbrev  0x000007da      0x271 ./App/Src/perifericos.o
 .debug_abbrev  0x00000a4b      0x277 ./App/Src/stm32f4xx_hal_msp.o
 .debug_abbrev  0x00000cc2      0x1d2 ./App/Src/stm32f4xx_it.o
 .debug_abbrev  0x00000e94      0x242 ./Drivers/STM32F4xx_HAL_Driver/Src/stm32f4xx_hal.o
 .debug_abbrev  0x000010d6      0x27a ./Drivers/STM32F4xx_HAL_Driver/Src/stm32f4xx_hal_adc.o
 .debug_abbrev  0x00001350      0x39e ./Drivers/STM32F4xx_HAL_Driver/Src/stm32f4xx_hal_cortex.o
 .debug_abbrev  0x000016ee      0x20c ./Drivers/STM32F4xx_HAL_Driver/Src/stm32f4xx_hal_dac.o
 .debug_abbrev  0x000018fa      0x20d ./Drivers/STM32F4xx_HAL_Driver/Src/stm32f4xx_hal_dac_ex.o
 .debug_abbrev  0x00001b07      0x2c2 ./Drivers/STM32F4xx_HAL_Driver/Src/stm32f4xx_hal_dma.o
 .debug_abbrev  0x00001dc9      0x204 ./Drivers/STM32F4xx_HAL_Driver/Src/stm32f4xx_hal_gpio.o
 .debug_abbrev  0x00001fcd      0x2c8 ./Drivers/STM32F4xx_HAL_Driver/Src/stm32f4xx_hal_rcc.o
 .debug_abbrev  0x00002295      0x273 ./Drivers/STM32F4xx_HAL_Driver/Src/stm32f4xx_hal_tim.o
 .debug_abbrev  0x00002508      0x271 ./Drivers/STM32F4xx_HAL_Driver/Src/stm32f4xx_hal_tim_ex.o
 .debug_abbrev  0x00002779       0x24 ./System/Startup/startup_stm32f407zgtx.o
 .debug_abbrev  0x0000279d      0x120 ./System/system_stm32f4xx.o
 .debug_abbrev  0x000028bd       0x14 ./uC-CPU/ARM-Cortex-M/ARMv7-M/GNU/cpu_a.o
 .debug_abbrev  0x000028d1       0xdd ./uC-CPU/Cache/ARM/armv7m_generic_l1/cpu_cache_armv7m_generic_l1.o
 .debug_abbrev  0x000029ae      0x220 ./uC-CPU/cpu_core.o
 .debug_abbrev  0x00002bce      0x28c ./uC-LIB/lib_mem.o
 .debug_abbrev  0x00002e5a       0x14 ./uC-OS3/Ports/ARM-Cortex-M/ARMv7-M/GNU/os_cpu_a.o
 .debug_abbrev  0x00002e6e      0x294 ./uC-OS3/Ports/ARM-Cortex-M/ARMv7-M/os_cpu_c.o
 .debug_abbrev  0x00003102       0xd5 ./uC-OS3/Source/os_cfg_app.o
 .debug_abbrev  0x000031d7      0x29b ./uC-OS3/Source/os_core.o
 .debug_abbrev  0x00003472      0x108 ./uC-OS3/Source/os_dbg.o
 .debug_abbrev  0x0000357a      0x282 ./uC-OS3/Source/os_flag.o
 .debug_abbrev  0x000037fc      0x1da ./uC-OS3/Source/os_mem.o