../App/Src/stm32f4xx_hal_msp.c:71:6:HAL_MspInit	8	static
../App/Src/stm32f4xx_hal_msp.c:94:6:HAL_ADC_MspInit	56	static
../App/Src/stm32f4xx_hal_msp.c:154:6:HAL_ADC_MspDeInit	8	static
../App/Src/stm32f4xx_hal_msp.c:187:6:HAL_DAC_MspInit	48	static
../App/Src/stm32f4xx_hal_msp.c:259:6:HAL_DAC_MspDeInit	8	static
../App/Src/stm32f4xx_hal_msp.c:291:6:HAL_TIM_Base_MspInit	8	static
../App/Src/stm32f4xx_hal_msp.c:318:6:HAL_TIM_MspPostInit	40	static
../App/Src/stm32f4xx_hal_msp.c:350:6:HAL_TIM_Base_MspDeInit	0	static
