../uC-CPU/cpu_core.c:190:7:CPU_Init	8	static
../uC-CPU/cpu_core.c:231:7:CPU_SW_Exception	4	static
../uC-CPU/cpu_core.c:254:7:CPU_NameClr	16	static
../uC-CPU/cpu_core.c:293:7:CPU_NameGet	24	static
../uC-CPU/cpu_core.c:341:7:CPU_NameSet	24	static
../uC-CPU/cpu_core.c:1108:11:CPU_CntLeadZeros08	24	static
../uC-CPU/cpu_core.c:1168:11:CPU_CntLeadZeros16	24	static
../uC-CPU/cpu_core.c:1234:11:CPU_CntLeadZeros32	24	static
../uC-CPU/cpu_core.c:1314:11:CPU_CntLeadZeros64	24	static
../uC-CPU/cpu_core.c:1583:11:CPU_CntTrailZeros08	24	static
../uC-CPU/cpu_core.c:1682:11:CPU_CntTrailZeros16	24	static
../uC-CPU/cpu_core.c:1781:11:CPU_CntTrailZeros32	24	static
../uC-CPU/cpu_core.c:1880:11:CPU_CntTrailZeros64	48	static
../uC-CPU/cpu_core.c:1927:13:CPU_PopCnt32	32	static
../uC-CPU/cpu_core.c:1998:15:CPU_NameInit	8	static
