20:54:21 **** Incremental Build of configuration Release for project Controle-Cabo ****
make -j12 all 
arm-none-eabi-gcc "../App/Src/perifericos.c" -mcpu=cortex-m4 -std=gnu11 -DUSE_HAL_DRIVER -DSTM32F407xx -c -I"C:/Users/borto/Documents/GitHub/Controle-Cabo/Controle-Cabo/uC-CPU" -I"C:/Users/borto/Documents/GitHub/Controle-Cabo/Controle-Cabo/uC-CPU/ARM-Cortex-M/ARMv7-M/GNU" -I"C:/Users/borto/Documents/GitHub/Controle-Cabo/Controle-Cabo/uC-LIB" -I"C:/Users/borto/Documents/GitHub/Controle-Cabo/Controle-Cabo/uC-LIB/Ports/ARM-Cortex-M4/GNU" -I"C:/Users/borto/Documents/GitHub/Controle-Cabo/Controle-Cabo/uC-OS3/Ports/ARM-Cortex-M/ARMv7-M/GNU" -I"C:/Users/borto/Documents/GitHub/Controle-Cabo/Controle-Cabo/uC-OS3/Source" -I"C:/Users/borto/Documents/GitHub/Controle-Cabo/Controle-Cabo/App/Config" -I"C:/Users/borto/Documents/GitHub/Controle-Cabo/Controle-Cabo/App/Inc" -I"C:/Users/borto/Documents/GitHub/Controle-Cabo/Controle-Cabo/App/Src" -I"C:/Users/borto/Documents/GitHub/Controle-Cabo/Controle-Cabo/Drivers/CMSIS/Device/ST/STM32F4xx/Include" -I"C:/Users/borto/Documents/GitHub/Controle-Cabo/Controle-Cabo/Drivers/CMSIS/Include" -I"C:/Users/borto/Documents/GitHub/Controle-Cabo/Controle-Cabo/Drivers/STM32F4xx_HAL_Driver/Inc" -I"C:/Users/borto/Documents/GitHub/Controle-Cabo/Controle-Cabo/System" -I../Core/Inc -I../Drivers/STM32F4xx_HAL_Driver/Inc -I../Drivers/STM32F4xx_HAL_Driver/Inc/Legacy -I../Drivers/CMSIS/Device/ST/STM32F4xx/Include -I../Drivers/CMSIS/Include -O3 -ffunction-sections -fdata-sections -Wall -fstack-usage -fcyclomatic-complexity -MMD -MP -MF"App/Src/perifericos.d" -MT"App/Src/perifericos.o" --specs=nano.specs -mfpu=fpv4-sp-d16 -mfloat-abi=hard -mthumb -o "App/Src/perifericos.o"
arm-none-eabi-gcc -o "Controle-Cabo.elf" @"objects.list"   -mcpu=cortex-m4 -T"C:\Users\borto\Documents\GitHub\Controle-Cabo\Controle-Cabo\System\STM32F407ZGTX_FLASH.ld" --specs=nosys.specs -Wl,-Map="Controle-Cabo.map" -Wl,--gc-sections -static --specs=nano.specs -mfpu=fpv4-sp-d16 -mfloat-abi=hard -mthumb -Wl,--start-group -lc -lm -Wl,--end-group
Finished building target: Controle-Cabo.elf
 
arm-none-eabi-size  Controle-Cabo.elf 
arm-none-eabi-objdump -h -S Controle-Cabo.elf  > "Controle-Cabo.list"
   text	   data	    bss	    dec	    hex	filename
  22932	     12	   8816	  31760	   7c10	Controle-Cabo.elf
Finished building: default.size.stdout
 
Finished building: Controle-Cabo.list
 
