../uC-OS3/Source/os_core.c:48:7:OSInit	24	static
../uC-OS3/Source/os_core.c:263:7:OSIntEnter	4	static
../uC-OS3/Source/os_core.c:299:7:OSIntExit	16	static
../uC-OS3/Source/os_core.c:430:7:OSSched	16	static,ignoring_inline_asm
../uC-OS3/Source/os_core.c:540:7:OSSchedLock	24	static
../uC-OS3/Source/os_core.c:601:7:OSSchedUnlock	24	static
../uC-OS3/Source/os_core.c:670:7:OSSchedRoundRobinCfg	32	static
../uC-OS3/Source/os_core.c:724:7:OSSchedRoundRobinYield	32	static
../uC-OS3/Source/os_core.c:806:7:OSStart	24	static
../uC-OS3/Source/os_core.c:871:13:OSVersion	16	static
../uC-OS3/Source/os_core.c:907:7:OS_IdleTask	24	static
../uC-OS3/Source/os_core.c:949:7:OS_IdleTaskInit	56	static
../uC-OS3/Source/os_core.c:1005:7:OS_Pend	32	static
../uC-OS3/Source/os_core.c:1057:7:OS_PendAbort	24	static
../uC-OS3/Source/os_core.c:1138:7:OS_PendDbgNameAdd	24	static
../uC-OS3/Source/os_core.c:1168:7:OS_PendDbgNameRemove	24	static
../uC-OS3/Source/os_core.c:1208:7:OS_PendListChangePrio	24	static
../uC-OS3/Source/os_core.c:1240:7:OS_PendListInit	16	static
../uC-OS3/Source/os_core.c:1313:7:OS_PendListInsertPrio	24	static
../uC-OS3/Source/os_core.c:1412:7:OS_PendListRemove	32	static
../uC-OS3/Source/os_core.c:1477:7:OS_Post	24	static
../uC-OS3/Source/os_core.c:1600:7:OS_RdyListInit	16	static
../uC-OS3/Source/os_core.c:1636:7:OS_RdyListInsert	16	static
../uC-OS3/Source/os_core.c:1705:7:OS_RdyListInsertHead	24	static
../uC-OS3/Source/os_core.c:1790:7:OS_RdyListInsertTail	24	static
../uC-OS3/Source/os_core.c:1871:7:OS_RdyListMoveHeadToTail	32	static
../uC-OS3/Source/os_core.c:1951:7:OS_RdyListRemove	32	static
../uC-OS3/Source/os_core.c:2063:7:OS_SchedRoundRobin	24	static
../uC-OS3/Source/os_core.c:2137:7:OS_TaskBlock	16	static
