../uC-OS3/Source/os_core.c:907:7:OS_IdleTask	8	static
../uC-OS3/Source/os_core.c:263:7:OSIntEnter	0	static
../uC-OS3/Source/os_core.c:299:7:OSIntExit	8	static
../uC-OS3/Source/os_core.c:430:7:OSSched	8	static,ignoring_inline_asm
../uC-OS3/Source/os_core.c:540:7:OSSchedLock	8	static
../uC-OS3/Source/os_core.c:601:7:OSSchedUnlock	8	static
../uC-OS3/Source/os_core.c:670:7:OSSchedRoundRobinCfg	16	static
../uC-OS3/Source/os_core.c:806:7:OSStart	8	static
../uC-OS3/Source/os_core.c:871:13:OSVersion	0	static
../uC-OS3/Source/os_core.c:949:7:OS_IdleTaskInit	48	static
../uC-OS3/Source/os_core.c:1138:7:OS_PendDbgNameAdd	0	static
../uC-OS3/Source/os_core.c:1168:7:OS_PendDbgNameRemove	0	static
../uC-OS3/Source/os_core.c:1240:7:OS_PendListInit	0	static
../uC-OS3/Source/os_core.c:1313:7:OS_PendListInsertPrio	0	static
../uC-OS3/Source/os_core.c:1412:7:OS_PendListRemove	0	static
../uC-OS3/Source/os_core.c:1208:7:OS_PendListChangePrio	16	static
../uC-OS3/Source/os_core.c:1600:7:OS_RdyListInit	4	static
../uC-OS3/Source/os_core.c:48:7:OSInit	16	static
../uC-OS3/Source/os_core.c:1705:7:OS_RdyListInsertHead	8	static
../uC-OS3/Source/os_core.c:1790:7:OS_RdyListInsertTail	4	static
../uC-OS3/Source/os_core.c:1636:7:OS_RdyListInsert	8	static
../uC-OS3/Source/os_core.c:1057:7:OS_PendAbort	16	static
../uC-OS3/Source/os_core.c:1477:7:OS_Post	16	static
../uC-OS3/Source/os_core.c:1871:7:OS_RdyListMoveHeadToTail	4	static
../uC-OS3/Source/os_core.c:724:7:OSSchedRoundRobinYield	16	static
../uC-OS3/Source/os_core.c:1951:7:OS_RdyListRemove	16	static
../uC-OS3/Source/os_core.c:2063:7:OS_SchedRoundRobin	16	static
../uC-OS3/Source/os_core.c:2137:7:OS_TaskBlock	8	static
../uC-OS3/Source/os_core.c:1005:7:OS_Pend	16	static
