../uC-OS3/Source/os_mutex.c:891:7:OS_MutexClr	8	static
../uC-OS3/Source/os_mutex.c:924:7:OS_MutexDbgListAdd	0	static
../uC-OS3/Source/os_mutex.c:61:7:OSMutexCreate	24	static
../uC-OS3/Source/os_mutex.c:938:7:OS_MutexDbgListRemove	0	static
../uC-OS3/Source/os_mutex.c:986:7:OS_MutexGrpAdd	0	static
../uC-OS3/Source/os_mutex.c:355:7:OSMutexPend	24	static
../uC-OS3/Source/os_mutex.c:1011:7:OS_MutexGrpRemove	0	static
../uC-OS3/Source/os_mutex.c:1041:10:OS_MutexGrpPrioFindHighest	0	static
../uC-OS3/Source/os_mutex.c:169:13:OSMutexDel	32	static
../uC-OS3/Source/os_mutex.c:599:13:OSMutexPendAbort	48	static
../uC-OS3/Source/os_mutex.c:738:7:OSMutexPost	40	static
../uC-OS3/Source/os_mutex.c:1084:7:OS_MutexGrpPostAll	32	static
