../uC-OS3/Source/os_task.c:665:13:OSTaskQFlush	16	static
../uC-OS3/Source/os_task.c:754:8:OSTaskQPend	32	static
../uC-OS3/Source/os_task.c:950:14:OSTaskQPendAbort	24	static
../uC-OS3/Source/os_task.c:1067:7:OSTaskQPost	40	static
../uC-OS3/Source/os_task.c:1199:9:OSTaskRegGet	16	static
../uC-OS3/Source/os_task.c:1254:12:OSTaskRegGetID	16	static
../uC-OS3/Source/os_task.c:1312:7:OSTaskRegSet	24	static
../uC-OS3/Source/os_task.c:1371:7:OSTaskResume	16	static
../uC-OS3/Source/os_task.c:1514:13:OSTaskSemPend	24	static
../uC-OS3/Source/os_task.c:1719:14:OSTaskSemPendAbort	24	static
../uC-OS3/Source/os_task.c:1824:13:OSTaskSemPost	32	static
../uC-OS3/Source/os_task.c:1960:13:OSTaskSemSet	24	static
../uC-OS3/Source/os_task.c:2032:7:OSTaskStkChk	24	static
../uC-OS3/Source/os_task.c:2197:8:OSTaskSuspend	16	static
../uC-OS3/Source/os_task.c:2328:7:OSTaskTimeQuantaSet	16	static
../uC-OS3/Source/os_task.c:2384:7:OS_TaskDbgListAdd	0	static
../uC-OS3/Source/os_task.c:2398:7:OS_TaskDbgListRemove	0	static
../uC-OS3/Source/os_task.c:2445:7:OS_TaskInit	0	static
../uC-OS3/Source/os_task.c:2475:7:OS_TaskInitTCB	16	static
../uC-OS3/Source/os_task.c:223:7:OSTaskCreate	56	static
../uC-OS3/Source/os_task.c:2760:7:OS_TaskChangePrio	16	static
../uC-OS3/Source/os_task.c:62:7:OSTaskChangePrio	24	static
../uC-OS3/Source/os_task.c:483:7:OSTaskDel	24	static
../uC-OS3/Source/os_task.c:2635:7:OS_TaskReturn	16	static
