../uC-OS3/Source/os_task.c:62:7:OSTaskChangePrio	32	static
../uC-OS3/Source/os_task.c:223:7:OSTaskCreate	56	static
../uC-OS3/Source/os_task.c:483:7:OSTaskDel	32	static
../uC-OS3/Source/os_task.c:665:13:OSTaskQFlush	24	static
../uC-OS3/Source/os_task.c:754:8:OSTaskQPend	40	static
../uC-OS3/Source/os_task.c:950:14:OSTaskQPendAbort	32	static
../uC-OS3/Source/os_task.c:1067:7:OSTaskQPost	40	static
../uC-OS3/Source/os_task.c:1199:9:OSTaskRegGet	32	static
../uC-OS3/Source/os_task.c:1254:12:OSTaskRegGetID	24	static
../uC-OS3/Source/os_task.c:1312:7:OSTaskRegSet	32	static
../uC-OS3/Source/os_task.c:1371:7:OSTaskResume	24	static
../uC-OS3/Source/os_task.c:1514:13:OSTaskSemPend	32	static
../uC-OS3/Source/os_task.c:1719:14:OSTaskSemPendAbort	32	static
../uC-OS3/Source/os_task.c:1824:13:OSTaskSemPost	48	static
../uC-OS3/Source/os_task.c:1960:13:OSTaskSemSet	32	static
../uC-OS3/Source/os_task.c:2032:7:OSTaskStkChk	40	static
../uC-OS3/Source/os_task.c:2197:8:OSTaskSuspend	24	static
../uC-OS3/Source/os_task.c:2384:7:OS_TaskDbgListAdd	16	static
../uC-OS3/Source/os_task.c:2398:7:OS_TaskDbgListRemove	24	static
../uC-OS3/Source/os_task.c:2445:7:OS_TaskInit	16	static
../uC-OS3/Source/os_task.c:2475:7:OS_TaskInitTCB	24	static
../uC-OS3/Source/os_task.c:2635:7:OS_TaskReturn	16	static
../uC-OS3/Source/os_task.c:2760:7:OS_TaskChangePrio	24	static
