../uC-OS3/Source/os_tmr.c:1477:15:OS_TmrLock	24	static
../uC-OS3/Source/os_tmr.c:1486:15:OS_TmrUnlock	16	static
../uC-OS3/Source/os_tmr.c:1509:15:OS_TmrCondCreate	8	static
../uC-OS3/Source/os_tmr.c:1629:15:OS_TmrCondSignal	16	static
../uC-OS3/Source/os_tmr.c:1541:15:OS_TmrCondWait	32	static
../uC-OS3/Source/os_tmr.c:370:10:OSTmrRemainGet	16	static
../uC-OS3/Source/os_tmr.c:508:7:OSTmrSet	24	static
../uC-OS3/Source/os_tmr.c:749:11:OSTmrStateGet	16	static
../uC-OS3/Source/os_tmr.c:991:7:OS_TmrClr	0	static
../uC-OS3/Source/os_tmr.c:1027:7:OS_TmrDbgListAdd	0	static
../uC-OS3/Source/os_tmr.c:101:7:OSTmrCreate	24	static
../uC-OS3/Source/os_tmr.c:1041:7:OS_TmrDbgListRemove	0	static
../uC-OS3/Source/os_tmr.c:1091:7:OS_TmrInit	48	static
../uC-OS3/Source/os_tmr.c:1175:6:OS_TmrLink	24	static
../uC-OS3/Source/os_tmr.c:1269:7:OS_TmrUnlink	16	static
../uC-OS3/Source/os_tmr.c:238:14:OSTmrDel	24	static
../uC-OS3/Source/os_tmr.c:618:14:OSTmrStart	24	static
../uC-OS3/Source/os_tmr.c:854:14:OSTmrStop	32	static
../uC-OS3/Source/os_tmr.c:1360:7:OS_TmrTask	8	static
